<?xml version="1.0" encoding="ISO-8859-1" ?>
<link_info>
   <banner>MSP430 Linker PC v18.1.2.LTS</banner>
   <copyright>Copyright (c) 2003-2017 Texas Instruments Incorporated</copyright>
   <link_time>0x5bf09579</link_time>
   <link_errors>0x0</link_errors>
   <output_file>work_02.out</output_file>
   <entry_point>
      <name>_c_int00_noargs</name>
      <address>0x362c</address>
   </entry_point>
   <input_file_list>
      <input_file id="fl-2">
         <path>.\</path>
         <kind>object</kind>
         <file>GUI.obj</file>
         <name>GUI.obj</name>
      </input_file>
      <input_file id="fl-3">
         <path>.\</path>
         <kind>object</kind>
         <file>I2C_reg.obj</file>
         <name>I2C_reg.obj</name>
      </input_file>
      <input_file id="fl-4">
         <path>.\</path>
         <kind>object</kind>
         <file>MPU6050.obj</file>
         <name>MPU6050.obj</name>
      </input_file>
      <input_file id="fl-5">
         <path>.\</path>
         <kind>object</kind>
         <file>TFT.obj</file>
         <name>TFT.obj</name>
      </input_file>
      <input_file id="fl-6">
         <path>.\</path>
         <kind>object</kind>
         <file>Touch.obj</file>
         <name>Touch.obj</name>
      </input_file>
      <input_file id="fl-7">
         <path>.\</path>
         <kind>object</kind>
         <file>interrupt.obj</file>
         <name>interrupt.obj</name>
      </input_file>
      <input_file id="fl-8">
         <path>.\</path>
         <kind>object</kind>
         <file>main.obj</file>
         <name>main.obj</name>
      </input_file>
      <input_file id="fl-9">
         <path>.\</path>
         <kind>object</kind>
         <file>timeConfig.obj</file>
         <name>timeConfig.obj</name>
      </input_file>
      <input_file id="fl-e">
         <kind>object</kind>
         <file>&lt;internal&gt;</file>
         <name>&lt;internal&gt;</name>
      </input_file>
      <input_file id="fl-24">
         <path>C:\ti\ccsv8\tools\compiler\ti-cgt-msp430_18.1.2.LTS\lib\</path>
         <kind>archive</kind>
         <file>rts430_eabi.lib</file>
         <name>div16s.asm.obj</name>
      </input_file>
      <input_file id="fl-25">
         <path>C:\ti\ccsv8\tools\compiler\ti-cgt-msp430_18.1.2.LTS\lib\</path>
         <kind>archive</kind>
         <file>rts430_eabi.lib</file>
         <name>div16u.asm.obj</name>
      </input_file>
      <input_file id="fl-26">
         <path>C:\ti\ccsv8\tools\compiler\ti-cgt-msp430_18.1.2.LTS\lib\</path>
         <kind>archive</kind>
         <file>rts430_eabi.lib</file>
         <name>epilog.asm.obj</name>
      </input_file>
      <input_file id="fl-27">
         <path>C:\ti\ccsv8\tools\compiler\ti-cgt-msp430_18.1.2.LTS\lib\</path>
         <kind>archive</kind>
         <file>rts430_eabi.lib</file>
         <name>int00.asm.obj</name>
      </input_file>
      <input_file id="fl-28">
         <path>C:\ti\ccsv8\tools\compiler\ti-cgt-msp430_18.1.2.LTS\lib\</path>
         <kind>archive</kind>
         <file>rts430_eabi.lib</file>
         <name>int01.asm.obj</name>
      </input_file>
      <input_file id="fl-29">
         <path>C:\ti\ccsv8\tools\compiler\ti-cgt-msp430_18.1.2.LTS\lib\</path>
         <kind>archive</kind>
         <file>rts430_eabi.lib</file>
         <name>int02.asm.obj</name>
      </input_file>
      <input_file id="fl-2a">
         <path>C:\ti\ccsv8\tools\compiler\ti-cgt-msp430_18.1.2.LTS\lib\</path>
         <kind>archive</kind>
         <file>rts430_eabi.lib</file>
         <name>int03.asm.obj</name>
      </input_file>
      <input_file id="fl-2b">
         <path>C:\ti\ccsv8\tools\compiler\ti-cgt-msp430_18.1.2.LTS\lib\</path>
         <kind>archive</kind>
         <file>rts430_eabi.lib</file>
         <name>int05.asm.obj</name>
      </input_file>
      <input_file id="fl-2c">
         <path>C:\ti\ccsv8\tools\compiler\ti-cgt-msp430_18.1.2.LTS\lib\</path>
         <kind>archive</kind>
         <file>rts430_eabi.lib</file>
         <name>int06.asm.obj</name>
      </input_file>
      <input_file id="fl-2d">
         <path>C:\ti\ccsv8\tools\compiler\ti-cgt-msp430_18.1.2.LTS\lib\</path>
         <kind>archive</kind>
         <file>rts430_eabi.lib</file>
         <name>int07.asm.obj</name>
      </input_file>
      <input_file id="fl-2e">
         <path>C:\ti\ccsv8\tools\compiler\ti-cgt-msp430_18.1.2.LTS\lib\</path>
         <kind>archive</kind>
         <file>rts430_eabi.lib</file>
         <name>int08.asm.obj</name>
      </input_file>
      <input_file id="fl-2f">
         <path>C:\ti\ccsv8\tools\compiler\ti-cgt-msp430_18.1.2.LTS\lib\</path>
         <kind>archive</kind>
         <file>rts430_eabi.lib</file>
         <name>int09.asm.obj</name>
      </input_file>
      <input_file id="fl-30">
         <path>C:\ti\ccsv8\tools\compiler\ti-cgt-msp430_18.1.2.LTS\lib\</path>
         <kind>archive</kind>
         <file>rts430_eabi.lib</file>
         <name>int10.asm.obj</name>
      </input_file>
      <input_file id="fl-31">
         <path>C:\ti\ccsv8\tools\compiler\ti-cgt-msp430_18.1.2.LTS\lib\</path>
         <kind>archive</kind>
         <file>rts430_eabi.lib</file>
         <name>int11.asm.obj</name>
      </input_file>
      <input_file id="fl-32">
         <path>C:\ti\ccsv8\tools\compiler\ti-cgt-msp430_18.1.2.LTS\lib\</path>
         <kind>archive</kind>
         <file>rts430_eabi.lib</file>
         <name>int12.asm.obj</name>
      </input_file>
      <input_file id="fl-33">
         <path>C:\ti\ccsv8\tools\compiler\ti-cgt-msp430_18.1.2.LTS\lib\</path>
         <kind>archive</kind>
         <file>rts430_eabi.lib</file>
         <name>int13.asm.obj</name>
      </input_file>
      <input_file id="fl-34">
         <path>C:\ti\ccsv8\tools\compiler\ti-cgt-msp430_18.1.2.LTS\lib\</path>
         <kind>archive</kind>
         <file>rts430_eabi.lib</file>
         <name>int14.asm.obj</name>
      </input_file>
      <input_file id="fl-35">
         <path>C:\ti\ccsv8\tools\compiler\ti-cgt-msp430_18.1.2.LTS\lib\</path>
         <kind>archive</kind>
         <file>rts430_eabi.lib</file>
         <name>isr_trap.asm.obj</name>
      </input_file>
      <input_file id="fl-36">
         <path>C:\ti\ccsv8\tools\compiler\ti-cgt-msp430_18.1.2.LTS\lib\</path>
         <kind>archive</kind>
         <file>rts430_eabi.lib</file>
         <name>lsl16.asm.obj</name>
      </input_file>
      <input_file id="fl-37">
         <path>C:\ti\ccsv8\tools\compiler\ti-cgt-msp430_18.1.2.LTS\lib\</path>
         <kind>archive</kind>
         <file>rts430_eabi.lib</file>
         <name>lsr16.asm.obj</name>
      </input_file>
      <input_file id="fl-38">
         <path>C:\ti\ccsv8\tools\compiler\ti-cgt-msp430_18.1.2.LTS\lib\</path>
         <kind>archive</kind>
         <file>rts430_eabi.lib</file>
         <name>mult16.asm.obj</name>
      </input_file>
      <input_file id="fl-39">
         <path>C:\ti\ccsv8\tools\compiler\ti-cgt-msp430_18.1.2.LTS\lib\</path>
         <kind>archive</kind>
         <file>rts430_eabi.lib</file>
         <name>mult16_hw.asm.obj</name>
      </input_file>
      <input_file id="fl-3a">
         <path>C:\ti\ccsv8\tools\compiler\ti-cgt-msp430_18.1.2.LTS\lib\</path>
         <kind>archive</kind>
         <file>rts430_eabi.lib</file>
         <name>mult1632_hw.asm.obj</name>
      </input_file>
      <input_file id="fl-3b">
         <path>C:\ti\ccsv8\tools\compiler\ti-cgt-msp430_18.1.2.LTS\lib\</path>
         <kind>archive</kind>
         <file>rts430_eabi.lib</file>
         <name>mult32_hw.asm.obj</name>
      </input_file>
      <input_file id="fl-3c">
         <path>C:\ti\ccsv8\tools\compiler\ti-cgt-msp430_18.1.2.LTS\lib\</path>
         <kind>archive</kind>
         <file>rts430_eabi.lib</file>
         <name>mult3264_hw.asm.obj</name>
      </input_file>
      <input_file id="fl-3d">
         <path>C:\ti\ccsv8\tools\compiler\ti-cgt-msp430_18.1.2.LTS\lib\</path>
         <kind>archive</kind>
         <file>rts430_eabi.lib</file>
         <name>mult64_hw.asm.obj</name>
      </input_file>
      <input_file id="fl-3e">
         <path>C:\ti\ccsv8\tools\compiler\ti-cgt-msp430_18.1.2.LTS\lib\</path>
         <kind>archive</kind>
         <file>rts430_eabi.lib</file>
         <name>boot.c.obj</name>
      </input_file>
      <input_file id="fl-3f">
         <path>C:\ti\ccsv8\tools\compiler\ti-cgt-msp430_18.1.2.LTS\lib\</path>
         <kind>archive</kind>
         <file>rts430_eabi.lib</file>
         <name>autoinit.c.obj</name>
      </input_file>
      <input_file id="fl-40">
         <path>C:\ti\ccsv8\tools\compiler\ti-cgt-msp430_18.1.2.LTS\lib\</path>
         <kind>archive</kind>
         <file>rts430_eabi.lib</file>
         <name>copy_zero_init.c.obj</name>
      </input_file>
      <input_file id="fl-41">
         <path>C:\ti\ccsv8\tools\compiler\ti-cgt-msp430_18.1.2.LTS\lib\</path>
         <kind>archive</kind>
         <file>rts430_eabi.lib</file>
         <name>cpy_tbl.c.obj</name>
      </input_file>
      <input_file id="fl-42">
         <path>C:\ti\ccsv8\tools\compiler\ti-cgt-msp430_18.1.2.LTS\lib\</path>
         <kind>archive</kind>
         <file>rts430_eabi.lib</file>
         <name>mpu_init.c.obj</name>
      </input_file>
      <input_file id="fl-43">
         <path>C:\ti\ccsv8\tools\compiler\ti-cgt-msp430_18.1.2.LTS\lib\</path>
         <kind>archive</kind>
         <file>rts430_eabi.lib</file>
         <name>lsr64.c.obj</name>
      </input_file>
      <input_file id="fl-44">
         <path>C:\ti\ccsv8\tools\compiler\ti-cgt-msp430_18.1.2.LTS\lib\</path>
         <kind>archive</kind>
         <file>rts430_eabi.lib</file>
         <name>pre_init.c.obj</name>
      </input_file>
      <input_file id="fl-45">
         <path>C:\ti\ccsv8\tools\compiler\ti-cgt-msp430_18.1.2.LTS\lib\</path>
         <kind>archive</kind>
         <file>rts430_eabi.lib</file>
         <name>startup.c.obj</name>
      </input_file>
      <input_file id="fl-46">
         <path>C:\ti\ccsv8\tools\compiler\ti-cgt-msp430_18.1.2.LTS\lib\</path>
         <kind>archive</kind>
         <file>rts430_eabi.lib</file>
         <name>copy_decompress_none.c.obj</name>
      </input_file>
      <input_file id="fl-47">
         <path>C:\ti\ccsv8\tools\compiler\ti-cgt-msp430_18.1.2.LTS\lib\</path>
         <kind>archive</kind>
         <file>rts430_eabi.lib</file>
         <name>copy_decompress_lzss.c.obj</name>
      </input_file>
      <input_file id="fl-48">
         <path>C:\ti\ccsv8\tools\compiler\ti-cgt-msp430_18.1.2.LTS\lib\</path>
         <kind>archive</kind>
         <file>rts430_eabi.lib</file>
         <name>divd.c.obj</name>
      </input_file>
      <input_file id="fl-49">
         <path>C:\ti\ccsv8\tools\compiler\ti-cgt-msp430_18.1.2.LTS\lib\</path>
         <kind>archive</kind>
         <file>rts430_eabi.lib</file>
         <name>fixdu.c.obj</name>
      </input_file>
      <input_file id="fl-4a">
         <path>C:\ti\ccsv8\tools\compiler\ti-cgt-msp430_18.1.2.LTS\lib\</path>
         <kind>archive</kind>
         <file>rts430_eabi.lib</file>
         <name>fixdul.c.obj</name>
      </input_file>
      <input_file id="fl-4b">
         <path>C:\ti\ccsv8\tools\compiler\ti-cgt-msp430_18.1.2.LTS\lib\</path>
         <kind>archive</kind>
         <file>rts430_eabi.lib</file>
         <name>fltud.c.obj</name>
      </input_file>
      <input_file id="fl-4c">
         <path>C:\ti\ccsv8\tools\compiler\ti-cgt-msp430_18.1.2.LTS\lib\</path>
         <kind>archive</kind>
         <file>rts430_eabi.lib</file>
         <name>fltuld.c.obj</name>
      </input_file>
      <input_file id="fl-4d">
         <path>C:\ti\ccsv8\tools\compiler\ti-cgt-msp430_18.1.2.LTS\lib\</path>
         <kind>archive</kind>
         <file>rts430_eabi.lib</file>
         <name>frcdivd.c.obj</name>
      </input_file>
      <input_file id="fl-4e">
         <path>C:\ti\ccsv8\tools\compiler\ti-cgt-msp430_18.1.2.LTS\lib\</path>
         <kind>archive</kind>
         <file>rts430_eabi.lib</file>
         <name>mpyd.c.obj</name>
      </input_file>
      <input_file id="fl-4f">
         <path>C:\ti\ccsv8\tools\compiler\ti-cgt-msp430_18.1.2.LTS\lib\</path>
         <kind>archive</kind>
         <file>rts430_eabi.lib</file>
         <name>exit.c.obj</name>
      </input_file>
      <input_file id="fl-50">
         <path>C:\ti\ccsv8\tools\compiler\ti-cgt-msp430_18.1.2.LTS\lib\</path>
         <kind>archive</kind>
         <file>rts430_eabi.lib</file>
         <name>_lock.c.obj</name>
      </input_file>
      <input_file id="fl-51">
         <path>C:\ti\ccsv8\tools\compiler\ti-cgt-msp430_18.1.2.LTS\lib\</path>
         <kind>archive</kind>
         <file>rts430_eabi.lib</file>
         <name>args_main.c.obj</name>
      </input_file>
      <input_file id="fl-52">
         <path>C:\ti\ccsv8\tools\compiler\ti-cgt-msp430_18.1.2.LTS\lib\</path>
         <kind>archive</kind>
         <file>rts430_eabi.lib</file>
         <name>memcpy.c.obj</name>
      </input_file>
      <input_file id="fl-53">
         <path>C:\ti\ccsv8\tools\compiler\ti-cgt-msp430_18.1.2.LTS\lib\</path>
         <kind>archive</kind>
         <file>rts430_eabi.lib</file>
         <name>abs.c.obj</name>
      </input_file>
      <input_file id="fl-54">
         <path>C:\ti\ccsv8\tools\compiler\ti-cgt-msp430_18.1.2.LTS\lib\</path>
         <kind>archive</kind>
         <file>rts430_eabi.lib</file>
         <name>asr16.asm.obj</name>
      </input_file>
      <input_file id="fl-55">
         <path>C:\ti\ccsv8\tools\compiler\ti-cgt-msp430_18.1.2.LTS\lib\</path>
         <kind>archive</kind>
         <file>rts430_eabi.lib</file>
         <name>asr32.asm.obj</name>
      </input_file>
      <input_file id="fl-56">
         <path>C:\ti\ccsv8\tools\compiler\ti-cgt-msp430_18.1.2.LTS\lib\</path>
         <kind>archive</kind>
         <file>rts430_eabi.lib</file>
         <name>lsl32.asm.obj</name>
      </input_file>
      <input_file id="fl-57">
         <path>C:\ti\ccsv8\tools\compiler\ti-cgt-msp430_18.1.2.LTS\lib\</path>
         <kind>archive</kind>
         <file>rts430_eabi.lib</file>
         <name>lsr32.asm.obj</name>
      </input_file>
      <input_file id="fl-58">
         <path>C:\ti\ccsv8\tools\compiler\ti-cgt-msp430_18.1.2.LTS\lib\</path>
         <kind>archive</kind>
         <file>rts430_eabi.lib</file>
         <name>mult32.asm.obj</name>
      </input_file>
      <input_file id="fl-59">
         <path>C:\ti\ccsv8\tools\compiler\ti-cgt-msp430_18.1.2.LTS\lib\</path>
         <kind>archive</kind>
         <file>rts430_eabi.lib</file>
         <name>exit_gvars.c.obj</name>
      </input_file>
      <input_file id="fl-5a">
         <path>C:\ti\ccsv8\tools\compiler\ti-cgt-msp430_18.1.2.LTS\lib\</path>
         <kind>archive</kind>
         <file>rts430_eabi.lib</file>
         <name>frcmpyd.c.obj</name>
      </input_file>
   </input_file_list>
   <object_component_list>
      <object_component id="oc-34c">
         <name>.common:ltx</name>
         <uninitialized>true</uninitialized>
         <run_address>0x258</run_address>
         <size>0x2</size>
      </object_component>
      <object_component id="oc-34d">
         <name>.common:lty</name>
         <uninitialized>true</uninitialized>
         <run_address>0x25a</run_address>
         <size>0x2</size>
      </object_component>
      <object_component id="oc-281">
         <name>.common:LCD_X</name>
         <uninitialized>true</uninitialized>
         <run_address>0x254</run_address>
         <size>0x2</size>
      </object_component>
      <object_component id="oc-284">
         <name>.common:LCD_Y</name>
         <uninitialized>true</uninitialized>
         <run_address>0x256</run_address>
         <size>0x2</size>
      </object_component>
      <object_component id="oc-28e">
         <name>.common:Button_11</name>
         <uninitialized>true</uninitialized>
         <run_address>0x25c</run_address>
         <size>0x1</size>
      </object_component>
      <object_component id="oc-292">
         <name>.common:Button_12</name>
         <uninitialized>true</uninitialized>
         <run_address>0x25d</run_address>
         <size>0x1</size>
      </object_component>
      <object_component id="oc-296">
         <name>.common:Button_13</name>
         <uninitialized>true</uninitialized>
         <run_address>0x25e</run_address>
         <size>0x1</size>
      </object_component>
      <object_component id="oc-28d">
         <name>.common:Button_21</name>
         <uninitialized>true</uninitialized>
         <run_address>0x25f</run_address>
         <size>0x1</size>
      </object_component>
      <object_component id="oc-291">
         <name>.common:Button_22</name>
         <uninitialized>true</uninitialized>
         <run_address>0x260</run_address>
         <size>0x1</size>
      </object_component>
      <object_component id="oc-295">
         <name>.common:Button_23</name>
         <uninitialized>true</uninitialized>
         <run_address>0x261</run_address>
         <size>0x1</size>
      </object_component>
      <object_component id="oc-28c">
         <name>.common:Button_31</name>
         <uninitialized>true</uninitialized>
         <run_address>0x262</run_address>
         <size>0x1</size>
      </object_component>
      <object_component id="oc-290">
         <name>.common:Button_32</name>
         <uninitialized>true</uninitialized>
         <run_address>0x263</run_address>
         <size>0x1</size>
      </object_component>
      <object_component id="oc-294">
         <name>.common:Button_33</name>
         <uninitialized>true</uninitialized>
         <run_address>0x264</run_address>
         <size>0x1</size>
      </object_component>
      <object_component id="oc-285">
         <name>.common:Button_41</name>
         <uninitialized>true</uninitialized>
         <run_address>0x265</run_address>
         <size>0x1</size>
      </object_component>
      <object_component id="oc-28f">
         <name>.common:Button_42</name>
         <uninitialized>true</uninitialized>
         <run_address>0x266</run_address>
         <size>0x1</size>
      </object_component>
      <object_component id="oc-293">
         <name>.common:Button_43</name>
         <uninitialized>true</uninitialized>
         <run_address>0x267</run_address>
         <size>0x1</size>
      </object_component>
      <object_component id="oc-333">
         <name>.common:coordinate</name>
         <uninitialized>true</uninitialized>
         <run_address>0x250</run_address>
         <size>0x4</size>
      </object_component>
      <object_component id="oc-1fc">
         <name>.common:pausedNums</name>
         <uninitialized>true</uninitialized>
         <run_address>0x248</run_address>
         <size>0x8</size>
      </object_component>
      <object_component id="oc-274">
         <name>.common:startAngle</name>
         <uninitialized>true</uninitialized>
         <run_address>0x230</run_address>
         <size>0xc</size>
      </object_component>
      <object_component id="oc-275">
         <name>.common:endAngle</name>
         <uninitialized>true</uninitialized>
         <run_address>0x224</run_address>
         <size>0xc</size>
      </object_component>
      <object_component id="oc-276">
         <name>.common:type</name>
         <uninitialized>true</uninitialized>
         <run_address>0x23c</run_address>
         <size>0xc</size>
      </object_component>
      <object_component id="oc-277">
         <name>.common:deep</name>
         <uninitialized>true</uninitialized>
         <run_address>0x218</run_address>
         <size>0xc</size>
      </object_component>
      <object_component id="oc-278">
         <name>.common:X_s</name>
         <uninitialized>true</uninitialized>
         <run_address>0x20c</run_address>
         <size>0xc</size>
      </object_component>
      <object_component id="oc-279">
         <name>.common:X_e</name>
         <uninitialized>true</uninitialized>
         <run_address>0x200</run_address>
         <size>0xc</size>
      </object_component>
      <object_component id="oc-2a5">
         <name>.common:tmpStartAngle</name>
         <uninitialized>true</uninitialized>
         <run_address>0x26a</run_address>
         <size>0x1</size>
      </object_component>
      <object_component id="oc-2a7">
         <name>.common:tmpEndAngle</name>
         <uninitialized>true</uninitialized>
         <run_address>0x269</run_address>
         <size>0x1</size>
      </object_component>
      <object_component id="oc-2a9">
         <name>.common:tmpType</name>
         <uninitialized>true</uninitialized>
         <run_address>0x26b</run_address>
         <size>0x1</size>
      </object_component>
      <object_component id="oc-2a8">
         <name>.common:tmpDeep</name>
         <uninitialized>true</uninitialized>
         <run_address>0x268</run_address>
         <size>0x1</size>
      </object_component>
      <object_component id="oc-2a4">
         <name>.common:tmpX_s</name>
         <uninitialized>true</uninitialized>
         <run_address>0x26d</run_address>
         <size>0x1</size>
      </object_component>
      <object_component id="oc-2a6">
         <name>.common:tmpX_e</name>
         <uninitialized>true</uninitialized>
         <run_address>0x26c</run_address>
         <size>0x1</size>
      </object_component>
      <object_component id="oc-25d">
         <name>.data</name>
         <load_address>0x27a</load_address>
         <run_address>0x27a</run_address>
         <size>0x2</size>
         <input_file_ref idref="fl-5"/>
      </object_component>
      <object_component id="oc-205">
         <name>.data:angle90</name>
         <load_address>0x26e</load_address>
         <run_address>0x26e</run_address>
         <size>0x6</size>
         <input_file_ref idref="fl-8"/>
      </object_component>
      <object_component id="oc-1ee">
         <name>.data</name>
         <load_address>0x274</load_address>
         <run_address>0x274</run_address>
         <size>0x6</size>
         <input_file_ref idref="fl-8"/>
      </object_component>
      <object_component id="oc-f5">
         <name>.stack</name>
         <uninitialized>true</uninitialized>
         <run_address>0x9b0</run_address>
         <size>0x2</size>
         <input_file_ref idref="fl-3e"/>
      </object_component>
      <object_component id="oc-443">
         <name>.stack</name>
         <uninitialized>true</uninitialized>
         <run_address>0x9b0</run_address>
         <size>0x0</size>
      </object_component>
      <object_component id="oc-1e2">
         <name>.text:Detect_TP</name>
         <load_address>0x1100</load_address>
         <run_address>0x1100</run_address>
         <size>0x5dc</size>
         <input_file_ref idref="fl-6"/>
      </object_component>
      <object_component id="oc-3b4">
         <name>.text:__TI_frcdivd</name>
         <load_address>0x16dc</load_address>
         <run_address>0x16dc</run_address>
         <size>0x478</size>
         <input_file_ref idref="fl-4d"/>
      </object_component>
      <object_component id="oc-1e8">
         <name>.text:findNum</name>
         <load_address>0x1b54</load_address>
         <run_address>0x1b54</run_address>
         <size>0x306</size>
         <input_file_ref idref="fl-8"/>
      </object_component>
      <object_component id="oc-1d0">
         <name>.text:TFT_Initial</name>
         <load_address>0x1e5a</load_address>
         <run_address>0x1e5a</run_address>
         <size>0x2dc</size>
         <input_file_ref idref="fl-5"/>
      </object_component>
      <object_component id="oc-3a7">
         <name>.text:__TI_frcmpyd</name>
         <load_address>0x2136</load_address>
         <run_address>0x2136</run_address>
         <size>0x286</size>
         <input_file_ref idref="fl-5a"/>
      </object_component>
      <object_component id="oc-33a">
         <name>.text:__mspabi_mpyd</name>
         <load_address>0x23bc</load_address>
         <run_address>0x23bc</run_address>
         <size>0x26e</size>
         <input_file_ref idref="fl-4e"/>
      </object_component>
      <object_component id="oc-340">
         <name>.text:__mspabi_divd</name>
         <load_address>0x262a</load_address>
         <run_address>0x262a</run_address>
         <size>0x238</size>
         <input_file_ref idref="fl-48"/>
      </object_component>
      <object_component id="oc-190">
         <name>.text:main</name>
         <load_address>0x2862</load_address>
         <run_address>0x2862</run_address>
         <size>0x11c</size>
         <input_file_ref idref="fl-8"/>
      </object_component>
      <object_component id="oc-1dc">
         <name>.text:Init_Data</name>
         <load_address>0x297e</load_address>
         <run_address>0x297e</run_address>
         <size>0x10e</size>
         <input_file_ref idref="fl-8"/>
      </object_component>
      <object_component id="oc-27b">
         <name>.text:Getpix</name>
         <load_address>0x2a8c</load_address>
         <run_address>0x2a8c</run_address>
         <size>0xf0</size>
         <input_file_ref idref="fl-6"/>
      </object_component>
      <object_component id="oc-1d6">
         <name>.text:DisplayDesk</name>
         <load_address>0x2b7c</load_address>
         <run_address>0x2b7c</run_address>
         <size>0xec</size>
         <input_file_ref idref="fl-2"/>
      </object_component>
      <object_component id="oc-26d">
         <name>.text:GUIline</name>
         <load_address>0x2c68</load_address>
         <run_address>0x2c68</run_address>
         <size>0xbe</size>
         <input_file_ref idref="fl-2"/>
      </object_component>
      <object_component id="oc-39b">
         <name>.text:__mspabi_fltuld</name>
         <load_address>0x2d26</load_address>
         <run_address>0x2d26</run_address>
         <size>0x8a</size>
         <input_file_ref idref="fl-4c"/>
      </object_component>
      <object_component id="oc-286">
         <name>.text:GUIsquare2pix</name>
         <load_address>0x2db0</load_address>
         <run_address>0x2db0</run_address>
         <size>0x7c</size>
         <input_file_ref idref="fl-2"/>
      </object_component>
      <object_component id="oc-33">
         <name>.text:decompress:lzss:__TI_decompress_lzss</name>
         <load_address>0x2e2c</load_address>
         <run_address>0x2e2c</run_address>
         <size>0x7c</size>
         <input_file_ref idref="fl-47"/>
      </object_component>
      <object_component id="oc-3bc">
         <name>.text:__mspabi_fixdul</name>
         <load_address>0x2ea8</load_address>
         <run_address>0x2ea8</run_address>
         <size>0x74</size>
         <input_file_ref idref="fl-4a"/>
      </object_component>
      <object_component id="oc-29e">
         <name>.text:selectData</name>
         <load_address>0x2f1c</load_address>
         <run_address>0x2f1c</run_address>
         <size>0x74</size>
         <input_file_ref idref="fl-8"/>
      </object_component>
      <object_component id="oc-1f6">
         <name>.text:displayNums</name>
         <load_address>0x2f90</load_address>
         <run_address>0x2f90</run_address>
         <size>0x66</size>
         <input_file_ref idref="fl-5"/>
      </object_component>
      <object_component id="oc-2c6">
         <name>.text:IICRead</name>
         <load_address>0x2ff6</load_address>
         <run_address>0x2ff6</run_address>
         <size>0x5c</size>
         <input_file_ref idref="fl-3"/>
      </object_component>
      <object_component id="oc-3d8">
         <name>.text:l_lsr_const</name>
         <load_address>0x3052</load_address>
         <run_address>0x3052</run_address>
         <size>0x5c</size>
         <input_file_ref idref="fl-57"/>
      </object_component>
      <object_component id="oc-2b4">
         <name>.text:LCD_SetPos</name>
         <load_address>0x30ae</load_address>
         <run_address>0x30ae</run_address>
         <size>0x58</size>
         <input_file_ref idref="fl-5"/>
      </object_component>
      <object_component id="oc-32d">
         <name>.text:pix_filter</name>
         <load_address>0x3106</load_address>
         <run_address>0x3106</run_address>
         <size>0x54</size>
         <input_file_ref idref="fl-6"/>
      </object_component>
      <object_component id="oc-327">
         <name>.text:AD7843</name>
         <load_address>0x315a</load_address>
         <run_address>0x315a</run_address>
         <size>0x4e</size>
         <input_file_ref idref="fl-6"/>
      </object_component>
      <object_component id="oc-fe">
         <name>.text</name>
         <load_address>0x31a8</load_address>
         <run_address>0x31a8</run_address>
         <size>0x4c</size>
         <input_file_ref idref="fl-37"/>
      </object_component>
      <object_component id="oc-254">
         <name>.text:IICWrite</name>
         <load_address>0x31f4</load_address>
         <run_address>0x31f4</run_address>
         <size>0x4a</size>
         <input_file_ref idref="fl-3"/>
      </object_component>
      <object_component id="oc-1be">
         <name>.text:MPU6050_Init</name>
         <load_address>0x323e</load_address>
         <run_address>0x323e</run_address>
         <size>0x4a</size>
         <input_file_ref idref="fl-4"/>
      </object_component>
      <object_component id="oc-267">
         <name>.text:CLR_Screen</name>
         <load_address>0x3288</load_address>
         <run_address>0x3288</run_address>
         <size>0x42</size>
         <input_file_ref idref="fl-2"/>
      </object_component>
      <object_component id="oc-21a">
         <name>.text:__TI_auto_init_nobinit_nopinit:__TI_auto_init_nobinit_nopinit</name>
         <load_address>0x32ca</load_address>
         <run_address>0x32ca</run_address>
         <size>0x42</size>
         <input_file_ref idref="fl-3f"/>
      </object_component>
      <object_component id="oc-3e0">
         <name>.text:l_asr_const</name>
         <load_address>0x330c</load_address>
         <run_address>0x330c</run_address>
         <size>0x3e</size>
         <input_file_ref idref="fl-55"/>
      </object_component>
      <object_component id="oc-3d3">
         <name>.text:l_lsl_const</name>
         <load_address>0x334a</load_address>
         <run_address>0x334a</run_address>
         <size>0x3e</size>
         <input_file_ref idref="fl-56"/>
      </object_component>
      <object_component id="oc-30c">
         <name>.text:Write_Cmd</name>
         <load_address>0x3388</load_address>
         <run_address>0x3388</run_address>
         <size>0x32</size>
         <input_file_ref idref="fl-5"/>
      </object_component>
      <object_component id="oc-38d">
         <name>.text:Write_7843</name>
         <load_address>0x33ba</load_address>
         <run_address>0x33ba</run_address>
         <size>0x30</size>
         <input_file_ref idref="fl-6"/>
      </object_component>
      <object_component id="oc-1c4">
         <name>.text:interrupt_init</name>
         <load_address>0x33ea</load_address>
         <run_address>0x33ea</run_address>
         <size>0x30</size>
         <input_file_ref idref="fl-7"/>
      </object_component>
      <object_component id="oc-1b8">
         <name>.text:Clock_Init</name>
         <load_address>0x341a</load_address>
         <run_address>0x341a</run_address>
         <size>0x2e</size>
         <input_file_ref idref="fl-9"/>
      </object_component>
      <object_component id="oc-3e5">
         <name>.text</name>
         <load_address>0x3448</load_address>
         <run_address>0x3448</run_address>
         <size>0x2e</size>
         <input_file_ref idref="fl-3b"/>
      </object_component>
      <object_component id="oc-24e">
         <name>.text:IIC_init</name>
         <load_address>0x3476</load_address>
         <run_address>0x3476</run_address>
         <size>0x2c</size>
         <input_file_ref idref="fl-3"/>
      </object_component>
      <object_component id="oc-2bd">
         <name>.text:Write_Data</name>
         <load_address>0x34a2</load_address>
         <run_address>0x34a2</run_address>
         <size>0x2c</size>
         <input_file_ref idref="fl-5"/>
      </object_component>
      <object_component id="oc-3a2">
         <name>.text</name>
         <load_address>0x34ce</load_address>
         <run_address>0x34ce</run_address>
         <size>0x2c</size>
         <input_file_ref idref="fl-54"/>
      </object_component>
      <object_component id="oc-208">
         <name>.text</name>
         <load_address>0x34fa</load_address>
         <run_address>0x34fa</run_address>
         <size>0x2c</size>
         <input_file_ref idref="fl-24"/>
      </object_component>
      <object_component id="oc-f9">
         <name>.text</name>
         <load_address>0x3526</load_address>
         <run_address>0x3526</run_address>
         <size>0x2c</size>
         <input_file_ref idref="fl-36"/>
      </object_component>
      <object_component id="oc-2aa">
         <name>.text:DistanceMatch</name>
         <load_address>0x3552</load_address>
         <run_address>0x3552</run_address>
         <size>0x2a</size>
         <input_file_ref idref="fl-8"/>
      </object_component>
      <object_component id="oc-393">
         <name>.text:Read_7843</name>
         <load_address>0x357c</load_address>
         <run_address>0x357c</run_address>
         <size>0x2a</size>
         <input_file_ref idref="fl-6"/>
      </object_component>
      <object_component id="oc-1ca">
         <name>.text:start_7843</name>
         <load_address>0x35a6</load_address>
         <run_address>0x35a6</run_address>
         <size>0x26</size>
         <input_file_ref idref="fl-6"/>
      </object_component>
      <object_component id="oc-1ff">
         <name>.text:readMpu16</name>
         <load_address>0x35cc</load_address>
         <run_address>0x35cc</run_address>
         <size>0x22</size>
         <input_file_ref idref="fl-4"/>
      </object_component>
      <object_component id="oc-298">
         <name>.text:pow10</name>
         <load_address>0x35ee</load_address>
         <run_address>0x35ee</run_address>
         <size>0x20</size>
         <input_file_ref idref="fl-8"/>
      </object_component>
      <object_component id="oc-260">
         <name>.text:Write_Cmd_Data</name>
         <load_address>0x360e</load_address>
         <run_address>0x360e</run_address>
         <size>0x1e</size>
         <input_file_ref idref="fl-5"/>
      </object_component>
      <object_component id="oc-13d">
         <name>.text:_c_int00_noargs</name>
         <load_address>0x362c</load_address>
         <run_address>0x362c</run_address>
         <size>0x1c</size>
         <input_file_ref idref="fl-3e"/>
      </object_component>
      <object_component id="oc-320">
         <name>.text:GUIpoint</name>
         <load_address>0x3648</load_address>
         <run_address>0x3648</run_address>
         <size>0x18</size>
         <input_file_ref idref="fl-2"/>
      </object_component>
      <object_component id="oc-2cf">
         <name>.text</name>
         <load_address>0x3660</load_address>
         <run_address>0x3660</run_address>
         <size>0x16</size>
         <input_file_ref idref="fl-25"/>
      </object_component>
      <object_component id="oc-12b">
         <name>.text:decompress:ZI:__TI_zero_init_nomemset:__TI_zero_init_nomemset</name>
         <load_address>0x3676</load_address>
         <run_address>0x3676</run_address>
         <size>0x14</size>
         <input_file_ref idref="fl-40"/>
      </object_component>
      <object_component id="oc-1f1">
         <name>.text</name>
         <load_address>0x368a</load_address>
         <run_address>0x368a</run_address>
         <size>0x14</size>
         <input_file_ref idref="fl-39"/>
      </object_component>
      <object_component id="oc-125">
         <name>.text:Port1_ISR</name>
         <load_address>0x369e</load_address>
         <run_address>0x369e</run_address>
         <size>0x12</size>
         <input_file_ref idref="fl-8"/>
      </object_component>
      <object_component id="oc-346">
         <name>.text:__mspabi_fixdu</name>
         <load_address>0x36b0</load_address>
         <run_address>0x36b0</run_address>
         <size>0x12</size>
         <input_file_ref idref="fl-49"/>
      </object_component>
      <object_component id="oc-39">
         <name>.text:decompress:none:__TI_decompress_none</name>
         <load_address>0x36c2</load_address>
         <run_address>0x36c2</run_address>
         <size>0x12</size>
         <input_file_ref idref="fl-46"/>
      </object_component>
      <object_component id="oc-3f2">
         <name>.text:l_lsr</name>
         <load_address>0x36d4</load_address>
         <run_address>0x36d4</run_address>
         <size>0x12</size>
         <input_file_ref idref="fl-57"/>
      </object_component>
      <object_component id="oc-113">
         <name>.text:memcpy</name>
         <load_address>0x36e6</load_address>
         <run_address>0x36e6</run_address>
         <size>0x12</size>
         <input_file_ref idref="fl-52"/>
      </object_component>
      <object_component id="oc-313">
         <name>.text:Write_Data_U16</name>
         <load_address>0x36f8</load_address>
         <run_address>0x36f8</run_address>
         <size>0x10</size>
         <input_file_ref idref="fl-5"/>
      </object_component>
      <object_component id="oc-103">
         <name>.text</name>
         <load_address>0x3708</load_address>
         <run_address>0x3708</run_address>
         <size>0x10</size>
         <input_file_ref idref="fl-26"/>
      </object_component>
      <object_component id="oc-31a">
         <name>.text:abs</name>
         <load_address>0x3718</load_address>
         <run_address>0x3718</run_address>
         <size>0xa</size>
         <input_file_ref idref="fl-53"/>
      </object_component>
      <object_component id="oc-120">
         <name>.text:_isr:__TI_ISR_TRAP</name>
         <load_address>0x3722</load_address>
         <run_address>0x3722</run_address>
         <size>0x8</size>
         <input_file_ref idref="fl-35"/>
      </object_component>
      <object_component id="oc-334">
         <name>.text:__mspabi_fltud</name>
         <load_address>0x372a</load_address>
         <run_address>0x372a</run_address>
         <size>0x6</size>
         <input_file_ref idref="fl-4b"/>
      </object_component>
      <object_component id="oc-20e">
         <name>.text:abort</name>
         <load_address>0x3730</load_address>
         <run_address>0x3730</run_address>
         <size>0x6</size>
         <input_file_ref idref="fl-4f"/>
      </object_component>
      <object_component id="oc-18a">
         <name>.text:_system_pre_init</name>
         <load_address>0x3736</load_address>
         <run_address>0x3736</run_address>
         <size>0x4</size>
         <input_file_ref idref="fl-44"/>
      </object_component>
      <object_component id="oc-2e7">
         <name>.text:_system_post_cinit</name>
         <load_address>0x373a</load_address>
         <run_address>0x373a</run_address>
         <size>0x2</size>
         <input_file_ref idref="fl-45"/>
      </object_component>
      <object_component id="oc-442">
         <name>.cinit..data.load</name>
         <load_address>0x389c</load_address>
         <run_address>0x389c</run_address>
         <size>0x12</size>
      </object_component>
      <object_component id="oc-43f">
         <name>__TI_handler_table</name>
         <load_address>0x38ae</load_address>
         <run_address>0x38ae</run_address>
         <size>0x6</size>
      </object_component>
      <object_component id="oc-441">
         <name>.cinit..bss.load</name>
         <load_address>0x38b4</load_address>
         <run_address>0x38b4</run_address>
         <size>0x4</size>
      </object_component>
      <object_component id="oc-440">
         <name>__TI_cinit_table</name>
         <load_address>0x38b8</load_address>
         <run_address>0x38b8</run_address>
         <size>0x8</size>
      </object_component>
      <object_component id="oc-2ba">
         <name>.const:.string:nums</name>
         <load_address>0x373c</load_address>
         <run_address>0x373c</run_address>
         <size>0x160</size>
         <input_file_ref idref="fl-5"/>
      </object_component>
      <object_component id="oc-404">
         <name>.binit</name>
         <load_address>0x1100</load_address>
         <run_address>0x1100</run_address>
         <size>0x0</size>
      </object_component>
      <object_component id="oc-3f">
         <name>.int00</name>
         <load_address>0xffe0</load_address>
         <run_address>0xffe0</run_address>
         <size>0x2</size>
         <input_file_ref idref="fl-27"/>
      </object_component>
      <object_component id="oc-40">
         <name>.int01</name>
         <load_address>0xffe2</load_address>
         <run_address>0xffe2</run_address>
         <size>0x2</size>
         <input_file_ref idref="fl-28"/>
      </object_component>
      <object_component id="oc-41">
         <name>.int02</name>
         <load_address>0xffe4</load_address>
         <run_address>0xffe4</run_address>
         <size>0x2</size>
         <input_file_ref idref="fl-29"/>
      </object_component>
      <object_component id="oc-42">
         <name>.int03</name>
         <load_address>0xffe6</load_address>
         <run_address>0xffe6</run_address>
         <size>0x2</size>
         <input_file_ref idref="fl-2a"/>
      </object_component>
      <object_component id="oc-43">
         <name>.int04</name>
         <load_address>0xffe8</load_address>
         <run_address>0xffe8</run_address>
         <size>0x2</size>
         <input_file_ref idref="fl-8"/>
      </object_component>
      <object_component id="oc-44">
         <name>.int05</name>
         <load_address>0xffea</load_address>
         <run_address>0xffea</run_address>
         <size>0x2</size>
         <input_file_ref idref="fl-2b"/>
      </object_component>
      <object_component id="oc-45">
         <name>.int06</name>
         <load_address>0xffec</load_address>
         <run_address>0xffec</run_address>
         <size>0x2</size>
         <input_file_ref idref="fl-2c"/>
      </object_component>
      <object_component id="oc-46">
         <name>.int07</name>
         <load_address>0xffee</load_address>
         <run_address>0xffee</run_address>
         <size>0x2</size>
         <input_file_ref idref="fl-2d"/>
      </object_component>
      <object_component id="oc-47">
         <name>.int08</name>
         <load_address>0xfff0</load_address>
         <run_address>0xfff0</run_address>
         <size>0x2</size>
         <input_file_ref idref="fl-2e"/>
      </object_component>
      <object_component id="oc-48">
         <name>.int09</name>
         <load_address>0xfff2</load_address>
         <run_address>0xfff2</run_address>
         <size>0x2</size>
         <input_file_ref idref="fl-2f"/>
      </object_component>
      <object_component id="oc-49">
         <name>.int10</name>
         <load_address>0xfff4</load_address>
         <run_address>0xfff4</run_address>
         <size>0x2</size>
         <input_file_ref idref="fl-30"/>
      </object_component>
      <object_component id="oc-4a">
         <name>.int11</name>
         <load_address>0xfff6</load_address>
         <run_address>0xfff6</run_address>
         <size>0x2</size>
         <input_file_ref idref="fl-31"/>
      </object_component>
      <object_component id="oc-4b">
         <name>.int12</name>
         <load_address>0xfff8</load_address>
         <run_address>0xfff8</run_address>
         <size>0x2</size>
         <input_file_ref idref="fl-32"/>
      </object_component>
      <object_component id="oc-4c">
         <name>.int13</name>
         <load_address>0xfffa</load_address>
         <run_address>0xfffa</run_address>
         <size>0x2</size>
         <input_file_ref idref="fl-33"/>
      </object_component>
      <object_component id="oc-4d">
         <name>.int14</name>
         <load_address>0xfffc</load_address>
         <run_address>0xfffc</run_address>
         <size>0x2</size>
         <input_file_ref idref="fl-34"/>
      </object_component>
      <object_component id="oc-f8">
         <name>.reset</name>
         <load_address>0xfffe</load_address>
         <run_address>0xfffe</run_address>
         <size>0x2</size>
         <input_file_ref idref="fl-3e"/>
      </object_component>
      <object_component id="oc-322">
         <name>.debug_info</name>
         <load_address>0x0</load_address>
         <run_address>0x0</run_address>
         <size>0x16d</size>
         <input_file_ref idref="fl-2"/>
      </object_component>
      <object_component id="oc-26e">
         <name>.debug_info</name>
         <load_address>0x16d</load_address>
         <run_address>0x16d</run_address>
         <size>0x21f</size>
         <input_file_ref idref="fl-2"/>
      </object_component>
      <object_component id="oc-287">
         <name>.debug_info</name>
         <load_address>0x38c</load_address>
         <run_address>0x38c</run_address>
         <size>0x1e9</size>
         <input_file_ref idref="fl-2"/>
      </object_component>
      <object_component id="oc-268">
         <name>.debug_info</name>
         <load_address>0x575</load_address>
         <run_address>0x575</run_address>
         <size>0x162</size>
         <input_file_ref idref="fl-2"/>
      </object_component>
      <object_component id="oc-1d7">
         <name>.debug_info</name>
         <load_address>0x6d7</load_address>
         <run_address>0x6d7</run_address>
         <size>0x1bf</size>
         <input_file_ref idref="fl-2"/>
      </object_component>
      <object_component id="oc-10e">
         <name>.debug_info</name>
         <load_address>0x896</load_address>
         <run_address>0x896</run_address>
         <size>0x84</size>
         <input_file_ref idref="fl-2"/>
      </object_component>
      <object_component id="oc-24f">
         <name>.debug_info</name>
         <load_address>0x91a</load_address>
         <run_address>0x91a</run_address>
         <size>0x123</size>
         <input_file_ref idref="fl-3"/>
      </object_component>
      <object_component id="oc-255">
         <name>.debug_info</name>
         <load_address>0xa3d</load_address>
         <run_address>0xa3d</run_address>
         <size>0x145</size>
         <input_file_ref idref="fl-3"/>
      </object_component>
      <object_component id="oc-2c7">
         <name>.debug_info</name>
         <load_address>0xb82</load_address>
         <run_address>0xb82</run_address>
         <size>0x13c</size>
         <input_file_ref idref="fl-3"/>
      </object_component>
      <object_component id="oc-202">
         <name>.debug_info</name>
         <load_address>0xcbe</load_address>
         <run_address>0xcbe</run_address>
         <size>0x15b</size>
         <input_file_ref idref="fl-4"/>
      </object_component>
      <object_component id="oc-1bf">
         <name>.debug_info</name>
         <load_address>0xe19</load_address>
         <run_address>0xe19</run_address>
         <size>0x174</size>
         <input_file_ref idref="fl-4"/>
      </object_component>
      <object_component id="oc-35d">
         <name>.debug_info</name>
         <load_address>0xf8d</load_address>
         <run_address>0xf8d</run_address>
         <size>0x1d6</size>
         <input_file_ref idref="fl-5"/>
      </object_component>
      <object_component id="oc-2bb">
         <name>.debug_info</name>
         <load_address>0x1163</load_address>
         <run_address>0x1163</run_address>
         <size>0xc5</size>
         <input_file_ref idref="fl-5"/>
      </object_component>
      <object_component id="oc-25e">
         <name>.debug_info</name>
         <load_address>0x1228</load_address>
         <run_address>0x1228</run_address>
         <size>0xd3</size>
         <input_file_ref idref="fl-5"/>
      </object_component>
      <object_component id="oc-30d">
         <name>.debug_info</name>
         <load_address>0x12fb</load_address>
         <run_address>0x12fb</run_address>
         <size>0x12b</size>
         <input_file_ref idref="fl-5"/>
      </object_component>
      <object_component id="oc-2be">
         <name>.debug_info</name>
         <load_address>0x1426</load_address>
         <run_address>0x1426</run_address>
         <size>0x12d</size>
         <input_file_ref idref="fl-5"/>
      </object_component>
      <object_component id="oc-261">
         <name>.debug_info</name>
         <load_address>0x1553</load_address>
         <run_address>0x1553</run_address>
         <size>0x164</size>
         <input_file_ref idref="fl-5"/>
      </object_component>
      <object_component id="oc-2b5">
         <name>.debug_info</name>
         <load_address>0x16b7</load_address>
         <run_address>0x16b7</run_address>
         <size>0x1ef</size>
         <input_file_ref idref="fl-5"/>
      </object_component>
      <object_component id="oc-1f7">
         <name>.debug_info</name>
         <load_address>0x18a6</load_address>
         <run_address>0x18a6</run_address>
         <size>0x1a8</size>
         <input_file_ref idref="fl-5"/>
      </object_component>
      <object_component id="oc-314">
         <name>.debug_info</name>
         <load_address>0x1a4e</load_address>
         <run_address>0x1a4e</run_address>
         <size>0x13e</size>
         <input_file_ref idref="fl-5"/>
      </object_component>
      <object_component id="oc-1d1">
         <name>.debug_info</name>
         <load_address>0x1b8c</load_address>
         <run_address>0x1b8c</run_address>
         <size>0x4eb</size>
         <input_file_ref idref="fl-5"/>
      </object_component>
      <object_component id="oc-282">
         <name>.debug_info</name>
         <load_address>0x2077</load_address>
         <run_address>0x2077</run_address>
         <size>0x47d</size>
         <input_file_ref idref="fl-6"/>
      </object_component>
      <object_component id="oc-1cb">
         <name>.debug_info</name>
         <load_address>0x24f4</load_address>
         <run_address>0x24f4</run_address>
         <size>0xff</size>
         <input_file_ref idref="fl-6"/>
      </object_component>
      <object_component id="oc-32e">
         <name>.debug_info</name>
         <load_address>0x25f3</load_address>
         <run_address>0x25f3</run_address>
         <size>0x190</size>
         <input_file_ref idref="fl-6"/>
      </object_component>
      <object_component id="oc-38e">
         <name>.debug_info</name>
         <load_address>0x2783</load_address>
         <run_address>0x2783</run_address>
         <size>0x12c</size>
         <input_file_ref idref="fl-6"/>
      </object_component>
      <object_component id="oc-394">
         <name>.debug_info</name>
         <load_address>0x28af</load_address>
         <run_address>0x28af</run_address>
         <size>0x11d</size>
         <input_file_ref idref="fl-6"/>
      </object_component>
      <object_component id="oc-328">
         <name>.debug_info</name>
         <load_address>0x29cc</load_address>
         <run_address>0x29cc</run_address>
         <size>0x13d</size>
         <input_file_ref idref="fl-6"/>
      </object_component>
      <object_component id="oc-27c">
         <name>.debug_info</name>
         <load_address>0x2b09</load_address>
         <run_address>0x2b09</run_address>
         <size>0x202</size>
         <input_file_ref idref="fl-6"/>
      </object_component>
      <object_component id="oc-1e3">
         <name>.debug_info</name>
         <load_address>0x2d0b</load_address>
         <run_address>0x2d0b</run_address>
         <size>0x2eb</size>
         <input_file_ref idref="fl-6"/>
      </object_component>
      <object_component id="oc-34f">
         <name>.debug_info</name>
         <load_address>0x2ff6</load_address>
         <run_address>0x2ff6</run_address>
         <size>0x55</size>
         <input_file_ref idref="fl-6"/>
      </object_component>
      <object_component id="oc-1c6">
         <name>.debug_info</name>
         <load_address>0x304b</load_address>
         <run_address>0x304b</run_address>
         <size>0x179</size>
         <input_file_ref idref="fl-7"/>
      </object_component>
      <object_component id="oc-1fd">
         <name>.debug_info</name>
         <load_address>0x31c4</load_address>
         <run_address>0x31c4</run_address>
         <size>0x790</size>
         <input_file_ref idref="fl-8"/>
      </object_component>
      <object_component id="oc-206">
         <name>.debug_info</name>
         <load_address>0x3954</load_address>
         <run_address>0x3954</run_address>
         <size>0xcc</size>
         <input_file_ref idref="fl-8"/>
      </object_component>
      <object_component id="oc-1ef">
         <name>.debug_info</name>
         <load_address>0x3a20</load_address>
         <run_address>0x3a20</run_address>
         <size>0x163</size>
         <input_file_ref idref="fl-8"/>
      </object_component>
      <object_component id="oc-29f">
         <name>.debug_info</name>
         <load_address>0x3b83</load_address>
         <run_address>0x3b83</run_address>
         <size>0x14e</size>
         <input_file_ref idref="fl-8"/>
      </object_component>
      <object_component id="oc-299">
         <name>.debug_info</name>
         <load_address>0x3cd1</load_address>
         <run_address>0x3cd1</run_address>
         <size>0x148</size>
         <input_file_ref idref="fl-8"/>
      </object_component>
      <object_component id="oc-1dd">
         <name>.debug_info</name>
         <load_address>0x3e19</load_address>
         <run_address>0x3e19</run_address>
         <size>0xfa</size>
         <input_file_ref idref="fl-8"/>
      </object_component>
      <object_component id="oc-2ab">
         <name>.debug_info</name>
         <load_address>0x3f13</load_address>
         <run_address>0x3f13</run_address>
         <size>0x102</size>
         <input_file_ref idref="fl-8"/>
      </object_component>
      <object_component id="oc-1e9">
         <name>.debug_info</name>
         <load_address>0x4015</load_address>
         <run_address>0x4015</run_address>
         <size>0x337</size>
         <input_file_ref idref="fl-8"/>
      </object_component>
      <object_component id="oc-191">
         <name>.debug_info</name>
         <load_address>0x434c</load_address>
         <run_address>0x434c</run_address>
         <size>0x2a4</size>
         <input_file_ref idref="fl-8"/>
      </object_component>
      <object_component id="oc-126">
         <name>.debug_info</name>
         <load_address>0x45f0</load_address>
         <run_address>0x45f0</run_address>
         <size>0xfb</size>
         <input_file_ref idref="fl-8"/>
      </object_component>
      <object_component id="oc-1ba">
         <name>.debug_info</name>
         <load_address>0x46eb</load_address>
         <run_address>0x46eb</run_address>
         <size>0x119</size>
         <input_file_ref idref="fl-9"/>
      </object_component>
      <object_component id="oc-209">
         <name>.debug_info</name>
         <load_address>0x4804</load_address>
         <run_address>0x4804</run_address>
         <size>0x12d</size>
         <input_file_ref idref="fl-24"/>
      </object_component>
      <object_component id="oc-2d1">
         <name>.debug_info</name>
         <load_address>0x4931</load_address>
         <run_address>0x4931</run_address>
         <size>0x119</size>
         <input_file_ref idref="fl-25"/>
      </object_component>
      <object_component id="oc-104">
         <name>.debug_info</name>
         <load_address>0x4a4a</load_address>
         <run_address>0x4a4a</run_address>
         <size>0x126</size>
         <input_file_ref idref="fl-26"/>
      </object_component>
      <object_component id="oc-122">
         <name>.debug_info</name>
         <load_address>0x4b70</load_address>
         <run_address>0x4b70</run_address>
         <size>0x107</size>
         <input_file_ref idref="fl-35"/>
      </object_component>
      <object_component id="oc-fa">
         <name>.debug_info</name>
         <load_address>0x4c77</load_address>
         <run_address>0x4c77</run_address>
         <size>0x118</size>
         <input_file_ref idref="fl-36"/>
      </object_component>
      <object_component id="oc-ff">
         <name>.debug_info</name>
         <load_address>0x4d8f</load_address>
         <run_address>0x4d8f</run_address>
         <size>0x118</size>
         <input_file_ref idref="fl-37"/>
      </object_component>
      <object_component id="oc-1f2">
         <name>.debug_info</name>
         <load_address>0x4ea7</load_address>
         <run_address>0x4ea7</run_address>
         <size>0x117</size>
         <input_file_ref idref="fl-39"/>
      </object_component>
      <object_component id="oc-3e6">
         <name>.debug_info</name>
         <load_address>0x4fbe</load_address>
         <run_address>0x4fbe</run_address>
         <size>0x117</size>
         <input_file_ref idref="fl-3b"/>
      </object_component>
      <object_component id="oc-f6">
         <name>.debug_info</name>
         <load_address>0x50d5</load_address>
         <run_address>0x50d5</run_address>
         <size>0xf5</size>
         <input_file_ref idref="fl-3e"/>
      </object_component>
      <object_component id="oc-140">
         <name>.debug_info</name>
         <load_address>0x51ca</load_address>
         <run_address>0x51ca</run_address>
         <size>0x16f</size>
         <input_file_ref idref="fl-3e"/>
      </object_component>
      <object_component id="oc-2ee">
         <name>.debug_info</name>
         <load_address>0x5339</load_address>
         <run_address>0x5339</run_address>
         <size>0x472</size>
         <input_file_ref idref="fl-3f"/>
      </object_component>
      <object_component id="oc-21d">
         <name>.debug_info</name>
         <load_address>0x57ab</load_address>
         <run_address>0x57ab</run_address>
         <size>0x1d5</size>
         <input_file_ref idref="fl-3f"/>
      </object_component>
      <object_component id="oc-378">
         <name>.debug_info</name>
         <load_address>0x5980</load_address>
         <run_address>0x5980</run_address>
         <size>0x39</size>
         <input_file_ref idref="fl-3f"/>
      </object_component>
      <object_component id="oc-384">
         <name>.debug_info</name>
         <load_address>0x59b9</load_address>
         <run_address>0x59b9</run_address>
         <size>0x2c</size>
         <input_file_ref idref="fl-3f"/>
      </object_component>
      <object_component id="oc-2f9">
         <name>.debug_info</name>
         <load_address>0x59e5</load_address>
         <run_address>0x59e5</run_address>
         <size>0x2c</size>
         <input_file_ref idref="fl-3f"/>
      </object_component>
      <object_component id="oc-37d">
         <name>.debug_info</name>
         <load_address>0x5a11</load_address>
         <run_address>0x5a11</run_address>
         <size>0xcd</size>
         <input_file_ref idref="fl-3f"/>
      </object_component>
      <object_component id="oc-188">
         <name>.debug_info</name>
         <load_address>0x5ade</load_address>
         <run_address>0x5ade</run_address>
         <size>0x1b4</size>
         <input_file_ref idref="fl-40"/>
      </object_component>
      <object_component id="oc-12c">
         <name>.debug_info</name>
         <load_address>0x5c92</load_address>
         <run_address>0x5c92</run_address>
         <size>0x1c7</size>
         <input_file_ref idref="fl-40"/>
      </object_component>
      <object_component id="oc-183">
         <name>.debug_info</name>
         <load_address>0x5e59</load_address>
         <run_address>0x5e59</run_address>
         <size>0x46</size>
         <input_file_ref idref="fl-40"/>
      </object_component>
      <object_component id="oc-174">
         <name>.debug_info</name>
         <load_address>0x5e9f</load_address>
         <run_address>0x5e9f</run_address>
         <size>0x2c</size>
         <input_file_ref idref="fl-40"/>
      </object_component>
      <object_component id="oc-18c">
         <name>.debug_info</name>
         <load_address>0x5ecb</load_address>
         <run_address>0x5ecb</run_address>
         <size>0x148</size>
         <input_file_ref idref="fl-44"/>
      </object_component>
      <object_component id="oc-2eb">
         <name>.debug_info</name>
         <load_address>0x6013</load_address>
         <run_address>0x6013</run_address>
         <size>0x145</size>
         <input_file_ref idref="fl-45"/>
      </object_component>
      <object_component id="oc-11f">
         <name>.debug_info</name>
         <load_address>0x6158</load_address>
         <run_address>0x6158</run_address>
         <size>0x175</size>
         <input_file_ref idref="fl-46"/>
      </object_component>
      <object_component id="oc-3c">
         <name>.debug_info</name>
         <load_address>0x62cd</load_address>
         <run_address>0x62cd</run_address>
         <size>0x1df</size>
         <input_file_ref idref="fl-46"/>
      </object_component>
      <object_component id="oc-11a">
         <name>.debug_info</name>
         <load_address>0x64ac</load_address>
         <run_address>0x64ac</run_address>
         <size>0x46</size>
         <input_file_ref idref="fl-46"/>
      </object_component>
      <object_component id="oc-179">
         <name>.debug_info</name>
         <load_address>0x64f2</load_address>
         <run_address>0x64f2</run_address>
         <size>0x2c</size>
         <input_file_ref idref="fl-46"/>
      </object_component>
      <object_component id="oc-171">
         <name>.debug_info</name>
         <load_address>0x651e</load_address>
         <run_address>0x651e</run_address>
         <size>0x16b</size>
         <input_file_ref idref="fl-47"/>
      </object_component>
      <object_component id="oc-35">
         <name>.debug_info</name>
         <load_address>0x6689</load_address>
         <run_address>0x6689</run_address>
         <size>0x287</size>
         <input_file_ref idref="fl-47"/>
      </object_component>
      <object_component id="oc-109">
         <name>.debug_info</name>
         <load_address>0x6910</load_address>
         <run_address>0x6910</run_address>
         <size>0x60</size>
         <input_file_ref idref="fl-47"/>
      </object_component>
      <object_component id="oc-1ac">
         <name>.debug_info</name>
         <load_address>0x6970</load_address>
         <run_address>0x6970</run_address>
         <size>0x46</size>
         <input_file_ref idref="fl-47"/>
      </object_component>
      <object_component id="oc-16c">
         <name>.debug_info</name>
         <load_address>0x69b6</load_address>
         <run_address>0x69b6</run_address>
         <size>0x39</size>
         <input_file_ref idref="fl-47"/>
      </object_component>
      <object_component id="oc-3bb">
         <name>.debug_info</name>
         <load_address>0x69ef</load_address>
         <run_address>0x69ef</run_address>
         <size>0x197</size>
         <input_file_ref idref="fl-48"/>
      </object_component>
      <object_component id="oc-341">
         <name>.debug_info</name>
         <load_address>0x6b86</load_address>
         <run_address>0x6b86</run_address>
         <size>0x27f</size>
         <input_file_ref idref="fl-48"/>
      </object_component>
      <object_component id="oc-3ae">
         <name>.debug_info</name>
         <load_address>0x6e05</load_address>
         <run_address>0x6e05</run_address>
         <size>0x94</size>
         <input_file_ref idref="fl-48"/>
      </object_component>
      <object_component id="oc-347">
         <name>.debug_info</name>
         <load_address>0x6e99</load_address>
         <run_address>0x6e99</run_address>
         <size>0x160</size>
         <input_file_ref idref="fl-49"/>
      </object_component>
      <object_component id="oc-3bd">
         <name>.debug_info</name>
         <load_address>0x6ff9</load_address>
         <run_address>0x6ff9</run_address>
         <size>0x1b5</size>
         <input_file_ref idref="fl-4a"/>
      </object_component>
      <object_component id="oc-336">
         <name>.debug_info</name>
         <load_address>0x71ae</load_address>
         <run_address>0x71ae</run_address>
         <size>0x15b</size>
         <input_file_ref idref="fl-4b"/>
      </object_component>
      <object_component id="oc-3de">
         <name>.debug_info</name>
         <load_address>0x7309</load_address>
         <run_address>0x7309</run_address>
         <size>0x160</size>
         <input_file_ref idref="fl-4c"/>
      </object_component>
      <object_component id="oc-39c">
         <name>.debug_info</name>
         <load_address>0x7469</load_address>
         <run_address>0x7469</run_address>
         <size>0x1d8</size>
         <input_file_ref idref="fl-4c"/>
      </object_component>
      <object_component id="oc-3ef">
         <name>.debug_info</name>
         <load_address>0x7641</load_address>
         <run_address>0x7641</run_address>
         <size>0x167</size>
         <input_file_ref idref="fl-4d"/>
      </object_component>
      <object_component id="oc-3b6">
         <name>.debug_info</name>
         <load_address>0x77a8</load_address>
         <run_address>0x77a8</run_address>
         <size>0x5c4</size>
         <input_file_ref idref="fl-4d"/>
      </object_component>
      <object_component id="oc-3b3">
         <name>.debug_info</name>
         <load_address>0x7d6c</load_address>
         <run_address>0x7d6c</run_address>
         <size>0x197</size>
         <input_file_ref idref="fl-4e"/>
      </object_component>
      <object_component id="oc-33b">
         <name>.debug_info</name>
         <load_address>0x7f03</load_address>
         <run_address>0x7f03</run_address>
         <size>0x2d5</size>
         <input_file_ref idref="fl-4e"/>
      </object_component>
      <object_component id="oc-20f">
         <name>.debug_info</name>
         <load_address>0x81d8</load_address>
         <run_address>0x81d8</run_address>
         <size>0x117</size>
         <input_file_ref idref="fl-4f"/>
      </object_component>
      <object_component id="oc-173">
         <name>.debug_info</name>
         <load_address>0x82ef</load_address>
         <run_address>0x82ef</run_address>
         <size>0x176</size>
         <input_file_ref idref="fl-52"/>
      </object_component>
      <object_component id="oc-114">
         <name>.debug_info</name>
         <load_address>0x8465</load_address>
         <run_address>0x8465</run_address>
         <size>0x16f</size>
         <input_file_ref idref="fl-52"/>
      </object_component>
      <object_component id="oc-31b">
         <name>.debug_info</name>
         <load_address>0x85d4</load_address>
         <run_address>0x85d4</run_address>
         <size>0x135</size>
         <input_file_ref idref="fl-53"/>
      </object_component>
      <object_component id="oc-3a3">
         <name>.debug_info</name>
         <load_address>0x8709</load_address>
         <run_address>0x8709</run_address>
         <size>0x118</size>
         <input_file_ref idref="fl-54"/>
      </object_component>
      <object_component id="oc-3e3">
         <name>.debug_info</name>
         <load_address>0x8821</load_address>
         <run_address>0x8821</run_address>
         <size>0x11e</size>
         <input_file_ref idref="fl-55"/>
      </object_component>
      <object_component id="oc-3d5">
         <name>.debug_info</name>
         <load_address>0x893f</load_address>
         <run_address>0x893f</run_address>
         <size>0x11e</size>
         <input_file_ref idref="fl-56"/>
      </object_component>
      <object_component id="oc-3f5">
         <name>.debug_info</name>
         <load_address>0x8a5d</load_address>
         <run_address>0x8a5d</run_address>
         <size>0x118</size>
         <input_file_ref idref="fl-57"/>
      </object_component>
      <object_component id="oc-3db">
         <name>.debug_info</name>
         <load_address>0x8b75</load_address>
         <run_address>0x8b75</run_address>
         <size>0x11e</size>
         <input_file_ref idref="fl-57"/>
      </object_component>
      <object_component id="oc-3eb">
         <name>.debug_info</name>
         <load_address>0x8c93</load_address>
         <run_address>0x8c93</run_address>
         <size>0x167</size>
         <input_file_ref idref="fl-5a"/>
      </object_component>
      <object_component id="oc-3aa">
         <name>.debug_info</name>
         <load_address>0x8dfa</load_address>
         <run_address>0x8dfa</run_address>
         <size>0x3a0</size>
         <input_file_ref idref="fl-5a"/>
      </object_component>
      <object_component id="oc-444">
         <name>.debug_info</name>
         <load_address>0x919a</load_address>
         <run_address>0x919a</run_address>
         <size>0xa0</size>
      </object_component>
      <object_component id="oc-321">
         <name>.debug_line</name>
         <load_address>0x0</load_address>
         <run_address>0x0</run_address>
         <size>0x40</size>
         <input_file_ref idref="fl-2"/>
      </object_component>
      <object_component id="oc-272">
         <name>.debug_line</name>
         <load_address>0x40</load_address>
         <run_address>0x40</run_address>
         <size>0x79</size>
         <input_file_ref idref="fl-2"/>
      </object_component>
      <object_component id="oc-28b">
         <name>.debug_line</name>
         <load_address>0xb9</load_address>
         <run_address>0xb9</run_address>
         <size>0x4b</size>
         <input_file_ref idref="fl-2"/>
      </object_component>
      <object_component id="oc-26b">
         <name>.debug_line</name>
         <load_address>0x104</load_address>
         <run_address>0x104</run_address>
         <size>0x51</size>
         <input_file_ref idref="fl-2"/>
      </object_component>
      <object_component id="oc-1da">
         <name>.debug_line</name>
         <load_address>0x155</load_address>
         <run_address>0x155</run_address>
         <size>0x5e</size>
         <input_file_ref idref="fl-2"/>
      </object_component>
      <object_component id="oc-111">
         <name>.debug_line</name>
         <load_address>0x1b3</load_address>
         <run_address>0x1b3</run_address>
         <size>0x20</size>
         <input_file_ref idref="fl-2"/>
      </object_component>
      <object_component id="oc-253">
         <name>.debug_line</name>
         <load_address>0x1d3</load_address>
         <run_address>0x1d3</run_address>
         <size>0x4a</size>
         <input_file_ref idref="fl-3"/>
      </object_component>
      <object_component id="oc-259">
         <name>.debug_line</name>
         <load_address>0x21d</load_address>
         <run_address>0x21d</run_address>
         <size>0x58</size>
         <input_file_ref idref="fl-3"/>
      </object_component>
      <object_component id="oc-2ca">
         <name>.debug_line</name>
         <load_address>0x275</load_address>
         <run_address>0x275</run_address>
         <size>0x5d</size>
         <input_file_ref idref="fl-3"/>
      </object_component>
      <object_component id="oc-204">
         <name>.debug_line</name>
         <load_address>0x2d2</load_address>
         <run_address>0x2d2</run_address>
         <size>0x45</size>
         <input_file_ref idref="fl-4"/>
      </object_component>
      <object_component id="oc-1c3">
         <name>.debug_line</name>
         <load_address>0x317</load_address>
         <run_address>0x317</run_address>
         <size>0x49</size>
         <input_file_ref idref="fl-4"/>
      </object_component>
      <object_component id="oc-3c4">
         <name>.debug_line</name>
         <load_address>0x360</load_address>
         <run_address>0x360</run_address>
         <size>0x54</size>
         <input_file_ref idref="fl-5"/>
      </object_component>
      <object_component id="oc-35c">
         <name>.debug_line</name>
         <load_address>0x3b4</load_address>
         <run_address>0x3b4</run_address>
         <size>0x2c</size>
         <input_file_ref idref="fl-5"/>
      </object_component>
      <object_component id="oc-30b">
         <name>.debug_line</name>
         <load_address>0x3e0</load_address>
         <run_address>0x3e0</run_address>
         <size>0x2c</size>
         <input_file_ref idref="fl-5"/>
      </object_component>
      <object_component id="oc-311">
         <name>.debug_line</name>
         <load_address>0x40c</load_address>
         <run_address>0x40c</run_address>
         <size>0x4f</size>
         <input_file_ref idref="fl-5"/>
      </object_component>
      <object_component id="oc-2c2">
         <name>.debug_line</name>
         <load_address>0x45b</load_address>
         <run_address>0x45b</run_address>
         <size>0x47</size>
         <input_file_ref idref="fl-5"/>
      </object_component>
      <object_component id="oc-264">
         <name>.debug_line</name>
         <load_address>0x4a2</load_address>
         <run_address>0x4a2</run_address>
         <size>0x45</size>
         <input_file_ref idref="fl-5"/>
      </object_component>
      <object_component id="oc-2b8">
         <name>.debug_line</name>
         <load_address>0x4e7</load_address>
         <run_address>0x4e7</run_address>
         <size>0x48</size>
         <input_file_ref idref="fl-5"/>
      </object_component>
      <object_component id="oc-1fa">
         <name>.debug_line</name>
         <load_address>0x52f</load_address>
         <run_address>0x52f</run_address>
         <size>0x5c</size>
         <input_file_ref idref="fl-5"/>
      </object_component>
      <object_component id="oc-318">
         <name>.debug_line</name>
         <load_address>0x58b</load_address>
         <run_address>0x58b</run_address>
         <size>0x44</size>
         <input_file_ref idref="fl-5"/>
      </object_component>
      <object_component id="oc-1d4">
         <name>.debug_line</name>
         <load_address>0x5cf</load_address>
         <run_address>0x5cf</run_address>
         <size>0x7f</size>
         <input_file_ref idref="fl-5"/>
      </object_component>
      <object_component id="oc-355">
         <name>.debug_line</name>
         <load_address>0x64e</load_address>
         <run_address>0x64e</run_address>
         <size>0x7c</size>
         <input_file_ref idref="fl-6"/>
      </object_component>
      <object_component id="oc-1ce">
         <name>.debug_line</name>
         <load_address>0x6ca</load_address>
         <run_address>0x6ca</run_address>
         <size>0x46</size>
         <input_file_ref idref="fl-6"/>
      </object_component>
      <object_component id="oc-332">
         <name>.debug_line</name>
         <load_address>0x710</load_address>
         <run_address>0x710</run_address>
         <size>0x53</size>
         <input_file_ref idref="fl-6"/>
      </object_component>
      <object_component id="oc-391">
         <name>.debug_line</name>
         <load_address>0x763</load_address>
         <run_address>0x763</run_address>
         <size>0x52</size>
         <input_file_ref idref="fl-6"/>
      </object_component>
      <object_component id="oc-397">
         <name>.debug_line</name>
         <load_address>0x7b5</load_address>
         <run_address>0x7b5</run_address>
         <size>0x56</size>
         <input_file_ref idref="fl-6"/>
      </object_component>
      <object_component id="oc-32b">
         <name>.debug_line</name>
         <load_address>0x80b</load_address>
         <run_address>0x80b</run_address>
         <size>0x4e</size>
         <input_file_ref idref="fl-6"/>
      </object_component>
      <object_component id="oc-27f">
         <name>.debug_line</name>
         <load_address>0x859</load_address>
         <run_address>0x859</run_address>
         <size>0x56</size>
         <input_file_ref idref="fl-6"/>
      </object_component>
      <object_component id="oc-1e6">
         <name>.debug_line</name>
         <load_address>0x8af</load_address>
         <run_address>0x8af</run_address>
         <size>0x1be</size>
         <input_file_ref idref="fl-6"/>
      </object_component>
      <object_component id="oc-352">
         <name>.debug_line</name>
         <load_address>0xa6d</load_address>
         <run_address>0xa6d</run_address>
         <size>0x2e</size>
         <input_file_ref idref="fl-6"/>
      </object_component>
      <object_component id="oc-1c5">
         <name>.debug_line</name>
         <load_address>0xa9b</load_address>
         <run_address>0xa9b</run_address>
         <size>0x56</size>
         <input_file_ref idref="fl-7"/>
      </object_component>
      <object_component id="oc-2c5">
         <name>.debug_line</name>
         <load_address>0xaf1</load_address>
         <run_address>0xaf1</run_address>
         <size>0xbc</size>
         <input_file_ref idref="fl-8"/>
      </object_component>
      <object_component id="oc-2ce">
         <name>.debug_line</name>
         <load_address>0xbad</load_address>
         <run_address>0xbad</run_address>
         <size>0x2d</size>
         <input_file_ref idref="fl-8"/>
      </object_component>
      <object_component id="oc-2b2">
         <name>.debug_line</name>
         <load_address>0xbda</load_address>
         <run_address>0xbda</run_address>
         <size>0x2d</size>
         <input_file_ref idref="fl-8"/>
      </object_component>
      <object_component id="oc-2a2">
         <name>.debug_line</name>
         <load_address>0xc07</load_address>
         <run_address>0xc07</run_address>
         <size>0x4a</size>
         <input_file_ref idref="fl-8"/>
      </object_component>
      <object_component id="oc-29c">
         <name>.debug_line</name>
         <load_address>0xc51</load_address>
         <run_address>0xc51</run_address>
         <size>0x4f</size>
         <input_file_ref idref="fl-8"/>
      </object_component>
      <object_component id="oc-1e0">
         <name>.debug_line</name>
         <load_address>0xca0</load_address>
         <run_address>0xca0</run_address>
         <size>0x84</size>
         <input_file_ref idref="fl-8"/>
      </object_component>
      <object_component id="oc-2ae">
         <name>.debug_line</name>
         <load_address>0xd24</load_address>
         <run_address>0xd24</run_address>
         <size>0x45</size>
         <input_file_ref idref="fl-8"/>
      </object_component>
      <object_component id="oc-1ec">
         <name>.debug_line</name>
         <load_address>0xd69</load_address>
         <run_address>0xd69</run_address>
         <size>0x17a</size>
         <input_file_ref idref="fl-8"/>
      </object_component>
      <object_component id="oc-195">
         <name>.debug_line</name>
         <load_address>0xee3</load_address>
         <run_address>0xee3</run_address>
         <size>0x7a</size>
         <input_file_ref idref="fl-8"/>
      </object_component>
      <object_component id="oc-129">
         <name>.debug_line</name>
         <load_address>0xf5d</load_address>
         <run_address>0xf5d</run_address>
         <size>0x41</size>
         <input_file_ref idref="fl-8"/>
      </object_component>
      <object_component id="oc-1bd">
         <name>.debug_line</name>
         <load_address>0xf9e</load_address>
         <run_address>0xf9e</run_address>
         <size>0x59</size>
         <input_file_ref idref="fl-9"/>
      </object_component>
      <object_component id="oc-20c">
         <name>.debug_line</name>
         <load_address>0xff7</load_address>
         <run_address>0xff7</run_address>
         <size>0x4d</size>
         <input_file_ref idref="fl-24"/>
      </object_component>
      <object_component id="oc-2d3">
         <name>.debug_line</name>
         <load_address>0x1044</load_address>
         <run_address>0x1044</run_address>
         <size>0x43</size>
         <input_file_ref idref="fl-25"/>
      </object_component>
      <object_component id="oc-107">
         <name>.debug_line</name>
         <load_address>0x1087</load_address>
         <run_address>0x1087</run_address>
         <size>0x40</size>
[...]
      <symbol id="sm-31f">
         <name>__TI_int08</name>
         <value>0xfff0</value>
         <object_component_ref idref="oc-47"/>
      </symbol>
      <symbol id="sm-322">
         <name>__TI_int09</name>
         <value>0xfff2</value>
         <object_component_ref idref="oc-48"/>
      </symbol>
      <symbol id="sm-325">
         <name>__TI_int10</name>
         <value>0xfff4</value>
         <object_component_ref idref="oc-49"/>
      </symbol>
      <symbol id="sm-328">
         <name>__TI_int11</name>
         <value>0xfff6</value>
         <object_component_ref idref="oc-4a"/>
      </symbol>
      <symbol id="sm-32b">
         <name>__TI_int12</name>
         <value>0xfff8</value>
         <object_component_ref idref="oc-4b"/>
      </symbol>
      <symbol id="sm-32e">
         <name>__TI_int13</name>
         <value>0xfffa</value>
         <object_component_ref idref="oc-4c"/>
      </symbol>
      <symbol id="sm-331">
         <name>__TI_int14</name>
         <value>0xfffc</value>
         <object_component_ref idref="oc-4d"/>
      </symbol>
      <symbol id="sm-339">
         <name>__TI_ISR_TRAP</name>
         <value>0x3722</value>
         <object_component_ref idref="oc-120"/>
      </symbol>
      <symbol id="sm-341">
         <name>__mspabi_slli</name>
         <value>0x3526</value>
         <object_component_ref idref="oc-f9"/>
      </symbol>
      <symbol id="sm-342">
         <name>__mspabi_slli_9</name>
         <value>0x353e</value>
         <object_component_ref idref="oc-f9"/>
      </symbol>
      <symbol id="sm-343">
         <name>__mspabi_slli_8</name>
         <value>0x3540</value>
         <object_component_ref idref="oc-f9"/>
      </symbol>
      <symbol id="sm-344">
         <name>__mspabi_slli_7</name>
         <value>0x3542</value>
         <object_component_ref idref="oc-f9"/>
      </symbol>
      <symbol id="sm-345">
         <name>__mspabi_slli_6</name>
         <value>0x3544</value>
         <object_component_ref idref="oc-f9"/>
      </symbol>
      <symbol id="sm-346">
         <name>__mspabi_slli_5</name>
         <value>0x3546</value>
         <object_component_ref idref="oc-f9"/>
      </symbol>
      <symbol id="sm-347">
         <name>__mspabi_slli_4</name>
         <value>0x3548</value>
         <object_component_ref idref="oc-f9"/>
      </symbol>
      <symbol id="sm-348">
         <name>__mspabi_slli_3</name>
         <value>0x354a</value>
         <object_component_ref idref="oc-f9"/>
      </symbol>
      <symbol id="sm-349">
         <name>__mspabi_slli_2</name>
         <value>0x354c</value>
         <object_component_ref idref="oc-f9"/>
      </symbol>
      <symbol id="sm-34a">
         <name>__mspabi_slli_1</name>
         <value>0x354e</value>
         <object_component_ref idref="oc-f9"/>
      </symbol>
      <symbol id="sm-34b">
         <name>__mspabi_slli_15</name>
         <value>0x3532</value>
         <object_component_ref idref="oc-f9"/>
      </symbol>
      <symbol id="sm-34c">
         <name>__mspabi_slli_14</name>
         <value>0x3534</value>
         <object_component_ref idref="oc-f9"/>
      </symbol>
      <symbol id="sm-34d">
         <name>__mspabi_slli_13</name>
         <value>0x3536</value>
         <object_component_ref idref="oc-f9"/>
      </symbol>
      <symbol id="sm-34e">
         <name>__mspabi_slli_12</name>
         <value>0x3538</value>
         <object_component_ref idref="oc-f9"/>
      </symbol>
      <symbol id="sm-34f">
         <name>__mspabi_slli_11</name>
         <value>0x353a</value>
         <object_component_ref idref="oc-f9"/>
      </symbol>
      <symbol id="sm-350">
         <name>__mspabi_slli_10</name>
         <value>0x353c</value>
         <object_component_ref idref="oc-f9"/>
      </symbol>
      <symbol id="sm-358">
         <name>__mspabi_srli_8</name>
         <value>0x31d2</value>
         <object_component_ref idref="oc-fe"/>
      </symbol>
      <symbol id="sm-359">
         <name>__mspabi_srli_9</name>
         <value>0x31ce</value>
         <object_component_ref idref="oc-fe"/>
      </symbol>
      <symbol id="sm-35a">
         <name>__mspabi_srli_6</name>
         <value>0x31da</value>
         <object_component_ref idref="oc-fe"/>
      </symbol>
      <symbol id="sm-35b">
         <name>__mspabi_srli_7</name>
         <value>0x31d6</value>
         <object_component_ref idref="oc-fe"/>
      </symbol>
      <symbol id="sm-35c">
         <name>__mspabi_srli_4</name>
         <value>0x31e2</value>
         <object_component_ref idref="oc-fe"/>
      </symbol>
      <symbol id="sm-35d">
         <name>__mspabi_srli_5</name>
         <value>0x31de</value>
         <object_component_ref idref="oc-fe"/>
      </symbol>
      <symbol id="sm-35e">
         <name>__mspabi_srli_2</name>
         <value>0x31ea</value>
         <object_component_ref idref="oc-fe"/>
      </symbol>
      <symbol id="sm-35f">
         <name>__mspabi_srli_3</name>
         <value>0x31e6</value>
         <object_component_ref idref="oc-fe"/>
      </symbol>
      <symbol id="sm-360">
         <name>__mspabi_srli_1</name>
         <value>0x31ee</value>
         <object_component_ref idref="oc-fe"/>
      </symbol>
      <symbol id="sm-361">
         <name>__mspabi_srli</name>
         <value>0x31a8</value>
         <object_component_ref idref="oc-fe"/>
      </symbol>
      <symbol id="sm-362">
         <name>__mspabi_srli_15</name>
         <value>0x31b6</value>
         <object_component_ref idref="oc-fe"/>
      </symbol>
      <symbol id="sm-363">
         <name>__mspabi_srli_14</name>
         <value>0x31ba</value>
         <object_component_ref idref="oc-fe"/>
      </symbol>
      <symbol id="sm-364">
         <name>__mspabi_srli_13</name>
         <value>0x31be</value>
         <object_component_ref idref="oc-fe"/>
      </symbol>
      <symbol id="sm-365">
         <name>__mspabi_srli_12</name>
         <value>0x31c2</value>
         <object_component_ref idref="oc-fe"/>
      </symbol>
      <symbol id="sm-366">
         <name>__mspabi_srli_11</name>
         <value>0x31c6</value>
         <object_component_ref idref="oc-fe"/>
      </symbol>
      <symbol id="sm-367">
         <name>__mspabi_srli_10</name>
         <value>0x31ca</value>
         <object_component_ref idref="oc-fe"/>
      </symbol>
      <symbol id="sm-370">
         <name>__mspabi_mpyi_hw</name>
         <value>0x368a</value>
         <object_component_ref idref="oc-1f1"/>
      </symbol>
      <symbol id="sm-379">
         <name>__mspabi_mpyl_hw</name>
         <value>0x3448</value>
         <object_component_ref idref="oc-3e5"/>
      </symbol>
      <symbol id="sm-38b">
         <name>_stack</name>
         <value>0x9b0</value>
         <object_component_ref idref="oc-f5"/>
      </symbol>
      <symbol id="sm-38c">
         <name>_c_int00_noargs</name>
         <value>0x362c</value>
         <object_component_ref idref="oc-13d"/>
      </symbol>
      <symbol id="sm-38d">
         <name>_reset_vector</name>
         <value>0xfffe</value>
         <object_component_ref idref="oc-f8"/>
      </symbol>
      <symbol id="sm-3af">
         <name>__TI_auto_init_nobinit_nopinit</name>
         <value>0x32ca</value>
         <object_component_ref idref="oc-21a"/>
      </symbol>
      <symbol id="sm-3c7">
         <name>__TI_zero_init_nomemset</name>
         <value>0x3676</value>
         <object_component_ref idref="oc-12b"/>
      </symbol>
      <symbol id="sm-3d3">
         <name>_system_pre_init</name>
         <value>0x3736</value>
         <object_component_ref idref="oc-18a"/>
      </symbol>
      <symbol id="sm-3dc">
         <name>_system_post_cinit</name>
         <value>0x373a</value>
         <object_component_ref idref="oc-2e7"/>
      </symbol>
      <symbol id="sm-3f2">
         <name>__TI_decompress_none</name>
         <value>0x36c2</value>
         <object_component_ref idref="oc-39"/>
      </symbol>
      <symbol id="sm-415">
         <name>__TI_decompress_lzss</name>
         <value>0x2e2c</value>
         <object_component_ref idref="oc-33"/>
      </symbol>
      <symbol id="sm-43b">
         <name>__mspabi_divd</name>
         <value>0x262a</value>
         <object_component_ref idref="oc-340"/>
      </symbol>
      <symbol id="sm-446">
         <name>__mspabi_fixdu</name>
         <value>0x36b0</value>
         <object_component_ref idref="oc-346"/>
      </symbol>
      <symbol id="sm-456">
         <name>__mspabi_fixdul</name>
         <value>0x2ea8</value>
         <object_component_ref idref="oc-3bc"/>
      </symbol>
      <symbol id="sm-45f">
         <name>__mspabi_fltud</name>
         <value>0x372a</value>
         <object_component_ref idref="oc-334"/>
      </symbol>
      <symbol id="sm-474">
         <name>__mspabi_fltuld</name>
         <value>0x2d26</value>
         <object_component_ref idref="oc-39b"/>
      </symbol>
      <symbol id="sm-48f">
         <name>__TI_frcdivd</name>
         <value>0x16dc</value>
         <object_component_ref idref="oc-3b4"/>
      </symbol>
      <symbol id="sm-4b1">
         <name>__mspabi_mpyd</name>
         <value>0x23bc</value>
         <object_component_ref idref="oc-33a"/>
      </symbol>
      <symbol id="sm-4bb">
         <name>C$$EXIT</name>
         <value>0x3730</value>
         <object_component_ref idref="oc-20e"/>
      </symbol>
      <symbol id="sm-4bc">
         <name>abort</name>
         <value>0x3730</value>
         <object_component_ref idref="oc-20e"/>
      </symbol>
      <symbol id="sm-4cc">
         <name>memcpy</name>
         <value>0x36e6</value>
         <object_component_ref idref="oc-113"/>
      </symbol>
      <symbol id="sm-4d6">
         <name>abs</name>
         <value>0x3718</value>
         <object_component_ref idref="oc-31a"/>
      </symbol>
      <symbol id="sm-4de">
         <name>__mspabi_srai</name>
         <value>0x34ce</value>
         <object_component_ref idref="oc-3a2"/>
      </symbol>
      <symbol id="sm-4df">
         <name>__mspabi_srai_8</name>
         <value>0x34e8</value>
         <object_component_ref idref="oc-3a2"/>
      </symbol>
      <symbol id="sm-4e0">
         <name>__mspabi_srai_9</name>
         <value>0x34e6</value>
         <object_component_ref idref="oc-3a2"/>
      </symbol>
      <symbol id="sm-4e1">
         <name>__mspabi_srai_6</name>
         <value>0x34ec</value>
         <object_component_ref idref="oc-3a2"/>
      </symbol>
      <symbol id="sm-4e2">
         <name>__mspabi_srai_7</name>
         <value>0x34ea</value>
         <object_component_ref idref="oc-3a2"/>
      </symbol>
      <symbol id="sm-4e3">
         <name>__mspabi_srai_4</name>
         <value>0x34f0</value>
         <object_component_ref idref="oc-3a2"/>
      </symbol>
      <symbol id="sm-4e4">
         <name>__mspabi_srai_5</name>
         <value>0x34ee</value>
         <object_component_ref idref="oc-3a2"/>
      </symbol>
      <symbol id="sm-4e5">
         <name>__mspabi_srai_2</name>
         <value>0x34f4</value>
         <object_component_ref idref="oc-3a2"/>
      </symbol>
      <symbol id="sm-4e6">
         <name>__mspabi_srai_3</name>
         <value>0x34f2</value>
         <object_component_ref idref="oc-3a2"/>
      </symbol>
      <symbol id="sm-4e7">
         <name>__mspabi_srai_1</name>
         <value>0x34f6</value>
         <object_component_ref idref="oc-3a2"/>
      </symbol>
      <symbol id="sm-4e8">
         <name>__mspabi_srai_15</name>
         <value>0x34da</value>
         <object_component_ref idref="oc-3a2"/>
      </symbol>
      <symbol id="sm-4e9">
         <name>__mspabi_srai_14</name>
         <value>0x34dc</value>
         <object_component_ref idref="oc-3a2"/>
      </symbol>
      <symbol id="sm-4ea">
         <name>__mspabi_srai_13</name>
         <value>0x34de</value>
         <object_component_ref idref="oc-3a2"/>
      </symbol>
      <symbol id="sm-4eb">
         <name>__mspabi_srai_12</name>
         <value>0x34e0</value>
         <object_component_ref idref="oc-3a2"/>
      </symbol>
      <symbol id="sm-4ec">
         <name>__mspabi_srai_11</name>
         <value>0x34e2</value>
         <object_component_ref idref="oc-3a2"/>
      </symbol>
      <symbol id="sm-4ed">
         <name>__mspabi_srai_10</name>
         <value>0x34e4</value>
         <object_component_ref idref="oc-3a2"/>
      </symbol>
      <symbol id="sm-4f5">
         <name>__mspabi_sral_15</name>
         <value>0x330c</value>
         <object_component_ref idref="oc-3e0"/>
      </symbol>
      <symbol id="sm-4f6">
         <name>__mspabi_sral_14</name>
         <value>0x3310</value>
         <object_component_ref idref="oc-3e0"/>
      </symbol>
      <symbol id="sm-4f7">
         <name>__mspabi_sral_13</name>
         <value>0x3314</value>
         <object_component_ref idref="oc-3e0"/>
      </symbol>
      <symbol id="sm-4f8">
         <name>__mspabi_sral_12</name>
         <value>0x3318</value>
         <object_component_ref idref="oc-3e0"/>
      </symbol>
      <symbol id="sm-4f9">
         <name>__mspabi_sral_11</name>
         <value>0x331c</value>
         <object_component_ref idref="oc-3e0"/>
      </symbol>
      <symbol id="sm-4fa">
         <name>__mspabi_sral_10</name>
         <value>0x3320</value>
         <object_component_ref idref="oc-3e0"/>
      </symbol>
      <symbol id="sm-4fb">
         <name>__mspabi_sral_8</name>
         <value>0x3328</value>
         <object_component_ref idref="oc-3e0"/>
      </symbol>
      <symbol id="sm-4fc">
         <name>__mspabi_sral_9</name>
         <value>0x3324</value>
         <object_component_ref idref="oc-3e0"/>
      </symbol>
      <symbol id="sm-4fd">
         <name>__mspabi_sral_6</name>
         <value>0x3330</value>
         <object_component_ref idref="oc-3e0"/>
      </symbol>
      <symbol id="sm-4fe">
         <name>__mspabi_sral_7</name>
         <value>0x332c</value>
         <object_component_ref idref="oc-3e0"/>
      </symbol>
      <symbol id="sm-4ff">
         <name>__mspabi_sral_4</name>
         <value>0x3338</value>
         <object_component_ref idref="oc-3e0"/>
      </symbol>
      <symbol id="sm-500">
         <name>__mspabi_sral_5</name>
         <value>0x3334</value>
         <object_component_ref idref="oc-3e0"/>
      </symbol>
      <symbol id="sm-501">
         <name>__mspabi_sral_2</name>
         <value>0x3340</value>
         <object_component_ref idref="oc-3e0"/>
      </symbol>
      <symbol id="sm-502">
         <name>__mspabi_sral_3</name>
         <value>0x333c</value>
         <object_component_ref idref="oc-3e0"/>
      </symbol>
      <symbol id="sm-503">
         <name>__mspabi_sral_1</name>
         <value>0x3344</value>
         <object_component_ref idref="oc-3e0"/>
      </symbol>
      <symbol id="sm-50b">
         <name>__mspabi_slll_9</name>
         <value>0x3362</value>
         <object_component_ref idref="oc-3d3"/>
      </symbol>
      <symbol id="sm-50c">
         <name>__mspabi_slll_8</name>
         <value>0x3366</value>
         <object_component_ref idref="oc-3d3"/>
      </symbol>
      <symbol id="sm-50d">
         <name>__mspabi_slll_7</name>
         <value>0x336a</value>
         <object_component_ref idref="oc-3d3"/>
      </symbol>
      <symbol id="sm-50e">
         <name>__mspabi_slll_6</name>
         <value>0x336e</value>
         <object_component_ref idref="oc-3d3"/>
      </symbol>
      <symbol id="sm-50f">
         <name>__mspabi_slll_5</name>
         <value>0x3372</value>
         <object_component_ref idref="oc-3d3"/>
      </symbol>
      <symbol id="sm-510">
         <name>__mspabi_slll_4</name>
         <value>0x3376</value>
         <object_component_ref idref="oc-3d3"/>
      </symbol>
      <symbol id="sm-511">
         <name>__mspabi_slll_3</name>
         <value>0x337a</value>
         <object_component_ref idref="oc-3d3"/>
      </symbol>
      <symbol id="sm-512">
         <name>__mspabi_slll_2</name>
         <value>0x337e</value>
         <object_component_ref idref="oc-3d3"/>
      </symbol>
      <symbol id="sm-513">
         <name>__mspabi_slll_1</name>
         <value>0x3382</value>
         <object_component_ref idref="oc-3d3"/>
      </symbol>
      <symbol id="sm-514">
         <name>__mspabi_slll_15</name>
         <value>0x334a</value>
         <object_component_ref idref="oc-3d3"/>
      </symbol>
      <symbol id="sm-515">
         <name>__mspabi_slll_14</name>
         <value>0x334e</value>
         <object_component_ref idref="oc-3d3"/>
      </symbol>
      <symbol id="sm-516">
         <name>__mspabi_slll_13</name>
         <value>0x3352</value>
         <object_component_ref idref="oc-3d3"/>
      </symbol>
      <symbol id="sm-517">
         <name>__mspabi_slll_12</name>
         <value>0x3356</value>
         <object_component_ref idref="oc-3d3"/>
      </symbol>
      <symbol id="sm-518">
         <name>__mspabi_slll_11</name>
         <value>0x335a</value>
         <object_component_ref idref="oc-3d3"/>
      </symbol>
      <symbol id="sm-519">
         <name>__mspabi_slll_10</name>
         <value>0x335e</value>
         <object_component_ref idref="oc-3d3"/>
      </symbol>
      <symbol id="sm-529">
         <name>__mspabi_srll_8</name>
         <value>0x307c</value>
         <object_component_ref idref="oc-3d8"/>
      </symbol>
      <symbol id="sm-52a">
         <name>__mspabi_srll_9</name>
         <value>0x3076</value>
         <object_component_ref idref="oc-3d8"/>
      </symbol>
      <symbol id="sm-52b">
         <name>__mspabi_srll_6</name>
         <value>0x3088</value>
         <object_component_ref idref="oc-3d8"/>
      </symbol>
      <symbol id="sm-52c">
         <name>__mspabi_srll_7</name>
         <value>0x3082</value>
         <object_component_ref idref="oc-3d8"/>
      </symbol>
      <symbol id="sm-52d">
         <name>__mspabi_srll_4</name>
         <value>0x3094</value>
         <object_component_ref idref="oc-3d8"/>
      </symbol>
      <symbol id="sm-52e">
         <name>__mspabi_srll_5</name>
         <value>0x308e</value>
         <object_component_ref idref="oc-3d8"/>
      </symbol>
      <symbol id="sm-52f">
         <name>__mspabi_srll_2</name>
         <value>0x30a0</value>
         <object_component_ref idref="oc-3d8"/>
      </symbol>
      <symbol id="sm-530">
         <name>__mspabi_srll_3</name>
         <value>0x309a</value>
         <object_component_ref idref="oc-3d8"/>
      </symbol>
      <symbol id="sm-531">
         <name>__mspabi_srll_1</name>
         <value>0x30a6</value>
         <object_component_ref idref="oc-3d8"/>
      </symbol>
      <symbol id="sm-532">
         <name>__mspabi_srll_15</name>
         <value>0x3052</value>
         <object_component_ref idref="oc-3d8"/>
      </symbol>
      <symbol id="sm-533">
         <name>__mspabi_srll_14</name>
         <value>0x3058</value>
         <object_component_ref idref="oc-3d8"/>
      </symbol>
      <symbol id="sm-534">
         <name>__mspabi_srll_13</name>
         <value>0x305e</value>
         <object_component_ref idref="oc-3d8"/>
      </symbol>
      <symbol id="sm-535">
         <name>__mspabi_srll_12</name>
         <value>0x3064</value>
         <object_component_ref idref="oc-3d8"/>
      </symbol>
      <symbol id="sm-536">
         <name>__mspabi_srll_11</name>
         <value>0x306a</value>
         <object_component_ref idref="oc-3d8"/>
      </symbol>
      <symbol id="sm-537">
         <name>__mspabi_srll_10</name>
         <value>0x3070</value>
         <object_component_ref idref="oc-3d8"/>
      </symbol>
      <symbol id="sm-538">
         <name>__mspabi_srll</name>
         <value>0x36d4</value>
         <object_component_ref idref="oc-3f2"/>
      </symbol>
      <symbol id="sm-54a">
         <name>__TI_frcmpyd</name>
         <value>0x2136</value>
         <object_component_ref idref="oc-3a7"/>
      </symbol>
   </symbol_table>
   <title>Link successful</title>
</link_info>
