******************************************************************************
                  MSP430 Linker PC v18.1.2                     
******************************************************************************
>> Linked Sun Nov 18 06:26:01 2018

OUTPUT FILE NAME:   <work_02.out>
ENTRY POINT SYMBOL: "_c_int00_noargs"  address: 0000362c


MEMORY CONFIGURATION

         name            origin    length      used     unused   attr    fill
----------------------  --------  ---------  --------  --------  ----  --------
  SFR                   00000000   00000010  00000000  00000010  RWIX
  PERIPHERALS_8BIT      00000010   000000f0  00000000  000000f0  RWIX
  PERIPHERALS_16BIT     00000100   00000100  00000000  00000100  RWIX
  RAM                   00000200   00000800  000000cc  00000734  RWIX
  INFOB                 00001000   00000080  00000000  00000080  RWIX
  INFOA                 00001080   00000080  00000000  00000080  RWIX
  FLASH                 00001100   0000eee0  000027c0  0000c720  RWIX
  INT00                 0000ffe0   00000002  00000002  00000000  RWIX
  INT01                 0000ffe2   00000002  00000002  00000000  RWIX
  INT02                 0000ffe4   00000002  00000002  00000000  RWIX
  INT03                 0000ffe6   00000002  00000002  00000000  RWIX
  INT04                 0000ffe8   00000002  00000002  00000000  RWIX
  INT05                 0000ffea   00000002  00000002  00000000  RWIX
  INT06                 0000ffec   00000002  00000002  00000000  RWIX
  INT07                 0000ffee   00000002  00000002  00000000  RWIX
  INT08                 0000fff0   00000002  00000002  00000000  RWIX
  INT09                 0000fff2   00000002  00000002  00000000  RWIX
  INT10                 0000fff4   00000002  00000002  00000000  RWIX
  INT11                 0000fff6   00000002  00000002  00000000  RWIX
  INT12                 0000fff8   00000002  00000002  00000000  RWIX
  INT13                 0000fffa   00000002  00000002  00000000  RWIX
  INT14                 0000fffc   00000002  00000002  00000000  RWIX
  RESET                 0000fffe   00000002  00000002  00000000  RWIX


SECTION ALLOCATION MAP

 output                                  attributes/
section   page    origin      length       input sections
--------  ----  ----------  ----------   ----------------
.bss       0    00000200    0000006e     UNINITIALIZED
                  00000200    0000000c     (.common:X_e)
                  0000020c    0000000c     (.common:X_s)
                  00000218    0000000c     (.common:deep)
                  00000224    0000000c     (.common:endAngle)
                  00000230    0000000c     (.common:startAngle)
                  0000023c    0000000c     (.common:type)
                  00000248    00000008     (.common:pausedNums)
                  00000250    00000004     (.common:coordinate)
                  00000254    00000002     (.common:LCD_X)
                  00000256    00000002     (.common:LCD_Y)
                  00000258    00000002     (.common:ltx)
                  0000025a    00000002     (.common:lty)
                  0000025c    00000001     (.common:Button_11)
                  0000025d    00000001     (.common:Button_12)
                  0000025e    00000001     (.common:Button_13)
                  0000025f    00000001     (.common:Button_21)
                  00000260    00000001     (.common:Button_22)
                  00000261    00000001     (.common:Button_23)
                  00000262    00000001     (.common:Button_31)
                  00000263    00000001     (.common:Button_32)
                  00000264    00000001     (.common:Button_33)
                  00000265    00000001     (.common:Button_41)
                  00000266    00000001     (.common:Button_42)
                  00000267    00000001     (.common:Button_43)
                  00000268    00000001     (.common:tmpDeep)
                  00000269    00000001     (.common:tmpEndAngle)
                  0000026a    00000001     (.common:tmpStartAngle)
                  0000026b    00000001     (.common:tmpType)
                  0000026c    00000001     (.common:tmpX_e)
                  0000026d    00000001     (.common:tmpX_s)

.data      0    0000026e    0000000e     UNINITIALIZED
                  0000026e    00000006     main.obj (.data:angle90)
                  00000274    00000006     main.obj (.data)
                  0000027a    00000002     TFT.obj (.data)

.stack     0    000009b0    00000050     UNINITIALIZED
                  000009b0    00000002     rts430_eabi.lib : boot.c.obj (.stack)
                  000009b2    0000004e     --HOLE--

.text      0    00001100    0000263c     
                  00001100    000005dc     Touch.obj (.text:Detect_TP)
                  000016dc    00000478     rts430_eabi.lib : frcdivd.c.obj (.text:__TI_frcdivd)
                  00001b54    00000306     main.obj (.text:findNum)
                  00001e5a    000002dc     TFT.obj (.text:TFT_Initial)
                  00002136    00000286     rts430_eabi.lib : frcmpyd.c.obj (.text:__TI_frcmpyd)
                  000023bc    0000026e                     : mpyd.c.obj (.text:__mspabi_mpyd)
                  0000262a    00000238                     : divd.c.obj (.text:__mspabi_divd)
                  00002862    0000011c     main.obj (.text:main)
                  0000297e    0000010e     main.obj (.text:Init_Data)
                  00002a8c    000000f0     Touch.obj (.text:Getpix)
                  00002b7c    000000ec     GUI.obj (.text:DisplayDesk)
                  00002c68    000000be     GUI.obj (.text:GUIline)
                  00002d26    0000008a     rts430_eabi.lib : fltuld.c.obj (.text:__mspabi_fltuld)
                  00002db0    0000007c     GUI.obj (.text:GUIsquare2pix)
                  00002e2c    0000007c     rts430_eabi.lib : copy_decompress_lzss.c.obj (.text:decompress:lzss:__TI_decompress_lzss)
                  00002ea8    00000074                     : fixdul.c.obj (.text:__mspabi_fixdul)
                  00002f1c    00000074     main.obj (.text:selectData)
                  00002f90    00000066     TFT.obj (.text:displayNums)
                  00002ff6    0000005c     I2C_reg.obj (.text:IICRead)
                  00003052    0000005c     rts430_eabi.lib : lsr32.asm.obj (.text:l_lsr_const)
                  000030ae    00000058     TFT.obj (.text:LCD_SetPos)
                  00003106    00000054     Touch.obj (.text:pix_filter)
                  0000315a    0000004e     Touch.obj (.text:AD7843)
                  000031a8    0000004c     rts430_eabi.lib : lsr16.asm.obj (.text)
                  000031f4    0000004a     I2C_reg.obj (.text:IICWrite)
                  0000323e    0000004a     MPU6050.obj (.text:MPU6050_Init)
                  00003288    00000042     GUI.obj (.text:CLR_Screen)
                  000032ca    00000042     rts430_eabi.lib : autoinit.c.obj (.text:__TI_auto_init_nobinit_nopinit:__TI_auto_init_nobinit_nopinit)
                  0000330c    0000003e                     : asr32.asm.obj (.text:l_asr_const)
                  0000334a    0000003e                     : lsl32.asm.obj (.text:l_lsl_const)
                  00003388    00000032     TFT.obj (.text:Write_Cmd)
                  000033ba    00000030     Touch.obj (.text:Write_7843)
                  000033ea    00000030     interrupt.obj (.text:interrupt_init)
                  0000341a    0000002e     timeConfig.obj (.text:Clock_Init)
                  00003448    0000002e     rts430_eabi.lib : mult32_hw.asm.obj (.text)
                  00003476    0000002c     I2C_reg.obj (.text:IIC_init)
                  000034a2    0000002c     TFT.obj (.text:Write_Data)
                  000034ce    0000002c     rts430_eabi.lib : asr16.asm.obj (.text)
                  000034fa    0000002c                     : div16s.asm.obj (.text)
                  00003526    0000002c                     : lsl16.asm.obj (.text)
                  00003552    0000002a     main.obj (.text:DistanceMatch)
                  0000357c    0000002a     Touch.obj (.text:Read_7843)
                  000035a6    00000026     Touch.obj (.text:start_7843)
                  000035cc    00000022     MPU6050.obj (.text:readMpu16)
                  000035ee    00000020     main.obj (.text:pow10)
                  0000360e    0000001e     TFT.obj (.text:Write_Cmd_Data)
                  0000362c    0000001c     rts430_eabi.lib : boot.c.obj (.text:_c_int00_noargs)
                  00003648    00000018     GUI.obj (.text:GUIpoint)
                  00003660    00000016     rts430_eabi.lib : div16u.asm.obj (.text)
                  00003676    00000014                     : copy_zero_init.c.obj (.text:decompress:ZI:__TI_zero_init_nomemset:__TI_zero_init_nomemset)
                  0000368a    00000014                     : mult16_hw.asm.obj (.text)
                  0000369e    00000012     main.obj (.text:Port1_ISR)
                  000036b0    00000012     rts430_eabi.lib : fixdu.c.obj (.text:__mspabi_fixdu)
                  000036c2    00000012                     : copy_decompress_none.c.obj (.text:decompress:none:__TI_decompress_none)
                  000036d4    00000012                     : lsr32.asm.obj (.text:l_lsr)
                  000036e6    00000012                     : memcpy.c.obj (.text:memcpy)
                  000036f8    00000010     TFT.obj (.text:Write_Data_U16)
                  00003708    00000010     rts430_eabi.lib : epilog.asm.obj (.text)
                  00003718    0000000a                     : abs.c.obj (.text:abs)
                  00003722    00000008                     : isr_trap.asm.obj (.text:_isr:__TI_ISR_TRAP)
                  0000372a    00000006                     : fltud.c.obj (.text:__mspabi_fltud)
                  00003730    00000006                     : exit.c.obj (.text:abort)
                  00003736    00000004                     : pre_init.c.obj (.text:_system_pre_init)
                  0000373a    00000002                     : startup.c.obj (.text:_system_post_cinit)

.const     0    0000373c    00000160     
                  0000373c    00000160     TFT.obj (.const:.string:nums)

.cinit     0    0000389c    00000024     
                  0000389c    00000012     (.cinit..data.load) [load image]
                  000038ae    00000006     (__TI_handler_table)
                  000038b4    00000004     (.cinit..bss.load) [load image, compression = zero_init]
                  000038b8    00000008     (__TI_cinit_table)

.binit     0    00001100    00000000     

.init_array 
*          0    00001100    00000000     UNINITIALIZED

DACDMA     0    0000ffe0    00000002     
                  0000ffe0    00000002     rts430_eabi.lib : int00.asm.obj (.int00)

PORT2      0    0000ffe2    00000002     
                  0000ffe2    00000002     rts430_eabi.lib : int01.asm.obj (.int01)

USART1TX   0    0000ffe4    00000002     
                  0000ffe4    00000002     rts430_eabi.lib : int02.asm.obj (.int02)

USART1RX   0    0000ffe6    00000002     
                  0000ffe6    00000002     rts430_eabi.lib : int03.asm.obj (.int03)

PORT1      0    0000ffe8    00000002     
                  0000ffe8    00000002     main.obj (.int04)

TIMERA1    0    0000ffea    00000002     
                  0000ffea    00000002     rts430_eabi.lib : int05.asm.obj (.int05)

TIMERA0    0    0000ffec    00000002     
                  0000ffec    00000002     rts430_eabi.lib : int06.asm.obj (.int06)

ADC12      0    0000ffee    00000002     
                  0000ffee    00000002     rts430_eabi.lib : int07.asm.obj (.int07)

USART0TX   0    0000fff0    00000002     
                  0000fff0    00000002     rts430_eabi.lib : int08.asm.obj (.int08)

USART0RX   0    0000fff2    00000002     
                  0000fff2    00000002     rts430_eabi.lib : int09.asm.obj (.int09)

WDT        0    0000fff4    00000002     
                  0000fff4    00000002     rts430_eabi.lib : int10.asm.obj (.int10)

COMPARATORA 
*          0    0000fff6    00000002     
                  0000fff6    00000002     rts430_eabi.lib : int11.asm.obj (.int11)

TIMERB1    0    0000fff8    00000002     
                  0000fff8    00000002     rts430_eabi.lib : int12.asm.obj (.int12)

TIMERB0    0    0000fffa    00000002     
                  0000fffa    00000002     rts430_eabi.lib : int13.asm.obj (.int13)

NMI        0    0000fffc    00000002     
                  0000fffc    00000002     rts430_eabi.lib : int14.asm.obj (.int14)

.reset     0    0000fffe    00000002     
                  0000fffe    00000002     rts430_eabi.lib : boot.c.obj (.reset)

MODULE SUMMARY

       Module                       code   ro data   rw data
       ------                       ----   -------   -------
    .\
       Touch.obj                    2030   0         24     
       main.obj                     1536   2         98     
       TFT.obj                      1062   352       2      
       GUI.obj                      640    0         0      
       I2C_reg.obj                  210    0         0      
       MPU6050.obj                  108    0         0      
       interrupt.obj                48     0         0      
       timeConfig.obj               46     0         0      
    +--+----------------------------+------+---------+---------+
       Total:                       5680   354       124    
                                                            
    C:\ti\ccsv8\tools\compiler\ti-cgt-msp430_18.1.2.LTS\lib\rts430_eabi.lib
       frcdivd.c.obj                1144   0         0      
       frcmpyd.c.obj                646    0         0      
       mpyd.c.obj                   622    0         0      
       divd.c.obj                   568    0         0      
       fltuld.c.obj                 138    0         0      
       copy_decompress_lzss.c.obj   124    0         0      
       fixdul.c.obj                 116    0         0      
       lsr32.asm.obj                110    0         0      
       lsr16.asm.obj                76     0         0      
       autoinit.c.obj               66     0         0      
       asr32.asm.obj                62     0         0      
       lsl32.asm.obj                62     0         0      
       mult32_hw.asm.obj            46     0         0      
       asr16.asm.obj                44     0         0      
       div16s.asm.obj               44     0         0      
       lsl16.asm.obj                44     0         0      
       boot.c.obj                   28     2         0      
       div16u.asm.obj               22     0         0      
       copy_zero_init.c.obj         20     0         0      
       mult16_hw.asm.obj            20     0         0      
       copy_decompress_none.c.obj   18     0         0      
       fixdu.c.obj                  18     0         0      
       memcpy.c.obj                 18     0         0      
       epilog.asm.obj               16     0         0      
       abs.c.obj                    10     0         0      
       isr_trap.asm.obj             8      0         0      
       exit.c.obj                   6      0         0      
       fltud.c.obj                  6      0         0      
       pre_init.c.obj               4      0         0      
       int00.asm.obj                0      2         0      
       int01.asm.obj                0      2         0      
       int02.asm.obj                0      2         0      
       int03.asm.obj                0      2         0      
       int05.asm.obj                0      2         0      
       int06.asm.obj                0      2         0      
       int07.asm.obj                0      2         0      
       int08.asm.obj                0      2         0      
       int09.asm.obj                0      2         0      
       int10.asm.obj                0      2         0      
       int11.asm.obj                0      2         0      
       int12.asm.obj                0      2         0      
       int13.asm.obj                0      2         0      
       int14.asm.obj                0      2         0      
       startup.c.obj                2      0         0      
    +--+----------------------------+------+---------+---------+
       Total:                       4108   30        0      
                                                            
       Stack:                       0      0         80     
       Linker Generated:            0      36        0      
    +--+----------------------------+------+---------+---------+
       Grand Total:                 9788   420       204    


LINKER GENERATED COPY TABLES

__TI_cinit_table @ 000038b8 records: 2, size/record: 4, table size: 8
	.data: load addr=0000389c, load size=00000012 bytes, run addr=0000026e, run size=0000000e bytes, compression=copy
	.bss: load addr=000038b4, load size=00000004 bytes, run addr=00000200, run size=0000006e bytes, compression=zero_init


LINKER GENERATED HANDLER TABLE

__TI_handler_table @ 000038ae records: 3, size/record: 2, table size: 6
	index: 0, handler: __TI_zero_init
	index: 1, handler: __TI_decompress_lzss
	index: 2, handler: __TI_decompress_none


GLOBAL SYMBOLS: SORTED ALPHABETICALLY BY Name 

address   name                          
-------   ----                          
0000315a  AD7843                        
000001a0  ADC12CTL0                     
000001a2  ADC12CTL1                     
000001a6  ADC12IE                       
000001a4  ADC12IFG                      
000001a8  ADC12IV                       
00000080  ADC12MCTL0                    
00000081  ADC12MCTL1                    
0000008a  ADC12MCTL10                   
0000008b  ADC12MCTL11                   
0000008c  ADC12MCTL12                   
0000008d  ADC12MCTL13                   
0000008e  ADC12MCTL14                   
0000008f  ADC12MCTL15                   
00000082  ADC12MCTL2                    
00000083  ADC12MCTL3                    
00000084  ADC12MCTL4                    
00000085  ADC12MCTL5                    
00000086  ADC12MCTL6                    
00000087  ADC12MCTL7                    
00000088  ADC12MCTL8                    
00000089  ADC12MCTL9                    
00000140  ADC12MEM0                     
00000142  ADC12MEM1                     
00000154  ADC12MEM10                    
00000156  ADC12MEM11                    
00000158  ADC12MEM12                    
0000015a  ADC12MEM13                    
0000015c  ADC12MEM14                    
0000015e  ADC12MEM15                    
00000144  ADC12MEM2                     
00000146  ADC12MEM3                     
00000148  ADC12MEM4                     
0000014a  ADC12MEM5                     
0000014c  ADC12MEM6                     
0000014e  ADC12MEM7                     
00000150  ADC12MEM8                     
00000152  ADC12MEM9                     
00000057  BCSCTL1                       
00000058  BCSCTL2                       
0000025c  Button_11                     
0000025d  Button_12                     
0000025e  Button_13                     
0000025f  Button_21                     
00000260  Button_22                     
00000261  Button_23                     
00000262  Button_31                     
00000263  Button_32                     
00000264  Button_33                     
00000265  Button_41                     
00000266  Button_42                     
00000267  Button_43                     
00003730  C$$EXIT                       
00000059  CACTL1                        
0000005a  CACTL2                        
0000005b  CAPD                          
00003288  CLR_Screen                    
0000341a  Clock_Init                    
000001c0  DAC12_0CTL                    
000001c8  DAC12_0DAT                    
000001c2  DAC12_1CTL                    
000001ca  DAC12_1DAT                    
00000056  DCOCTL                        
000001e0  DMA0CTL                       
000001e4  DMA0DA                        
000001e2  DMA0SA                        
000001e6  DMA0SZ                        
000001e8  DMA1CTL                       
000001ec  DMA1DA                        
000001ea  DMA1SA                        
000001ee  DMA1SZ                        
000001f0  DMA2CTL                       
000001f4  DMA2DA                        
000001f2  DMA2SA                        
000001f6  DMA2SZ                        
00000122  DMACTL0                       
00000124  DMACTL1                       
00001100  Detect_TP                     
0000027a  Device_code                   
00002b7c  DisplayDesk                   
00000274  Distance                      
00003552  DistanceMatch                 
00000128  FCTL1                         
0000012a  FCTL2                         
0000012c  FCTL3                         
00002c68  GUIline                       
00003648  GUIpoint                      
00002db0  GUIsquare2pix                 
00002a8c  Getpix                        
00000072  I2CDCTL                       
00000076  I2CDRB                        
00000076  I2CDRW                        
00000050  I2CIE                         
00000051  I2CIFG                        
0000011c  I2CIV                         
00000052  I2CNDAT                       
00000118  I2COA                         
00000073  I2CPSC                        
0000011a  I2CSA                         
00000074  I2CSCLH                       
00000075  I2CSCLL                       
00000071  I2CTCTL                       
00000000  IE1                           
00000001  IE2                           
00000002  IFG1                          
00000003  IFG2                          
00002ff6  IICRead                       
000031f4  IICWrite                      
00003476  IIC_init                      
0000297e  Init_Data                     
000030ae  LCD_SetPos                    
00000254  LCD_X                         
00000256  LCD_Y                         
00000134  MAC                           
00000136  MACS                          
00000004  ME1                           
00000005  ME2                           
0000323e  MPU6050_Init                  
00000130  MPY                           
00000132  MPYS                          
00000138  OP2                           
00000022  P1DIR                         
00000025  P1IE                          
00000024  P1IES                         
00000023  P1IFG                         
00000020  P1IN                          
00000021  P1OUT                         
00000026  P1SEL                         
0000002a  P2DIR                         
0000002d  P2IE                          
0000002c  P2IES                         
0000002b  P2IFG                         
00000028  P2IN                          
00000029  P2OUT                         
0000002e  P2SEL                         
0000001a  P3DIR                         
00000018  P3IN                          
00000019  P3OUT                         
0000001b  P3SEL                         
0000001e  P4DIR                         
0000001c  P4IN                          
0000001d  P4OUT                         
0000001f  P4SEL                         
00000032  P5DIR                         
00000030  P5IN                          
00000031  P5OUT                         
00000033  P5SEL                         
00000036  P6DIR                         
00000034  P6IN                          
00000035  P6OUT                         
00000037  P6SEL                         
0000369e  Port1_ISR                     
0000013c  RESHI                         
0000013a  RESLO                         
0000357c  Read_7843                     
0000013e  SUMEXT                        
00000055  SVSCTL                        
00000172  TACCR0                        
00000174  TACCR1                        
00000176  TACCR2                        
00000162  TACCTL0                       
00000164  TACCTL1                       
00000166  TACCTL2                       
00000160  TACTL                         
0000012e  TAIV                          
00000170  TAR                           
00000192  TBCCR0                        
00000194  TBCCR1                        
00000196  TBCCR2                        
00000198  TBCCR3                        
0000019a  TBCCR4                        
0000019c  TBCCR5                        
0000019e  TBCCR6                        
00000182  TBCCTL0                       
00000184  TBCCTL1                       
00000186  TBCCTL2                       
00000188  TBCCTL3                       
0000018a  TBCCTL4                       
0000018c  TBCCTL5                       
0000018e  TBCCTL6                       
00000180  TBCTL                         
0000011e  TBIV                          
00000190  TBR                           
00001e5a  TFT_Initial                   
00000074  U0BR0                         
00000075  U0BR1                         
00000070  U0CTL                         
00000073  U0MCTL                        
00000072  U0RCTL                        
00000076  U0RXBUF                       
00000071  U0TCTL                        
00000077  U0TXBUF                       
0000007c  U1BR0                         
0000007d  U1BR1                         
00000078  U1CTL                         
0000007b  U1MCTL                        
0000007a  U1RCTL                        
0000007e  U1RXBUF                       
00000079  U1TCTL                        
0000007f  U1TXBUF                       
00000120  WDTCTL                        
000033ba  Write_7843                    
00003388  Write_Cmd                     
0000360e  Write_Cmd_Data                
000034a2  Write_Data                    
000036f8  Write_Data_U16                
00000200  X_e                           
0000020c  X_s                           
00000a00  __STACK_END                   
00000050  __STACK_SIZE                  
000038b8  __TI_CINIT_Base               
000038c0  __TI_CINIT_Limit              
000038ae  __TI_Handler_Table_Base       
000038b4  __TI_Handler_Table_Limit      
00003722  __TI_ISR_TRAP                 
000032ca  __TI_auto_init_nobinit_nopinit
00002e2c  __TI_decompress_lzss          
000036c2  __TI_decompress_none          
000016dc  __TI_frcdivd                  
00002136  __TI_frcmpyd                  
0000ffe0  __TI_int00                    
0000ffe2  __TI_int01                    
0000ffe4  __TI_int02                    
0000ffe6  __TI_int03                    
0000ffe8  __TI_int04                    
0000ffea  __TI_int05                    
0000ffec  __TI_int06                    
0000ffee  __TI_int07                    
0000fff0  __TI_int08                    
0000fff2  __TI_int09                    
0000fff4  __TI_int10                    
0000fff6  __TI_int11                    
0000fff8  __TI_int12                    
0000fffa  __TI_int13                    
0000fffc  __TI_int14                    
ffffffff  __TI_pprof_out_hndl           
ffffffff  __TI_prof_data_size           
ffffffff  __TI_prof_data_start          
00003676  __TI_zero_init_nomemset       
ffffffff  __c_args__                    
0000262a  __mspabi_divd                 
000034fa  __mspabi_divi                 
00003660  __mspabi_divu                 
000036b0  __mspabi_fixdu                
00002ea8  __mspabi_fixdul               
0000372a  __mspabi_fltud                
00002d26  __mspabi_fltuld               
00003714  __mspabi_func_epilog_1        
00003712  __mspabi_func_epilog_2        
00003710  __mspabi_func_epilog_3        
0000370e  __mspabi_func_epilog_4        
0000370c  __mspabi_func_epilog_5        
0000370a  __mspabi_func_epilog_6        
00003708  __mspabi_func_epilog_7        
000023bc  __mspabi_mpyd                 
0000368a  __mspabi_mpyi_hw              
00003448  __mspabi_mpyl_hw              
000034fa  __mspabi_remi                 
00003660  __mspabi_remu                 
00003526  __mspabi_slli                 
0000354e  __mspabi_slli_1               
0000353c  __mspabi_slli_10              
0000353a  __mspabi_slli_11              
00003538  __mspabi_slli_12              
00003536  __mspabi_slli_13              
00003534  __mspabi_slli_14              
00003532  __mspabi_slli_15              
0000354c  __mspabi_slli_2               
0000354a  __mspabi_slli_3               
00003548  __mspabi_slli_4               
00003546  __mspabi_slli_5               
00003544  __mspabi_slli_6               
00003542  __mspabi_slli_7               
00003540  __mspabi_slli_8               
0000353e  __mspabi_slli_9               
00003382  __mspabi_slll_1               
0000335e  __mspabi_slll_10              
0000335a  __mspabi_slll_11              
00003356  __mspabi_slll_12              
00003352  __mspabi_slll_13              
0000334e  __mspabi_slll_14              
0000334a  __mspabi_slll_15              
0000337e  __mspabi_slll_2               
0000337a  __mspabi_slll_3               
00003376  __mspabi_slll_4               
00003372  __mspabi_slll_5               
0000336e  __mspabi_slll_6               
0000336a  __mspabi_slll_7               
00003366  __mspabi_slll_8               
00003362  __mspabi_slll_9               
000034ce  __mspabi_srai                 
000034f6  __mspabi_srai_1               
000034e4  __mspabi_srai_10              
000034e2  __mspabi_srai_11              
000034e0  __mspabi_srai_12              
000034de  __mspabi_srai_13              
000034dc  __mspabi_srai_14              
000034da  __mspabi_srai_15              
000034f4  __mspabi_srai_2               
000034f2  __mspabi_srai_3               
000034f0  __mspabi_srai_4               
000034ee  __mspabi_srai_5               
000034ec  __mspabi_srai_6               
000034ea  __mspabi_srai_7               
000034e8  __mspabi_srai_8               
000034e6  __mspabi_srai_9               
00003344  __mspabi_sral_1               
00003320  __mspabi_sral_10              
0000331c  __mspabi_sral_11              
00003318  __mspabi_sral_12              
00003314  __mspabi_sral_13              
00003310  __mspabi_sral_14              
0000330c  __mspabi_sral_15              
00003340  __mspabi_sral_2               
0000333c  __mspabi_sral_3               
00003338  __mspabi_sral_4               
00003334  __mspabi_sral_5               
00003330  __mspabi_sral_6               
0000332c  __mspabi_sral_7               
00003328  __mspabi_sral_8               
00003324  __mspabi_sral_9               
000031a8  __mspabi_srli                 
000031ee  __mspabi_srli_1               
000031ca  __mspabi_srli_10              
000031c6  __mspabi_srli_11              
000031c2  __mspabi_srli_12              
000031be  __mspabi_srli_13              
000031ba  __mspabi_srli_14              
000031b6  __mspabi_srli_15              
000031ea  __mspabi_srli_2               
000031e6  __mspabi_srli_3               
000031e2  __mspabi_srli_4               
000031de  __mspabi_srli_5               
000031da  __mspabi_srli_6               
000031d6  __mspabi_srli_7               
000031d2  __mspabi_srli_8               
000031ce  __mspabi_srli_9               
000036d4  __mspabi_srll                 
000030a6  __mspabi_srll_1               
00003070  __mspabi_srll_10              
0000306a  __mspabi_srll_11              
00003064  __mspabi_srll_12              
0000305e  __mspabi_srll_13              
00003058  __mspabi_srll_14              
00003052  __mspabi_srll_15              
000030a0  __mspabi_srll_2               
0000309a  __mspabi_srll_3               
00003094  __mspabi_srll_4               
0000308e  __mspabi_srll_5               
00003088  __mspabi_srll_6               
00003082  __mspabi_srll_7               
0000307c  __mspabi_srll_8               
00003076  __mspabi_srll_9               
0000362c  _c_int00_noargs               
0000fffe  _reset_vector                 
000009b0  _stack                        
0000373a  _system_post_cinit            
00003736  _system_pre_init              
00003730  abort                         
00003718  abs                           
0000026e  angle90                       
00000250  coordinate                    
00000275  curX                          
00000218  deep                          
00002f90  displayNums                   
00000224  endAngle                      
00001b54  findNum                       
00000276  ifPaused                      
000033ea  interrupt_init                
00000258  ltx                           
0000025a  lty                           
00002862  main                          
000036e6  memcpy                        
0000373c  nums                          
00000248  pausedNums                    
00003106  pix_filter                    
000035ee  pow10                         
000035cc  readMpu16                     
00000278  ready                         
00002f1c  selectData                    
00000230  startAngle                    
000035a6  start_7843                    
00000279  suitAngle                     
00000268  tmpDeep                       
00000269  tmpEndAngle                   
00000277  tmpNum                        
0000026a  tmpStartAngle                 
0000026b  tmpType                       
0000026c  tmpX_e                        
0000026d  tmpX_s                        
0000023c  type                          


GLOBAL SYMBOLS: SORTED BY Symbol Address 

address   name                          
-------   ----                          
00000000  IE1                           
00000001  IE2                           
00000002  IFG1                          
00000003  IFG2                          
00000004  ME1                           
00000005  ME2                           
00000018  P3IN                          
00000019  P3OUT                         
0000001a  P3DIR                         
0000001b  P3SEL                         
0000001c  P4IN                          
0000001d  P4OUT                         
0000001e  P4DIR                         
0000001f  P4SEL                         
00000020  P1IN                          
00000021  P1OUT                         
00000022  P1DIR                         
00000023  P1IFG                         
00000024  P1IES                         
00000025  P1IE                          
00000026  P1SEL                         
00000028  P2IN                          
00000029  P2OUT                         
0000002a  P2DIR                         
0000002b  P2IFG                         
0000002c  P2IES                         
0000002d  P2IE                          
0000002e  P2SEL                         
00000030  P5IN                          
00000031  P5OUT                         
00000032  P5DIR                         
00000033  P5SEL                         
00000034  P6IN                          
00000035  P6OUT                         
00000036  P6DIR                         
00000037  P6SEL                         
00000050  I2CIE                         
00000050  __STACK_SIZE                  
00000051  I2CIFG                        
00000052  I2CNDAT                       
00000055  SVSCTL                        
00000056  DCOCTL                        
00000057  BCSCTL1                       
00000058  BCSCTL2                       
00000059  CACTL1                        
0000005a  CACTL2                        
0000005b  CAPD                          
00000070  U0CTL                         
00000071  I2CTCTL                       
00000071  U0TCTL                        
00000072  I2CDCTL                       
00000072  U0RCTL                        
00000073  I2CPSC                        
00000073  U0MCTL                        
00000074  I2CSCLH                       
00000074  U0BR0                         
00000075  I2CSCLL                       
00000075  U0BR1                         
00000076  I2CDRB                        
00000076  I2CDRW                        
00000076  U0RXBUF                       
00000077  U0TXBUF                       
00000078  U1CTL                         
00000079  U1TCTL                        
0000007a  U1RCTL                        
0000007b  U1MCTL                        
0000007c  U1BR0                         
0000007d  U1BR1                         
0000007e  U1RXBUF                       
0000007f  U1TXBUF                       
00000080  ADC12MCTL0                    
00000081  ADC12MCTL1                    
00000082  ADC12MCTL2                    
00000083  ADC12MCTL3                    
00000084  ADC12MCTL4                    
00000085  ADC12MCTL5                    
00000086  ADC12MCTL6                    
00000087  ADC12MCTL7                    
00000088  ADC12MCTL8                    
00000089  ADC12MCTL9                    
0000008a  ADC12MCTL10                   
0000008b  ADC12MCTL11                   
0000008c  ADC12MCTL12                   
0000008d  ADC12MCTL13                   
0000008e  ADC12MCTL14                   
0000008f  ADC12MCTL15                   
00000118  I2COA                         
0000011a  I2CSA                         
0000011c  I2CIV                         
0000011e  TBIV                          
00000120  WDTCTL                        
00000122  DMACTL0                       
00000124  DMACTL1                       
00000128  FCTL1                         
0000012a  FCTL2                         
0000012c  FCTL3                         
0000012e  TAIV                          
00000130  MPY                           
00000132  MPYS                          
00000134  MAC                           
00000136  MACS                          
00000138  OP2                           
0000013a  RESLO                         
0000013c  RESHI                         
0000013e  SUMEXT                        
00000140  ADC12MEM0                     
00000142  ADC12MEM1                     
00000144  ADC12MEM2                     
00000146  ADC12MEM3                     
00000148  ADC12MEM4                     
0000014a  ADC12MEM5                     
0000014c  ADC12MEM6                     
0000014e  ADC12MEM7                     
00000150  ADC12MEM8                     
00000152  ADC12MEM9                     
00000154  ADC12MEM10                    
00000156  ADC12MEM11                    
00000158  ADC12MEM12                    
0000015a  ADC12MEM13                    
0000015c  ADC12MEM14                    
0000015e  ADC12MEM15                    
00000160  TACTL                         
00000162  TACCTL0                       
00000164  TACCTL1                       
00000166  TACCTL2                       
00000170  TAR                           
00000172  TACCR0                        
00000174  TACCR1                        
00000176  TACCR2                        
00000180  TBCTL                         
00000182  TBCCTL0                       
00000184  TBCCTL1                       
00000186  TBCCTL2                       
00000188  TBCCTL3                       
0000018a  TBCCTL4                       
0000018c  TBCCTL5                       
0000018e  TBCCTL6                       
00000190  TBR                           
00000192  TBCCR0                        
00000194  TBCCR1                        
00000196  TBCCR2                        
00000198  TBCCR3                        
0000019a  TBCCR4                        
0000019c  TBCCR5                        
0000019e  TBCCR6                        
000001a0  ADC12CTL0                     
000001a2  ADC12CTL1                     
000001a4  ADC12IFG                      
000001a6  ADC12IE                       
000001a8  ADC12IV                       
000001c0  DAC12_0CTL                    
000001c2  DAC12_1CTL                    
000001c8  DAC12_0DAT                    
000001ca  DAC12_1DAT                    
000001e0  DMA0CTL                       
000001e2  DMA0SA                        
000001e4  DMA0DA                        
000001e6  DMA0SZ                        
000001e8  DMA1CTL                       
000001ea  DMA1SA                        
000001ec  DMA1DA                        
000001ee  DMA1SZ                        
000001f0  DMA2CTL                       
000001f2  DMA2SA                        
000001f4  DMA2DA                        
000001f6  DMA2SZ                        
00000200  X_e                           
0000020c  X_s                           
00000218  deep                          
00000224  endAngle                      
00000230  startAngle                    
0000023c  type                          
00000248  pausedNums                    
00000250  coordinate                    
00000254  LCD_X                         
00000256  LCD_Y                         
00000258  ltx                           
0000025a  lty                           
0000025c  Button_11                     
0000025d  Button_12                     
0000025e  Button_13                     
0000025f  Button_21                     
00000260  Button_22                     
00000261  Button_23                     
00000262  Button_31                     
00000263  Button_32                     
00000264  Button_33                     
00000265  Button_41                     
00000266  Button_42                     
00000267  Button_43                     
00000268  tmpDeep                       
00000269  tmpEndAngle                   
0000026a  tmpStartAngle                 
0000026b  tmpType                       
0000026c  tmpX_e                        
0000026d  tmpX_s                        
0000026e  angle90                       
00000274  Distance                      
00000275  curX                          
00000276  ifPaused                      
00000277  tmpNum                        
00000278  ready                         
00000279  suitAngle                     
0000027a  Device_code                   
000009b0  _stack                        
00000a00  __STACK_END                   
00001100  Detect_TP                     
000016dc  __TI_frcdivd                  
00001b54  findNum                       
00001e5a  TFT_Initial                   
00002136  __TI_frcmpyd                  
000023bc  __mspabi_mpyd                 
0000262a  __mspabi_divd                 
00002862  main                          
0000297e  Init_Data                     
00002a8c  Getpix                        
00002b7c  DisplayDesk                   
00002c68  GUIline                       
00002d26  __mspabi_fltuld               
00002db0  GUIsquare2pix                 
00002e2c  __TI_decompress_lzss          
00002ea8  __mspabi_fixdul               
00002f1c  selectData                    
00002f90  displayNums                   
00002ff6  IICRead                       
00003052  __mspabi_srll_15              
00003058  __mspabi_srll_14              
0000305e  __mspabi_srll_13              
00003064  __mspabi_srll_12              
0000306a  __mspabi_srll_11              
00003070  __mspabi_srll_10              
00003076  __mspabi_srll_9               
0000307c  __mspabi_srll_8               
00003082  __mspabi_srll_7               
00003088  __mspabi_srll_6               
0000308e  __mspabi_srll_5               
00003094  __mspabi_srll_4               
0000309a  __mspabi_srll_3               
000030a0  __mspabi_srll_2               
000030a6  __mspabi_srll_1               
000030ae  LCD_SetPos                    
00003106  pix_filter                    
0000315a  AD7843                        
000031a8  __mspabi_srli                 
000031b6  __mspabi_srli_15              
000031ba  __mspabi_srli_14              
000031be  __mspabi_srli_13              
000031c2  __mspabi_srli_12              
000031c6  __mspabi_srli_11              
000031ca  __mspabi_srli_10              
000031ce  __mspabi_srli_9               
000031d2  __mspabi_srli_8               
000031d6  __mspabi_srli_7               
000031da  __mspabi_srli_6               
000031de  __mspabi_srli_5               
000031e2  __mspabi_srli_4               
000031e6  __mspabi_srli_3               
000031ea  __mspabi_srli_2               
000031ee  __mspabi_srli_1               
000031f4  IICWrite                      
0000323e  MPU6050_Init                  
00003288  CLR_Screen                    
000032ca  __TI_auto_init_nobinit_nopinit
0000330c  __mspabi_sral_15              
00003310  __mspabi_sral_14              
00003314  __mspabi_sral_13              
00003318  __mspabi_sral_12              
0000331c  __mspabi_sral_11              
00003320  __mspabi_sral_10              
00003324  __mspabi_sral_9               
00003328  __mspabi_sral_8               
0000332c  __mspabi_sral_7               
00003330  __mspabi_sral_6               
00003334  __mspabi_sral_5               
00003338  __mspabi_sral_4               
0000333c  __mspabi_sral_3               
00003340  __mspabi_sral_2               
00003344  __mspabi_sral_1               
0000334a  __mspabi_slll_15              
0000334e  __mspabi_slll_14              
00003352  __mspabi_slll_13              
00003356  __mspabi_slll_12              
0000335a  __mspabi_slll_11              
0000335e  __mspabi_slll_10              
00003362  __mspabi_slll_9               
00003366  __mspabi_slll_8               
0000336a  __mspabi_slll_7               
0000336e  __mspabi_slll_6               
00003372  __mspabi_slll_5               
00003376  __mspabi_slll_4               
0000337a  __mspabi_slll_3               
0000337e  __mspabi_slll_2               
00003382  __mspabi_slll_1               
00003388  Write_Cmd                     
000033ba  Write_7843                    
000033ea  interrupt_init                
0000341a  Clock_Init                    
00003448  __mspabi_mpyl_hw              
00003476  IIC_init                      
000034a2  Write_Data                    
000034ce  __mspabi_srai                 
000034da  __mspabi_srai_15              
000034dc  __mspabi_srai_14              
000034de  __mspabi_srai_13              
000034e0  __mspabi_srai_12              
000034e2  __mspabi_srai_11              
000034e4  __mspabi_srai_10              
000034e6  __mspabi_srai_9               
000034e8  __mspabi_srai_8               
000034ea  __mspabi_srai_7               
000034ec  __mspabi_srai_6               
000034ee  __mspabi_srai_5               
000034f0  __mspabi_srai_4               
000034f2  __mspabi_srai_3               
000034f4  __mspabi_srai_2               
000034f6  __mspabi_srai_1               
000034fa  __mspabi_divi                 
000034fa  __mspabi_remi                 
00003526  __mspabi_slli                 
00003532  __mspabi_slli_15              
00003534  __mspabi_slli_14              
00003536  __mspabi_slli_13              
00003538  __mspabi_slli_12              
0000353a  __mspabi_slli_11              
0000353c  __mspabi_slli_10              
0000353e  __mspabi_slli_9               
00003540  __mspabi_slli_8               
00003542  __mspabi_slli_7               
00003544  __mspabi_slli_6               
00003546  __mspabi_slli_5               
00003548  __mspabi_slli_4               
0000354a  __mspabi_slli_3               
0000354c  __mspabi_slli_2               
0000354e  __mspabi_slli_1               
00003552  DistanceMatch                 
0000357c  Read_7843                     
000035a6  start_7843                    
000035cc  readMpu16                     
000035ee  pow10                         
0000360e  Write_Cmd_Data                
0000362c  _c_int00_noargs               
00003648  GUIpoint                      
00003660  __mspabi_divu                 
00003660  __mspabi_remu                 
00003676  __TI_zero_init_nomemset       
0000368a  __mspabi_mpyi_hw              
0000369e  Port1_ISR                     
000036b0  __mspabi_fixdu                
000036c2  __TI_decompress_none          
000036d4  __mspabi_srll                 
000036e6  memcpy                        
000036f8  Write_Data_U16                
00003708  __mspabi_func_epilog_7        
0000370a  __mspabi_func_epilog_6        
0000370c  __mspabi_func_epilog_5        
0000370e  __mspabi_func_epilog_4        
00003710  __mspabi_func_epilog_3        
00003712  __mspabi_func_epilog_2        
00003714  __mspabi_func_epilog_1        
00003718  abs                           
00003722  __TI_ISR_TRAP                 
0000372a  __mspabi_fltud                
00003730  C$$EXIT                       
00003730  abort                         
00003736  _system_pre_init              
0000373a  _system_post_cinit            
0000373c  nums                          
000038ae  __TI_Handler_Table_Base       
000038b4  __TI_Handler_Table_Limit      
000038b8  __TI_CINIT_Base               
000038c0  __TI_CINIT_Limit              
0000ffe0  __TI_int00                    
0000ffe2  __TI_int01                    
0000ffe4  __TI_int02                    
0000ffe6  __TI_int03                    
0000ffe8  __TI_int04                    
0000ffea  __TI_int05                    
0000ffec  __TI_int06                    
0000ffee  __TI_int07                    
0000fff0  __TI_int08                    
0000fff2  __TI_int09                    
0000fff4  __TI_int10                    
0000fff6  __TI_int11                    
0000fff8  __TI_int12                    
0000fffa  __TI_int13                    
0000fffc  __TI_int14                    
0000fffe  _reset_vector                 
ffffffff  __TI_pprof_out_hndl           
ffffffff  __TI_prof_data_size           
ffffffff  __TI_prof_data_start          
ffffffff  __c_args__                    

[391 symbols]
