<?xml version="1.0" encoding="ISO-8859-1" ?>
<link_info>
   <banner>MSP430 Linker PC v18.1.2.LTS</banner>
   <copyright>Copyright (c) 2003-2017 Texas Instruments Incorporated</copyright>
   <link_time>0x5bef7679</link_time>
   <link_errors>0x0</link_errors>
   <output_file>work_02.out</output_file>
   <entry_point>
      <name>_c_int00_noargs</name>
      <address>0x3504</address>
   </entry_point>
   <input_file_list>
      <input_file id="fl-2">
         <path>.\</path>
         <kind>object</kind>
         <file>GUI.obj</file>
         <name>GUI.obj</name>
      </input_file>
      <input_file id="fl-3">
         <path>.\</path>
         <kind>object</kind>
         <file>TFT.obj</file>
         <name>TFT.obj</name>
      </input_file>
      <input_file id="fl-4">
         <path>.\</path>
         <kind>object</kind>
         <file>Touch.obj</file>
         <name>Touch.obj</name>
      </input_file>
      <input_file id="fl-5">
         <path>.\</path>
         <kind>object</kind>
         <file>Tuoluoyi.obj</file>
         <name>Tuoluoyi.obj</name>
      </input_file>
      <input_file id="fl-6">
         <path>.\</path>
         <kind>object</kind>
         <file>interrupt.obj</file>
         <name>interrupt.obj</name>
      </input_file>
      <input_file id="fl-7">
         <path>.\</path>
         <kind>object</kind>
         <file>main.obj</file>
         <name>main.obj</name>
      </input_file>
      <input_file id="fl-8">
         <path>.\</path>
         <kind>object</kind>
         <file>timeConfig.obj</file>
         <name>timeConfig.obj</name>
      </input_file>
      <input_file id="fl-d">
         <kind>object</kind>
         <file>&lt;internal&gt;</file>
         <name>&lt;internal&gt;</name>
      </input_file>
      <input_file id="fl-23">
         <path>C:\ti\ccsv8\tools\compiler\ti-cgt-msp430_18.1.2.LTS\lib\</path>
         <kind>archive</kind>
         <file>rts430_eabi.lib</file>
         <name>div16s.asm.obj</name>
      </input_file>
      <input_file id="fl-24">
         <path>C:\ti\ccsv8\tools\compiler\ti-cgt-msp430_18.1.2.LTS\lib\</path>
         <kind>archive</kind>
         <file>rts430_eabi.lib</file>
         <name>div16u.asm.obj</name>
      </input_file>
      <input_file id="fl-25">
         <path>C:\ti\ccsv8\tools\compiler\ti-cgt-msp430_18.1.2.LTS\lib\</path>
         <kind>archive</kind>
         <file>rts430_eabi.lib</file>
         <name>epilog.asm.obj</name>
      </input_file>
      <input_file id="fl-26">
         <path>C:\ti\ccsv8\tools\compiler\ti-cgt-msp430_18.1.2.LTS\lib\</path>
         <kind>archive</kind>
         <file>rts430_eabi.lib</file>
         <name>fs_itof.asm.obj</name>
      </input_file>
      <input_file id="fl-27">
         <path>C:\ti\ccsv8\tools\compiler\ti-cgt-msp430_18.1.2.LTS\lib\</path>
         <kind>archive</kind>
         <file>rts430_eabi.lib</file>
         <name>fs_mpy.asm.obj</name>
      </input_file>
      <input_file id="fl-28">
         <path>C:\ti\ccsv8\tools\compiler\ti-cgt-msp430_18.1.2.LTS\lib\</path>
         <kind>archive</kind>
         <file>rts430_eabi.lib</file>
         <name>int00.asm.obj</name>
      </input_file>
      <input_file id="fl-29">
         <path>C:\ti\ccsv8\tools\compiler\ti-cgt-msp430_18.1.2.LTS\lib\</path>
         <kind>archive</kind>
         <file>rts430_eabi.lib</file>
         <name>int01.asm.obj</name>
      </input_file>
      <input_file id="fl-2a">
         <path>C:\ti\ccsv8\tools\compiler\ti-cgt-msp430_18.1.2.LTS\lib\</path>
         <kind>archive</kind>
         <file>rts430_eabi.lib</file>
         <name>int02.asm.obj</name>
      </input_file>
      <input_file id="fl-2b">
         <path>C:\ti\ccsv8\tools\compiler\ti-cgt-msp430_18.1.2.LTS\lib\</path>
         <kind>archive</kind>
         <file>rts430_eabi.lib</file>
         <name>int03.asm.obj</name>
      </input_file>
      <input_file id="fl-2c">
         <path>C:\ti\ccsv8\tools\compiler\ti-cgt-msp430_18.1.2.LTS\lib\</path>
         <kind>archive</kind>
         <file>rts430_eabi.lib</file>
         <name>int05.asm.obj</name>
      </input_file>
      <input_file id="fl-2d">
         <path>C:\ti\ccsv8\tools\compiler\ti-cgt-msp430_18.1.2.LTS\lib\</path>
         <kind>archive</kind>
         <file>rts430_eabi.lib</file>
         <name>int06.asm.obj</name>
      </input_file>
      <input_file id="fl-2e">
         <path>C:\ti\ccsv8\tools\compiler\ti-cgt-msp430_18.1.2.LTS\lib\</path>
         <kind>archive</kind>
         <file>rts430_eabi.lib</file>
         <name>int07.asm.obj</name>
      </input_file>
      <input_file id="fl-2f">
         <path>C:\ti\ccsv8\tools\compiler\ti-cgt-msp430_18.1.2.LTS\lib\</path>
         <kind>archive</kind>
         <file>rts430_eabi.lib</file>
         <name>int08.asm.obj</name>
      </input_file>
      <input_file id="fl-30">
         <path>C:\ti\ccsv8\tools\compiler\ti-cgt-msp430_18.1.2.LTS\lib\</path>
         <kind>archive</kind>
         <file>rts430_eabi.lib</file>
         <name>int10.asm.obj</name>
      </input_file>
      <input_file id="fl-31">
         <path>C:\ti\ccsv8\tools\compiler\ti-cgt-msp430_18.1.2.LTS\lib\</path>
         <kind>archive</kind>
         <file>rts430_eabi.lib</file>
         <name>int11.asm.obj</name>
      </input_file>
      <input_file id="fl-32">
         <path>C:\ti\ccsv8\tools\compiler\ti-cgt-msp430_18.1.2.LTS\lib\</path>
         <kind>archive</kind>
         <file>rts430_eabi.lib</file>
         <name>int12.asm.obj</name>
      </input_file>
      <input_file id="fl-33">
         <path>C:\ti\ccsv8\tools\compiler\ti-cgt-msp430_18.1.2.LTS\lib\</path>
         <kind>archive</kind>
         <file>rts430_eabi.lib</file>
         <name>int13.asm.obj</name>
      </input_file>
      <input_file id="fl-34">
         <path>C:\ti\ccsv8\tools\compiler\ti-cgt-msp430_18.1.2.LTS\lib\</path>
         <kind>archive</kind>
         <file>rts430_eabi.lib</file>
         <name>int14.asm.obj</name>
      </input_file>
      <input_file id="fl-35">
         <path>C:\ti\ccsv8\tools\compiler\ti-cgt-msp430_18.1.2.LTS\lib\</path>
         <kind>archive</kind>
         <file>rts430_eabi.lib</file>
         <name>isr_trap.asm.obj</name>
      </input_file>
      <input_file id="fl-36">
         <path>C:\ti\ccsv8\tools\compiler\ti-cgt-msp430_18.1.2.LTS\lib\</path>
         <kind>archive</kind>
         <file>rts430_eabi.lib</file>
         <name>lsl16.asm.obj</name>
      </input_file>
      <input_file id="fl-37">
         <path>C:\ti\ccsv8\tools\compiler\ti-cgt-msp430_18.1.2.LTS\lib\</path>
         <kind>archive</kind>
         <file>rts430_eabi.lib</file>
         <name>lsr16.asm.obj</name>
      </input_file>
      <input_file id="fl-38">
         <path>C:\ti\ccsv8\tools\compiler\ti-cgt-msp430_18.1.2.LTS\lib\</path>
         <kind>archive</kind>
         <file>rts430_eabi.lib</file>
         <name>mult16.asm.obj</name>
      </input_file>
      <input_file id="fl-39">
         <path>C:\ti\ccsv8\tools\compiler\ti-cgt-msp430_18.1.2.LTS\lib\</path>
         <kind>archive</kind>
         <file>rts430_eabi.lib</file>
         <name>mult16_hw.asm.obj</name>
      </input_file>
      <input_file id="fl-3a">
         <path>C:\ti\ccsv8\tools\compiler\ti-cgt-msp430_18.1.2.LTS\lib\</path>
         <kind>archive</kind>
         <file>rts430_eabi.lib</file>
         <name>mult1632_hw.asm.obj</name>
      </input_file>
      <input_file id="fl-3b">
         <path>C:\ti\ccsv8\tools\compiler\ti-cgt-msp430_18.1.2.LTS\lib\</path>
         <kind>archive</kind>
         <file>rts430_eabi.lib</file>
         <name>mult32_hw.asm.obj</name>
      </input_file>
      <input_file id="fl-3c">
         <path>C:\ti\ccsv8\tools\compiler\ti-cgt-msp430_18.1.2.LTS\lib\</path>
         <kind>archive</kind>
         <file>rts430_eabi.lib</file>
         <name>mult3264_hw.asm.obj</name>
      </input_file>
      <input_file id="fl-3d">
         <path>C:\ti\ccsv8\tools\compiler\ti-cgt-msp430_18.1.2.LTS\lib\</path>
         <kind>archive</kind>
         <file>rts430_eabi.lib</file>
         <name>mult64_hw.asm.obj</name>
      </input_file>
      <input_file id="fl-3e">
         <path>C:\ti\ccsv8\tools\compiler\ti-cgt-msp430_18.1.2.LTS\lib\</path>
         <kind>archive</kind>
         <file>rts430_eabi.lib</file>
         <name>boot.c.obj</name>
      </input_file>
      <input_file id="fl-3f">
         <path>C:\ti\ccsv8\tools\compiler\ti-cgt-msp430_18.1.2.LTS\lib\</path>
         <kind>archive</kind>
         <file>rts430_eabi.lib</file>
         <name>autoinit.c.obj</name>
      </input_file>
      <input_file id="fl-40">
         <path>C:\ti\ccsv8\tools\compiler\ti-cgt-msp430_18.1.2.LTS\lib\</path>
         <kind>archive</kind>
         <file>rts430_eabi.lib</file>
         <name>copy_zero_init.c.obj</name>
      </input_file>
      <input_file id="fl-41">
         <path>C:\ti\ccsv8\tools\compiler\ti-cgt-msp430_18.1.2.LTS\lib\</path>
         <kind>archive</kind>
         <file>rts430_eabi.lib</file>
         <name>cpy_tbl.c.obj</name>
      </input_file>
      <input_file id="fl-42">
         <path>C:\ti\ccsv8\tools\compiler\ti-cgt-msp430_18.1.2.LTS\lib\</path>
         <kind>archive</kind>
         <file>rts430_eabi.lib</file>
         <name>mpu_init.c.obj</name>
      </input_file>
      <input_file id="fl-43">
         <path>C:\ti\ccsv8\tools\compiler\ti-cgt-msp430_18.1.2.LTS\lib\</path>
         <kind>archive</kind>
         <file>rts430_eabi.lib</file>
         <name>lsr64.c.obj</name>
      </input_file>
      <input_file id="fl-44">
         <path>C:\ti\ccsv8\tools\compiler\ti-cgt-msp430_18.1.2.LTS\lib\</path>
         <kind>archive</kind>
         <file>rts430_eabi.lib</file>
         <name>pre_init.c.obj</name>
      </input_file>
      <input_file id="fl-45">
         <path>C:\ti\ccsv8\tools\compiler\ti-cgt-msp430_18.1.2.LTS\lib\</path>
         <kind>archive</kind>
         <file>rts430_eabi.lib</file>
         <name>startup.c.obj</name>
      </input_file>
      <input_file id="fl-46">
         <path>C:\ti\ccsv8\tools\compiler\ti-cgt-msp430_18.1.2.LTS\lib\</path>
         <kind>archive</kind>
         <file>rts430_eabi.lib</file>
         <name>copy_decompress_none.c.obj</name>
      </input_file>
      <input_file id="fl-47">
         <path>C:\ti\ccsv8\tools\compiler\ti-cgt-msp430_18.1.2.LTS\lib\</path>
         <kind>archive</kind>
         <file>rts430_eabi.lib</file>
         <name>copy_decompress_lzss.c.obj</name>
      </input_file>
      <input_file id="fl-48">
         <path>C:\ti\ccsv8\tools\compiler\ti-cgt-msp430_18.1.2.LTS\lib\</path>
         <kind>archive</kind>
         <file>rts430_eabi.lib</file>
         <name>divd.c.obj</name>
      </input_file>
      <input_file id="fl-49">
         <path>C:\ti\ccsv8\tools\compiler\ti-cgt-msp430_18.1.2.LTS\lib\</path>
         <kind>archive</kind>
         <file>rts430_eabi.lib</file>
         <name>fixdu.c.obj</name>
      </input_file>
      <input_file id="fl-4a">
         <path>C:\ti\ccsv8\tools\compiler\ti-cgt-msp430_18.1.2.LTS\lib\</path>
         <kind>archive</kind>
         <file>rts430_eabi.lib</file>
         <name>fixdul.c.obj</name>
      </input_file>
      <input_file id="fl-4b">
         <path>C:\ti\ccsv8\tools\compiler\ti-cgt-msp430_18.1.2.LTS\lib\</path>
         <kind>archive</kind>
         <file>rts430_eabi.lib</file>
         <name>fltud.c.obj</name>
      </input_file>
      <input_file id="fl-4c">
         <path>C:\ti\ccsv8\tools\compiler\ti-cgt-msp430_18.1.2.LTS\lib\</path>
         <kind>archive</kind>
         <file>rts430_eabi.lib</file>
         <name>fltuld.c.obj</name>
      </input_file>
      <input_file id="fl-4d">
         <path>C:\ti\ccsv8\tools\compiler\ti-cgt-msp430_18.1.2.LTS\lib\</path>
         <kind>archive</kind>
         <file>rts430_eabi.lib</file>
         <name>frcdivd.c.obj</name>
      </input_file>
      <input_file id="fl-4e">
         <path>C:\ti\ccsv8\tools\compiler\ti-cgt-msp430_18.1.2.LTS\lib\</path>
         <kind>archive</kind>
         <file>rts430_eabi.lib</file>
         <name>mpyd.c.obj</name>
      </input_file>
      <input_file id="fl-4f">
         <path>C:\ti\ccsv8\tools\compiler\ti-cgt-msp430_18.1.2.LTS\lib\</path>
         <kind>archive</kind>
         <file>rts430_eabi.lib</file>
         <name>exit.c.obj</name>
      </input_file>
      <input_file id="fl-50">
         <path>C:\ti\ccsv8\tools\compiler\ti-cgt-msp430_18.1.2.LTS\lib\</path>
         <kind>archive</kind>
         <file>rts430_eabi.lib</file>
         <name>_lock.c.obj</name>
      </input_file>
      <input_file id="fl-51">
         <path>C:\ti\ccsv8\tools\compiler\ti-cgt-msp430_18.1.2.LTS\lib\</path>
         <kind>archive</kind>
         <file>rts430_eabi.lib</file>
         <name>args_main.c.obj</name>
      </input_file>
      <input_file id="fl-52">
         <path>C:\ti\ccsv8\tools\compiler\ti-cgt-msp430_18.1.2.LTS\lib\</path>
         <kind>archive</kind>
         <file>rts430_eabi.lib</file>
         <name>memcpy.c.obj</name>
      </input_file>
      <input_file id="fl-53">
         <path>C:\ti\ccsv8\tools\compiler\ti-cgt-msp430_18.1.2.LTS\lib\</path>
         <kind>archive</kind>
         <file>rts430_eabi.lib</file>
         <name>abs.c.obj</name>
      </input_file>
      <input_file id="fl-54">
         <path>C:\ti\ccsv8\tools\compiler\ti-cgt-msp430_18.1.2.LTS\lib\</path>
         <kind>archive</kind>
         <file>rts430_eabi.lib</file>
         <name>asr16.asm.obj</name>
      </input_file>
      <input_file id="fl-55">
         <path>C:\ti\ccsv8\tools\compiler\ti-cgt-msp430_18.1.2.LTS\lib\</path>
         <kind>archive</kind>
         <file>rts430_eabi.lib</file>
         <name>asr32.asm.obj</name>
      </input_file>
      <input_file id="fl-56">
         <path>C:\ti\ccsv8\tools\compiler\ti-cgt-msp430_18.1.2.LTS\lib\</path>
         <kind>archive</kind>
         <file>rts430_eabi.lib</file>
         <name>lsl32.asm.obj</name>
      </input_file>
      <input_file id="fl-57">
         <path>C:\ti\ccsv8\tools\compiler\ti-cgt-msp430_18.1.2.LTS\lib\</path>
         <kind>archive</kind>
         <file>rts430_eabi.lib</file>
         <name>lsr32.asm.obj</name>
      </input_file>
      <input_file id="fl-58">
         <path>C:\ti\ccsv8\tools\compiler\ti-cgt-msp430_18.1.2.LTS\lib\</path>
         <kind>archive</kind>
         <file>rts430_eabi.lib</file>
         <name>mult32.asm.obj</name>
      </input_file>
      <input_file id="fl-59">
         <path>C:\ti\ccsv8\tools\compiler\ti-cgt-msp430_18.1.2.LTS\lib\</path>
         <kind>archive</kind>
         <file>rts430_eabi.lib</file>
         <name>exit_gvars.c.obj</name>
      </input_file>
      <input_file id="fl-5a">
         <path>C:\ti\ccsv8\tools\compiler\ti-cgt-msp430_18.1.2.LTS\lib\</path>
         <kind>archive</kind>
         <file>rts430_eabi.lib</file>
         <name>frcmpyd.c.obj</name>
      </input_file>
   </input_file_list>
   <object_component_list>
      <object_component id="oc-32d">
         <name>.common:ltx</name>
         <uninitialized>true</uninitialized>
         <run_address>0x256</run_address>
         <size>0x2</size>
      </object_component>
      <object_component id="oc-32e">
         <name>.common:lty</name>
         <uninitialized>true</uninitialized>
         <run_address>0x258</run_address>
         <size>0x2</size>
      </object_component>
      <object_component id="oc-272">
         <name>.common:LCD_X</name>
         <uninitialized>true</uninitialized>
         <run_address>0x252</run_address>
         <size>0x2</size>
      </object_component>
      <object_component id="oc-275">
         <name>.common:LCD_Y</name>
         <uninitialized>true</uninitialized>
         <run_address>0x254</run_address>
         <size>0x2</size>
      </object_component>
      <object_component id="oc-27f">
         <name>.common:Button_11</name>
         <uninitialized>true</uninitialized>
         <run_address>0x25c</run_address>
         <size>0x1</size>
      </object_component>
      <object_component id="oc-283">
         <name>.common:Button_12</name>
         <uninitialized>true</uninitialized>
         <run_address>0x25d</run_address>
         <size>0x1</size>
      </object_component>
      <object_component id="oc-287">
         <name>.common:Button_13</name>
         <uninitialized>true</uninitialized>
         <run_address>0x25e</run_address>
         <size>0x1</size>
      </object_component>
      <object_component id="oc-27e">
         <name>.common:Button_21</name>
         <uninitialized>true</uninitialized>
         <run_address>0x25f</run_address>
         <size>0x1</size>
      </object_component>
      <object_component id="oc-282">
         <name>.common:Button_22</name>
         <uninitialized>true</uninitialized>
         <run_address>0x260</run_address>
         <size>0x1</size>
      </object_component>
      <object_component id="oc-286">
         <name>.common:Button_23</name>
         <uninitialized>true</uninitialized>
         <run_address>0x261</run_address>
         <size>0x1</size>
      </object_component>
      <object_component id="oc-27d">
         <name>.common:Button_31</name>
         <uninitialized>true</uninitialized>
         <run_address>0x262</run_address>
         <size>0x1</size>
      </object_component>
      <object_component id="oc-281">
         <name>.common:Button_32</name>
         <uninitialized>true</uninitialized>
         <run_address>0x263</run_address>
         <size>0x1</size>
      </object_component>
      <object_component id="oc-285">
         <name>.common:Button_33</name>
         <uninitialized>true</uninitialized>
         <run_address>0x264</run_address>
         <size>0x1</size>
      </object_component>
      <object_component id="oc-276">
         <name>.common:Button_41</name>
         <uninitialized>true</uninitialized>
         <run_address>0x265</run_address>
         <size>0x1</size>
      </object_component>
      <object_component id="oc-280">
         <name>.common:Button_42</name>
         <uninitialized>true</uninitialized>
         <run_address>0x266</run_address>
         <size>0x1</size>
      </object_component>
      <object_component id="oc-284">
         <name>.common:Button_43</name>
         <uninitialized>true</uninitialized>
         <run_address>0x267</run_address>
         <size>0x1</size>
      </object_component>
      <object_component id="oc-314">
         <name>.common:coordinate</name>
         <uninitialized>true</uninitialized>
         <run_address>0x24e</run_address>
         <size>0x4</size>
      </object_component>
      <object_component id="oc-251">
         <name>.common:js</name>
         <uninitialized>true</uninitialized>
         <run_address>0x26a</run_address>
         <size>0x1</size>
      </object_component>
      <object_component id="oc-18d">
         <name>.common:zs</name>
         <uninitialized>true</uninitialized>
         <run_address>0x26b</run_address>
         <size>0x1</size>
      </object_component>
      <object_component id="oc-188">
         <name>.common:shuju</name>
         <uninitialized>true</uninitialized>
         <run_address>0x200</run_address>
         <size>0x22</size>
      </object_component>
      <object_component id="oc-18e">
         <name>.common:gs</name>
         <uninitialized>true</uninitialized>
         <run_address>0x269</run_address>
         <size>0x1</size>
      </object_component>
      <object_component id="oc-18f">
         <name>.common:flag</name>
         <uninitialized>true</uninitialized>
         <run_address>0x268</run_address>
         <size>0x1</size>
      </object_component>
      <object_component id="oc-2a9">
         <name>.common:temp</name>
         <uninitialized>true</uninitialized>
         <run_address>0x25a</run_address>
         <size>0x2</size>
      </object_component>
      <object_component id="oc-2b4">
         <name>.common:Acc</name>
         <uninitialized>true</uninitialized>
         <run_address>0x222</run_address>
         <size>0xc</size>
      </object_component>
      <object_component id="oc-2b5">
         <name>.common:Groy</name>
         <uninitialized>true</uninitialized>
         <run_address>0x23a</run_address>
         <size>0xc</size>
      </object_component>
      <object_component id="oc-2b6">
         <name>.common:Angle</name>
         <uninitialized>true</uninitialized>
         <run_address>0x22e</run_address>
         <size>0xc</size>
      </object_component>
      <object_component id="oc-209">
         <name>.common:pausedNums</name>
         <uninitialized>true</uninitialized>
         <run_address>0x246</run_address>
         <size>0x8</size>
      </object_component>
      <object_component id="oc-255">
         <name>.data</name>
         <load_address>0x272</load_address>
         <run_address>0x272</run_address>
         <size>0x2</size>
         <input_file_ref idref="fl-3"/>
      </object_component>
      <object_component id="oc-1fb">
         <name>.data</name>
         <load_address>0x26c</load_address>
         <run_address>0x26c</run_address>
         <size>0x5</size>
         <input_file_ref idref="fl-7"/>
      </object_component>
      <object_component id="oc-f5">
         <name>.stack</name>
         <uninitialized>true</uninitialized>
         <run_address>0x9b0</run_address>
         <size>0x2</size>
         <input_file_ref idref="fl-3e"/>
      </object_component>
      <object_component id="oc-423">
         <name>.stack</name>
         <uninitialized>true</uninitialized>
         <run_address>0x9b0</run_address>
         <size>0x0</size>
      </object_component>
      <object_component id="oc-1ef">
         <name>.text:Detect_TP</name>
         <load_address>0x1100</load_address>
         <run_address>0x1100</run_address>
         <size>0x5dc</size>
         <input_file_ref idref="fl-4"/>
      </object_component>
      <object_component id="oc-394">
         <name>.text:__TI_frcdivd</name>
         <load_address>0x16dc</load_address>
         <run_address>0x16dc</run_address>
         <size>0x478</size>
         <input_file_ref idref="fl-4d"/>
      </object_component>
      <object_component id="oc-1e3">
         <name>.text:TFT_Initial</name>
         <load_address>0x1b54</load_address>
         <run_address>0x1b54</run_address>
         <size>0x2dc</size>
         <input_file_ref idref="fl-3"/>
      </object_component>
      <object_component id="oc-387">
         <name>.text:__TI_frcmpyd</name>
         <load_address>0x1e30</load_address>
         <run_address>0x1e30</run_address>
         <size>0x286</size>
         <input_file_ref idref="fl-5a"/>
      </object_component>
      <object_component id="oc-31b">
         <name>.text:__mspabi_mpyd</name>
         <load_address>0x20b6</load_address>
         <run_address>0x20b6</run_address>
         <size>0x26e</size>
         <input_file_ref idref="fl-4e"/>
      </object_component>
      <object_component id="oc-321">
         <name>.text:__mspabi_divd</name>
         <load_address>0x2324</load_address>
         <run_address>0x2324</run_address>
         <size>0x238</size>
         <input_file_ref idref="fl-48"/>
      </object_component>
      <object_component id="oc-20a">
         <name>.text:DecodeIMUData</name>
         <load_address>0x255c</load_address>
         <run_address>0x255c</run_address>
         <size>0x1fc</size>
         <input_file_ref idref="fl-5"/>
      </object_component>
      <object_component id="oc-1f5">
         <name>.text:findNum</name>
         <load_address>0x2758</load_address>
         <run_address>0x2758</run_address>
         <size>0x1e6</size>
         <input_file_ref idref="fl-7"/>
      </object_component>
      <object_component id="oc-26c">
         <name>.text:Getpix</name>
         <load_address>0x293e</load_address>
         <run_address>0x293e</run_address>
         <size>0xf0</size>
         <input_file_ref idref="fl-4"/>
      </object_component>
      <object_component id="oc-1e9">
         <name>.text:DisplayDesk</name>
         <load_address>0x2a2e</load_address>
         <run_address>0x2a2e</run_address>
         <size>0xec</size>
         <input_file_ref idref="fl-2"/>
      </object_component>
      <object_component id="oc-2af">
         <name>.text</name>
         <load_address>0x2b1a</load_address>
         <run_address>0x2b1a</run_address>
         <size>0xc4</size>
         <input_file_ref idref="fl-27"/>
      </object_component>
      <object_component id="oc-265">
         <name>.text:GUIline</name>
         <load_address>0x2bde</load_address>
         <run_address>0x2bde</run_address>
         <size>0xbe</size>
         <input_file_ref idref="fl-2"/>
      </object_component>
      <object_component id="oc-37b">
         <name>.text:__mspabi_fltuld</name>
         <load_address>0x2c9c</load_address>
         <run_address>0x2c9c</run_address>
         <size>0x8a</size>
         <input_file_ref idref="fl-4c"/>
      </object_component>
      <object_component id="oc-277">
         <name>.text:GUIsquare2pix</name>
         <load_address>0x2d26</load_address>
         <run_address>0x2d26</run_address>
         <size>0x7c</size>
         <input_file_ref idref="fl-2"/>
      </object_component>
      <object_component id="oc-33">
         <name>.text:decompress:lzss:__TI_decompress_lzss</name>
         <load_address>0x2da2</load_address>
         <run_address>0x2da2</run_address>
         <size>0x7c</size>
         <input_file_ref idref="fl-47"/>
      </object_component>
      <object_component id="oc-39c">
         <name>.text:__mspabi_fixdul</name>
         <load_address>0x2e1e</load_address>
         <run_address>0x2e1e</run_address>
         <size>0x74</size>
         <input_file_ref idref="fl-4a"/>
      </object_component>
      <object_component id="oc-203">
         <name>.text:displayNums</name>
         <load_address>0x2e92</load_address>
         <run_address>0x2e92</run_address>
         <size>0x66</size>
         <input_file_ref idref="fl-3"/>
      </object_component>
      <object_component id="oc-19f">
         <name>.text:main</name>
         <load_address>0x2ef8</load_address>
         <run_address>0x2ef8</run_address>
         <size>0x64</size>
         <input_file_ref idref="fl-7"/>
      </object_component>
      <object_component id="oc-3b8">
         <name>.text:l_lsr_const</name>
         <load_address>0x2f5c</load_address>
         <run_address>0x2f5c</run_address>
         <size>0x5c</size>
         <input_file_ref idref="fl-57"/>
      </object_component>
      <object_component id="oc-299">
         <name>.text:LCD_SetPos</name>
         <load_address>0x2fb8</load_address>
         <run_address>0x2fb8</run_address>
         <size>0x58</size>
         <input_file_ref idref="fl-3"/>
      </object_component>
      <object_component id="oc-12b">
         <name>.text:UART0_RX_ISR</name>
         <load_address>0x3010</load_address>
         <run_address>0x3010</run_address>
         <size>0x58</size>
         <input_file_ref idref="fl-5"/>
      </object_component>
      <object_component id="oc-30e">
         <name>.text:pix_filter</name>
         <load_address>0x3068</load_address>
         <run_address>0x3068</run_address>
         <size>0x54</size>
         <input_file_ref idref="fl-4"/>
      </object_component>
      <object_component id="oc-308">
         <name>.text:AD7843</name>
         <load_address>0x30bc</load_address>
         <run_address>0x30bc</run_address>
         <size>0x4e</size>
         <input_file_ref idref="fl-4"/>
      </object_component>
      <object_component id="oc-1d1">
         <name>.text:UART_Init</name>
         <load_address>0x310a</load_address>
         <run_address>0x310a</run_address>
         <size>0x4e</size>
         <input_file_ref idref="fl-5"/>
      </object_component>
      <object_component id="oc-fe">
         <name>.text</name>
         <load_address>0x3158</load_address>
         <run_address>0x3158</run_address>
         <size>0x4c</size>
         <input_file_ref idref="fl-37"/>
      </object_component>
      <object_component id="oc-25f">
         <name>.text:CLR_Screen</name>
         <load_address>0x31a4</load_address>
         <run_address>0x31a4</run_address>
         <size>0x42</size>
         <input_file_ref idref="fl-2"/>
      </object_component>
      <object_component id="oc-21d">
         <name>.text:__TI_auto_init_nobinit_nopinit:__TI_auto_init_nobinit_nopinit</name>
         <load_address>0x31e6</load_address>
         <run_address>0x31e6</run_address>
         <size>0x42</size>
         <input_file_ref idref="fl-3f"/>
      </object_component>
      <object_component id="oc-3c0">
         <name>.text:l_asr_const</name>
         <load_address>0x3228</load_address>
         <run_address>0x3228</run_address>
         <size>0x3e</size>
         <input_file_ref idref="fl-55"/>
      </object_component>
      <object_component id="oc-3b3">
         <name>.text:l_lsl_const</name>
         <load_address>0x3266</load_address>
         <run_address>0x3266</run_address>
         <size>0x3e</size>
         <input_file_ref idref="fl-56"/>
      </object_component>
      <object_component id="oc-2aa">
         <name>.text</name>
         <load_address>0x32a4</load_address>
         <run_address>0x32a4</run_address>
         <size>0x36</size>
         <input_file_ref idref="fl-26"/>
      </object_component>
      <object_component id="oc-2ed">
         <name>.text:Write_Cmd</name>
         <load_address>0x32da</load_address>
         <run_address>0x32da</run_address>
         <size>0x32</size>
         <input_file_ref idref="fl-3"/>
      </object_component>
      <object_component id="oc-36d">
         <name>.text:Write_7843</name>
         <load_address>0x330c</load_address>
         <run_address>0x330c</run_address>
         <size>0x30</size>
         <input_file_ref idref="fl-4"/>
      </object_component>
      <object_component id="oc-1d7">
         <name>.text:interrupt_init</name>
         <load_address>0x333c</load_address>
         <run_address>0x333c</run_address>
         <size>0x30</size>
         <input_file_ref idref="fl-6"/>
      </object_component>
      <object_component id="oc-1cb">
         <name>.text:Clock_Init</name>
         <load_address>0x336c</load_address>
         <run_address>0x336c</run_address>
         <size>0x2e</size>
         <input_file_ref idref="fl-8"/>
      </object_component>
      <object_component id="oc-3c5">
         <name>.text</name>
         <load_address>0x339a</load_address>
         <run_address>0x339a</run_address>
         <size>0x2e</size>
         <input_file_ref idref="fl-3b"/>
      </object_component>
      <object_component id="oc-2a2">
         <name>.text:Write_Data</name>
         <load_address>0x33c8</load_address>
         <run_address>0x33c8</run_address>
         <size>0x2c</size>
         <input_file_ref idref="fl-3"/>
      </object_component>
      <object_component id="oc-382">
         <name>.text</name>
         <load_address>0x33f4</load_address>
         <run_address>0x33f4</run_address>
         <size>0x2c</size>
         <input_file_ref idref="fl-54"/>
      </object_component>
      <object_component id="oc-f9">
         <name>.text</name>
         <load_address>0x3420</load_address>
         <run_address>0x3420</run_address>
         <size>0x2c</size>
         <input_file_ref idref="fl-36"/>
      </object_component>
      <object_component id="oc-28f">
         <name>.text:DistanceMatch</name>
         <load_address>0x344c</load_address>
         <run_address>0x344c</run_address>
         <size>0x2a</size>
         <input_file_ref idref="fl-7"/>
      </object_component>
      <object_component id="oc-373">
         <name>.text:Read_7843</name>
         <load_address>0x3476</load_address>
         <run_address>0x3476</run_address>
         <size>0x2a</size>
         <input_file_ref idref="fl-4"/>
      </object_component>
      <object_component id="oc-1dd">
         <name>.text:start_7843</name>
         <load_address>0x34a0</load_address>
         <run_address>0x34a0</run_address>
         <size>0x26</size>
         <input_file_ref idref="fl-4"/>
      </object_component>
      <object_component id="oc-289">
         <name>.text:pow10</name>
         <load_address>0x34c6</load_address>
         <run_address>0x34c6</run_address>
         <size>0x20</size>
         <input_file_ref idref="fl-7"/>
      </object_component>
      <object_component id="oc-258">
         <name>.text:Write_Cmd_Data</name>
         <load_address>0x34e6</load_address>
         <run_address>0x34e6</run_address>
         <size>0x1e</size>
         <input_file_ref idref="fl-3"/>
      </object_component>
      <object_component id="oc-143">
         <name>.text:_c_int00_noargs</name>
         <load_address>0x3504</load_address>
         <run_address>0x3504</run_address>
         <size>0x1c</size>
         <input_file_ref idref="fl-3e"/>
      </object_component>
      <object_component id="oc-301">
         <name>.text:GUIpoint</name>
         <load_address>0x3520</load_address>
         <run_address>0x3520</run_address>
         <size>0x18</size>
         <input_file_ref idref="fl-2"/>
      </object_component>
      <object_component id="oc-131">
         <name>.text:decompress:ZI:__TI_zero_init_nomemset:__TI_zero_init_nomemset</name>
         <load_address>0x3538</load_address>
         <run_address>0x3538</run_address>
         <size>0x14</size>
         <input_file_ref idref="fl-40"/>
      </object_component>
      <object_component id="oc-1fe">
         <name>.text</name>
         <load_address>0x354c</load_address>
         <run_address>0x354c</run_address>
         <size>0x14</size>
         <input_file_ref idref="fl-39"/>
      </object_component>
      <object_component id="oc-125">
         <name>.text:Port1_ISR</name>
         <load_address>0x3560</load_address>
         <run_address>0x3560</run_address>
         <size>0x12</size>
         <input_file_ref idref="fl-7"/>
      </object_component>
      <object_component id="oc-327">
         <name>.text:__mspabi_fixdu</name>
         <load_address>0x3572</load_address>
         <run_address>0x3572</run_address>
         <size>0x12</size>
         <input_file_ref idref="fl-49"/>
      </object_component>
      <object_component id="oc-39">
         <name>.text:decompress:none:__TI_decompress_none</name>
         <load_address>0x3584</load_address>
         <run_address>0x3584</run_address>
         <size>0x12</size>
         <input_file_ref idref="fl-46"/>
      </object_component>
      <object_component id="oc-3d2">
         <name>.text:l_lsr</name>
         <load_address>0x3596</load_address>
         <run_address>0x3596</run_address>
         <size>0x12</size>
         <input_file_ref idref="fl-57"/>
      </object_component>
      <object_component id="oc-113">
         <name>.text:memcpy</name>
         <load_address>0x35a8</load_address>
         <run_address>0x35a8</run_address>
         <size>0x12</size>
         <input_file_ref idref="fl-52"/>
      </object_component>
      <object_component id="oc-2f4">
         <name>.text:Write_Data_U16</name>
         <load_address>0x35ba</load_address>
         <run_address>0x35ba</run_address>
         <size>0x10</size>
         <input_file_ref idref="fl-3"/>
      </object_component>
      <object_component id="oc-103">
         <name>.text</name>
         <load_address>0x35ca</load_address>
         <run_address>0x35ca</run_address>
         <size>0x10</size>
         <input_file_ref idref="fl-25"/>
      </object_component>
      <object_component id="oc-2fb">
         <name>.text:abs</name>
         <load_address>0x35da</load_address>
         <run_address>0x35da</run_address>
         <size>0xa</size>
         <input_file_ref idref="fl-53"/>
      </object_component>
      <object_component id="oc-120">
         <name>.text:_isr:__TI_ISR_TRAP</name>
         <load_address>0x35e4</load_address>
         <run_address>0x35e4</run_address>
         <size>0x8</size>
         <input_file_ref idref="fl-35"/>
      </object_component>
      <object_component id="oc-315">
         <name>.text:__mspabi_fltud</name>
         <load_address>0x35ec</load_address>
         <run_address>0x35ec</run_address>
         <size>0x6</size>
         <input_file_ref idref="fl-4b"/>
      </object_component>
      <object_component id="oc-211">
         <name>.text:abort</name>
         <load_address>0x35f2</load_address>
         <run_address>0x35f2</run_address>
         <size>0x6</size>
         <input_file_ref idref="fl-4f"/>
      </object_component>
      <object_component id="oc-199">
         <name>.text:_system_pre_init</name>
         <load_address>0x35f8</load_address>
         <run_address>0x35f8</run_address>
         <size>0x4</size>
         <input_file_ref idref="fl-44"/>
      </object_component>
      <object_component id="oc-2ca">
         <name>.text:_system_post_cinit</name>
         <load_address>0x35fc</load_address>
         <run_address>0x35fc</run_address>
         <size>0x2</size>
         <input_file_ref idref="fl-45"/>
      </object_component>
      <object_component id="oc-422">
         <name>.cinit..data.load</name>
         <load_address>0x370e</load_address>
         <run_address>0x370e</run_address>
         <size>0xc</size>
      </object_component>
      <object_component id="oc-41f">
         <name>__TI_handler_table</name>
         <load_address>0x371a</load_address>
         <run_address>0x371a</run_address>
         <size>0x6</size>
      </object_component>
      <object_component id="oc-421">
         <name>.cinit..bss.load</name>
         <load_address>0x3720</load_address>
         <run_address>0x3720</run_address>
         <size>0x4</size>
      </object_component>
      <object_component id="oc-420">
         <name>__TI_cinit_table</name>
         <load_address>0x3724</load_address>
         <run_address>0x3724</run_address>
         <size>0x8</size>
      </object_component>
      <object_component id="oc-29f">
         <name>.const:.string:nums</name>
         <load_address>0x35fe</load_address>
         <run_address>0x35fe</run_address>
         <size>0x110</size>
         <input_file_ref idref="fl-3"/>
      </object_component>
      <object_component id="oc-3e4">
         <name>.binit</name>
         <load_address>0x1100</load_address>
         <run_address>0x1100</run_address>
         <size>0x0</size>
      </object_component>
      <object_component id="oc-3f">
         <name>.int00</name>
         <load_address>0xffe0</load_address>
         <run_address>0xffe0</run_address>
         <size>0x2</size>
         <input_file_ref idref="fl-28"/>
      </object_component>
      <object_component id="oc-40">
         <name>.int01</name>
         <load_address>0xffe2</load_address>
         <run_address>0xffe2</run_address>
         <size>0x2</size>
         <input_file_ref idref="fl-29"/>
      </object_component>
      <object_component id="oc-41">
         <name>.int02</name>
         <load_address>0xffe4</load_address>
         <run_address>0xffe4</run_address>
         <size>0x2</size>
         <input_file_ref idref="fl-2a"/>
      </object_component>
      <object_component id="oc-42">
         <name>.int03</name>
         <load_address>0xffe6</load_address>
         <run_address>0xffe6</run_address>
         <size>0x2</size>
         <input_file_ref idref="fl-2b"/>
      </object_component>
      <object_component id="oc-43">
         <name>.int04</name>
         <load_address>0xffe8</load_address>
         <run_address>0xffe8</run_address>
         <size>0x2</size>
         <input_file_ref idref="fl-7"/>
      </object_component>
      <object_component id="oc-44">
         <name>.int05</name>
         <load_address>0xffea</load_address>
         <run_address>0xffea</run_address>
         <size>0x2</size>
         <input_file_ref idref="fl-2c"/>
      </object_component>
      <object_component id="oc-45">
         <name>.int06</name>
         <load_address>0xffec</load_address>
         <run_address>0xffec</run_address>
         <size>0x2</size>
         <input_file_ref idref="fl-2d"/>
      </object_component>
      <object_component id="oc-46">
         <name>.int07</name>
         <load_address>0xffee</load_address>
         <run_address>0xffee</run_address>
         <size>0x2</size>
         <input_file_ref idref="fl-2e"/>
      </object_component>
      <object_component id="oc-47">
         <name>.int08</name>
         <load_address>0xfff0</load_address>
         <run_address>0xfff0</run_address>
         <size>0x2</size>
         <input_file_ref idref="fl-2f"/>
      </object_component>
      <object_component id="oc-48">
         <name>.int09</name>
         <load_address>0xfff2</load_address>
         <run_address>0xfff2</run_address>
         <size>0x2</size>
         <input_file_ref idref="fl-5"/>
      </object_component>
      <object_component id="oc-49">
         <name>.int10</name>
         <load_address>0xfff4</load_address>
         <run_address>0xfff4</run_address>
         <size>0x2</size>
         <input_file_ref idref="fl-30"/>
      </object_component>
      <object_component id="oc-4a">
         <name>.int11</name>
         <load_address>0xfff6</load_address>
         <run_address>0xfff6</run_address>
         <size>0x2</size>
         <input_file_ref idref="fl-31"/>
      </object_component>
      <object_component id="oc-4b">
         <name>.int12</name>
         <load_address>0xfff8</load_address>
         <run_address>0xfff8</run_address>
         <size>0x2</size>
         <input_file_ref idref="fl-32"/>
      </object_component>
      <object_component id="oc-4c">
         <name>.int13</name>
         <load_address>0xfffa</load_address>
         <run_address>0xfffa</run_address>
         <size>0x2</size>
         <input_file_ref idref="fl-33"/>
      </object_component>
      <object_component id="oc-4d">
         <name>.int14</name>
         <load_address>0xfffc</load_address>
         <run_address>0xfffc</run_address>
         <size>0x2</size>
         <input_file_ref idref="fl-34"/>
      </object_component>
      <object_component id="oc-f8">
         <name>.reset</name>
         <load_address>0xfffe</load_address>
         <run_address>0xfffe</run_address>
         <size>0x2</size>
         <input_file_ref idref="fl-3e"/>
      </object_component>
      <object_component id="oc-302">
         <name>.debug_info</name>
         <load_address>0x0</load_address>
         <run_address>0x0</run_address>
         <size>0x165</size>
         <input_file_ref idref="fl-2"/>
      </object_component>
      <object_component id="oc-266">
         <name>.debug_info</name>
         <load_address>0x165</load_address>
         <run_address>0x165</run_address>
         <size>0x217</size>
         <input_file_ref idref="fl-2"/>
      </object_component>
      <object_component id="oc-278">
         <name>.debug_info</name>
         <load_address>0x37c</load_address>
         <run_address>0x37c</run_address>
         <size>0x1e1</size>
         <input_file_ref idref="fl-2"/>
      </object_component>
      <object_component id="oc-260">
         <name>.debug_info</name>
         <load_address>0x55d</load_address>
         <run_address>0x55d</run_address>
         <size>0x15a</size>
         <input_file_ref idref="fl-2"/>
      </object_component>
      <object_component id="oc-1ea">
         <name>.debug_info</name>
         <load_address>0x6b7</load_address>
         <run_address>0x6b7</run_address>
         <size>0x1b7</size>
         <input_file_ref idref="fl-2"/>
      </object_component>
      <object_component id="oc-10e">
         <name>.debug_info</name>
         <load_address>0x86e</load_address>
         <run_address>0x86e</run_address>
         <size>0x84</size>
         <input_file_ref idref="fl-2"/>
      </object_component>
      <object_component id="oc-33d">
         <name>.debug_info</name>
         <load_address>0x8f2</load_address>
         <run_address>0x8f2</run_address>
         <size>0x1ce</size>
         <input_file_ref idref="fl-3"/>
      </object_component>
      <object_component id="oc-2a0">
         <name>.debug_info</name>
         <load_address>0xac0</load_address>
         <run_address>0xac0</run_address>
         <size>0xbd</size>
         <input_file_ref idref="fl-3"/>
      </object_component>
      <object_component id="oc-256">
         <name>.debug_info</name>
         <load_address>0xb7d</load_address>
         <run_address>0xb7d</run_address>
         <size>0xcb</size>
         <input_file_ref idref="fl-3"/>
      </object_component>
      <object_component id="oc-2f0">
         <name>.debug_info</name>
         <load_address>0xc48</load_address>
         <run_address>0xc48</run_address>
         <size>0x123</size>
         <input_file_ref idref="fl-3"/>
      </object_component>
      <object_component id="oc-2a6">
         <name>.debug_info</name>
         <load_address>0xd6b</load_address>
         <run_address>0xd6b</run_address>
         <size>0x125</size>
         <input_file_ref idref="fl-3"/>
      </object_component>
      <object_component id="oc-25a">
         <name>.debug_info</name>
         <load_address>0xe90</load_address>
         <run_address>0xe90</run_address>
         <size>0x15c</size>
         <input_file_ref idref="fl-3"/>
      </object_component>
      <object_component id="oc-29d">
         <name>.debug_info</name>
         <load_address>0xfec</load_address>
         <run_address>0xfec</run_address>
         <size>0x1e7</size>
         <input_file_ref idref="fl-3"/>
      </object_component>
      <object_component id="oc-206">
         <name>.debug_info</name>
         <load_address>0x11d3</load_address>
         <run_address>0x11d3</run_address>
         <size>0x1a0</size>
         <input_file_ref idref="fl-3"/>
      </object_component>
      <object_component id="oc-2f6">
         <name>.debug_info</name>
         <load_address>0x1373</load_address>
         <run_address>0x1373</run_address>
         <size>0x136</size>
         <input_file_ref idref="fl-3"/>
      </object_component>
      <object_component id="oc-1e6">
         <name>.debug_info</name>
         <load_address>0x14a9</load_address>
         <run_address>0x14a9</run_address>
         <size>0x4e3</size>
         <input_file_ref idref="fl-3"/>
      </object_component>
      <object_component id="oc-273">
         <name>.debug_info</name>
         <load_address>0x198c</load_address>
         <run_address>0x198c</run_address>
         <size>0x475</size>
         <input_file_ref idref="fl-4"/>
      </object_component>
      <object_component id="oc-1df">
         <name>.debug_info</name>
         <load_address>0x1e01</load_address>
         <run_address>0x1e01</run_address>
         <size>0xf7</size>
         <input_file_ref idref="fl-4"/>
      </object_component>
      <object_component id="oc-311">
         <name>.debug_info</name>
         <load_address>0x1ef8</load_address>
         <run_address>0x1ef8</run_address>
         <size>0x188</size>
         <input_file_ref idref="fl-4"/>
      </object_component>
      <object_component id="oc-371">
         <name>.debug_info</name>
         <load_address>0x2080</load_address>
         <run_address>0x2080</run_address>
         <size>0x124</size>
         <input_file_ref idref="fl-4"/>
      </object_component>
      <object_component id="oc-375">
         <name>.debug_info</name>
         <load_address>0x21a4</load_address>
         <run_address>0x21a4</run_address>
         <size>0x115</size>
         <input_file_ref idref="fl-4"/>
      </object_component>
      <object_component id="oc-30a">
         <name>.debug_info</name>
         <load_address>0x22b9</load_address>
         <run_address>0x22b9</run_address>
         <size>0x135</size>
         <input_file_ref idref="fl-4"/>
      </object_component>
      <object_component id="oc-26e">
         <name>.debug_info</name>
         <load_address>0x23ee</load_address>
         <run_address>0x23ee</run_address>
         <size>0x1fa</size>
         <input_file_ref idref="fl-4"/>
      </object_component>
      <object_component id="oc-1f2">
         <name>.debug_info</name>
         <load_address>0x25e8</load_address>
         <run_address>0x25e8</run_address>
         <size>0x2e3</size>
         <input_file_ref idref="fl-4"/>
      </object_component>
      <object_component id="oc-330">
         <name>.debug_info</name>
         <load_address>0x28cb</load_address>
         <run_address>0x28cb</run_address>
         <size>0x55</size>
         <input_file_ref idref="fl-4"/>
      </object_component>
      <object_component id="oc-189">
         <name>.debug_info</name>
         <load_address>0x2920</load_address>
         <run_address>0x2920</run_address>
         <size>0x343</size>
         <input_file_ref idref="fl-5"/>
      </object_component>
      <object_component id="oc-1d3">
         <name>.debug_info</name>
         <load_address>0x2c63</load_address>
         <run_address>0x2c63</run_address>
         <size>0xfe</size>
         <input_file_ref idref="fl-5"/>
      </object_component>
      <object_component id="oc-12d">
         <name>.debug_info</name>
         <load_address>0x2d61</load_address>
         <run_address>0x2d61</run_address>
         <size>0x116</size>
         <input_file_ref idref="fl-5"/>
      </object_component>
      <object_component id="oc-20d">
         <name>.debug_info</name>
         <load_address>0x2e77</load_address>
         <run_address>0x2e77</run_address>
         <size>0x32b</size>
         <input_file_ref idref="fl-5"/>
      </object_component>
      <object_component id="oc-1db">
         <name>.debug_info</name>
         <load_address>0x31a2</load_address>
         <run_address>0x31a2</run_address>
         <size>0x171</size>
         <input_file_ref idref="fl-6"/>
      </object_component>
      <object_component id="oc-18b">
         <name>.debug_info</name>
         <load_address>0x3313</load_address>
         <run_address>0x3313</run_address>
         <size>0x6c2</size>
         <input_file_ref idref="fl-7"/>
      </object_component>
      <object_component id="oc-1fc">
         <name>.debug_info</name>
         <load_address>0x39d5</load_address>
         <run_address>0x39d5</run_address>
         <size>0x138</size>
         <input_file_ref idref="fl-7"/>
      </object_component>
      <object_component id="oc-28b">
         <name>.debug_info</name>
         <load_address>0x3b0d</load_address>
         <run_address>0x3b0d</run_address>
         <size>0x140</size>
         <input_file_ref idref="fl-7"/>
      </object_component>
      <object_component id="oc-290">
         <name>.debug_info</name>
         <load_address>0x3c4d</load_address>
         <run_address>0x3c4d</run_address>
         <size>0xfa</size>
         <input_file_ref idref="fl-7"/>
      </object_component>
      <object_component id="oc-1f7">
         <name>.debug_info</name>
         <load_address>0x3d47</load_address>
         <run_address>0x3d47</run_address>
         <size>0x185</size>
         <input_file_ref idref="fl-7"/>
      </object_component>
      <object_component id="oc-1a0">
         <name>.debug_info</name>
         <load_address>0x3ecc</load_address>
         <run_address>0x3ecc</run_address>
         <size>0x1a9</size>
         <input_file_ref idref="fl-7"/>
      </object_component>
      <object_component id="oc-126">
         <name>.debug_info</name>
         <load_address>0x4075</load_address>
         <run_address>0x4075</run_address>
         <size>0xf3</size>
         <input_file_ref idref="fl-7"/>
      </object_component>
      <object_component id="oc-1cc">
         <name>.debug_info</name>
         <load_address>0x4168</load_address>
         <run_address>0x4168</run_address>
         <size>0x111</size>
         <input_file_ref idref="fl-8"/>
      </object_component>
      <object_component id="oc-104">
         <name>.debug_info</name>
         <load_address>0x4279</load_address>
         <run_address>0x4279</run_address>
         <size>0x126</size>
         <input_file_ref idref="fl-25"/>
      </object_component>
      <object_component id="oc-2ad">
         <name>.debug_info</name>
         <load_address>0x439f</load_address>
         <run_address>0x439f</run_address>
         <size>0x122</size>
         <input_file_ref idref="fl-26"/>
      </object_component>
      <object_component id="oc-2b0">
         <name>.debug_info</name>
         <load_address>0x44c1</load_address>
         <run_address>0x44c1</run_address>
         <size>0x119</size>
         <input_file_ref idref="fl-27"/>
      </object_component>
      <object_component id="oc-122">
         <name>.debug_info</name>
         <load_address>0x45da</load_address>
         <run_address>0x45da</run_address>
         <size>0x107</size>
         <input_file_ref idref="fl-35"/>
      </object_component>
      <object_component id="oc-fa">
         <name>.debug_info</name>
         <load_address>0x46e1</load_address>
         <run_address>0x46e1</run_address>
         <size>0x118</size>
         <input_file_ref idref="fl-36"/>
      </object_component>
      <object_component id="oc-ff">
         <name>.debug_info</name>
         <load_address>0x47f9</load_address>
         <run_address>0x47f9</run_address>
         <size>0x118</size>
         <input_file_ref idref="fl-37"/>
      </object_component>
      <object_component id="oc-200">
         <name>.debug_info</name>
         <load_address>0x4911</load_address>
         <run_address>0x4911</run_address>
         <size>0x117</size>
         <input_file_ref idref="fl-39"/>
      </object_component>
      <object_component id="oc-3c8">
         <name>.debug_info</name>
         <load_address>0x4a28</load_address>
         <run_address>0x4a28</run_address>
         <size>0x117</size>
         <input_file_ref idref="fl-3b"/>
      </object_component>
      <object_component id="oc-f6">
         <name>.debug_info</name>
         <load_address>0x4b3f</load_address>
         <run_address>0x4b3f</run_address>
         <size>0xf5</size>
         <input_file_ref idref="fl-3e"/>
      </object_component>
      <object_component id="oc-144">
         <name>.debug_info</name>
         <load_address>0x4c34</load_address>
         <run_address>0x4c34</run_address>
         <size>0x16f</size>
         <input_file_ref idref="fl-3e"/>
      </object_component>
      <object_component id="oc-2d1">
         <name>.debug_info</name>
         <load_address>0x4da3</load_address>
         <run_address>0x4da3</run_address>
         <size>0x472</size>
         <input_file_ref idref="fl-3f"/>
      </object_component>
      <object_component id="oc-220">
         <name>.debug_info</name>
         <load_address>0x5215</load_address>
         <run_address>0x5215</run_address>
         <size>0x1d5</size>
         <input_file_ref idref="fl-3f"/>
      </object_component>
      <object_component id="oc-358">
         <name>.debug_info</name>
         <load_address>0x53ea</load_address>
         <run_address>0x53ea</run_address>
         <size>0x39</size>
         <input_file_ref idref="fl-3f"/>
      </object_component>
      <object_component id="oc-364">
         <name>.debug_info</name>
         <load_address>0x5423</load_address>
         <run_address>0x5423</run_address>
         <size>0x2c</size>
         <input_file_ref idref="fl-3f"/>
      </object_component>
      <object_component id="oc-2dc">
         <name>.debug_info</name>
         <load_address>0x544f</load_address>
         <run_address>0x544f</run_address>
         <size>0x2c</size>
         <input_file_ref idref="fl-3f"/>
      </object_component>
      <object_component id="oc-35d">
         <name>.debug_info</name>
         <load_address>0x547b</load_address>
         <run_address>0x547b</run_address>
         <size>0xcd</size>
         <input_file_ref idref="fl-3f"/>
      </object_component>
      <object_component id="oc-197">
         <name>.debug_info</name>
         <load_address>0x5548</load_address>
         <run_address>0x5548</run_address>
         <size>0x1b4</size>
         <input_file_ref idref="fl-40"/>
      </object_component>
      <object_component id="oc-134">
         <name>.debug_info</name>
         <load_address>0x56fc</load_address>
         <run_address>0x56fc</run_address>
         <size>0x1c7</size>
         <input_file_ref idref="fl-40"/>
      </object_component>
      <object_component id="oc-192">
         <name>.debug_info</name>
         <load_address>0x58c3</load_address>
         <run_address>0x58c3</run_address>
         <size>0x46</size>
         <input_file_ref idref="fl-40"/>
      </object_component>
      <object_component id="oc-17a">
         <name>.debug_info</name>
         <load_address>0x5909</load_address>
         <run_address>0x5909</run_address>
         <size>0x2c</size>
         <input_file_ref idref="fl-40"/>
      </object_component>
      <object_component id="oc-19a">
         <name>.debug_info</name>
         <load_address>0x5935</load_address>
         <run_address>0x5935</run_address>
         <size>0x148</size>
         <input_file_ref idref="fl-44"/>
      </object_component>
      <object_component id="oc-2cb">
         <name>.debug_info</name>
         <load_address>0x5a7d</load_address>
         <run_address>0x5a7d</run_address>
         <size>0x145</size>
         <input_file_ref idref="fl-45"/>
      </object_component>
      <object_component id="oc-11f">
         <name>.debug_info</name>
         <load_address>0x5bc2</load_address>
         <run_address>0x5bc2</run_address>
         <size>0x175</size>
         <input_file_ref idref="fl-46"/>
      </object_component>
      <object_component id="oc-3b">
         <name>.debug_info</name>
         <load_address>0x5d37</load_address>
         <run_address>0x5d37</run_address>
         <size>0x1df</size>
         <input_file_ref idref="fl-46"/>
      </object_component>
      <object_component id="oc-11a">
         <name>.debug_info</name>
         <load_address>0x5f16</load_address>
         <run_address>0x5f16</run_address>
         <size>0x46</size>
         <input_file_ref idref="fl-46"/>
      </object_component>
      <object_component id="oc-17f">
         <name>.debug_info</name>
         <load_address>0x5f5c</load_address>
         <run_address>0x5f5c</run_address>
         <size>0x2c</size>
         <input_file_ref idref="fl-46"/>
      </object_component>
      <object_component id="oc-177">
         <name>.debug_info</name>
         <load_address>0x5f88</load_address>
         <run_address>0x5f88</run_address>
         <size>0x16b</size>
         <input_file_ref idref="fl-47"/>
      </object_component>
      <object_component id="oc-34">
         <name>.debug_info</name>
         <load_address>0x60f3</load_address>
         <run_address>0x60f3</run_address>
         <size>0x287</size>
         <input_file_ref idref="fl-47"/>
      </object_component>
      <object_component id="oc-109">
         <name>.debug_info</name>
         <load_address>0x637a</load_address>
         <run_address>0x637a</run_address>
         <size>0x60</size>
         <input_file_ref idref="fl-47"/>
      </object_component>
      <object_component id="oc-1bb">
         <name>.debug_info</name>
         <load_address>0x63da</load_address>
         <run_address>0x63da</run_address>
         <size>0x46</size>
         <input_file_ref idref="fl-47"/>
      </object_component>
      <object_component id="oc-172">
         <name>.debug_info</name>
         <load_address>0x6420</load_address>
         <run_address>0x6420</run_address>
         <size>0x39</size>
         <input_file_ref idref="fl-47"/>
      </object_component>
      <object_component id="oc-39b">
         <name>.debug_info</name>
         <load_address>0x6459</load_address>
         <run_address>0x6459</run_address>
         <size>0x197</size>
         <input_file_ref idref="fl-48"/>
      </object_component>
      <object_component id="oc-322">
         <name>.debug_info</name>
         <load_address>0x65f0</load_address>
         <run_address>0x65f0</run_address>
         <size>0x27f</size>
         <input_file_ref idref="fl-48"/>
      </object_component>
      <object_component id="oc-38e">
         <name>.debug_info</name>
         <load_address>0x686f</load_address>
         <run_address>0x686f</run_address>
         <size>0x94</size>
         <input_file_ref idref="fl-48"/>
      </object_component>
      <object_component id="oc-329">
         <name>.debug_info</name>
         <load_address>0x6903</load_address>
         <run_address>0x6903</run_address>
         <size>0x160</size>
         <input_file_ref idref="fl-49"/>
      </object_component>
      <object_component id="oc-39e">
         <name>.debug_info</name>
         <load_address>0x6a63</load_address>
         <run_address>0x6a63</run_address>
         <size>0x1b5</size>
         <input_file_ref idref="fl-4a"/>
      </object_component>
      <object_component id="oc-317">
         <name>.debug_info</name>
         <load_address>0x6c18</load_address>
         <run_address>0x6c18</run_address>
         <size>0x15b</size>
         <input_file_ref idref="fl-4b"/>
      </object_component>
      <object_component id="oc-3be">
         <name>.debug_info</name>
         <load_address>0x6d73</load_address>
         <run_address>0x6d73</run_address>
         <size>0x160</size>
         <input_file_ref idref="fl-4c"/>
      </object_component>
      <object_component id="oc-37f">
         <name>.debug_info</name>
         <load_address>0x6ed3</load_address>
         <run_address>0x6ed3</run_address>
         <size>0x1d8</size>
         <input_file_ref idref="fl-4c"/>
      </object_component>
      <object_component id="oc-3cf">
         <name>.debug_info</name>
         <load_address>0x70ab</load_address>
         <run_address>0x70ab</run_address>
         <size>0x167</size>
         <input_file_ref idref="fl-4d"/>
      </object_component>
      <object_component id="oc-395">
         <name>.debug_info</name>
         <load_address>0x7212</load_address>
         <run_address>0x7212</run_address>
         <size>0x5c4</size>
         <input_file_ref idref="fl-4d"/>
      </object_component>
      <object_component id="oc-393">
         <name>.debug_info</name>
         <load_address>0x77d6</load_address>
         <run_address>0x77d6</run_address>
         <size>0x197</size>
         <input_file_ref idref="fl-4e"/>
      </object_component>
      <object_component id="oc-31d">
         <name>.debug_info</name>
         <load_address>0x796d</load_address>
         <run_address>0x796d</run_address>
         <size>0x2d5</size>
         <input_file_ref idref="fl-4e"/>
      </object_component>
      <object_component id="oc-212">
         <name>.debug_info</name>
         <load_address>0x7c42</load_address>
         <run_address>0x7c42</run_address>
         <size>0x117</size>
         <input_file_ref idref="fl-4f"/>
      </object_component>
      <object_component id="oc-179">
         <name>.debug_info</name>
         <load_address>0x7d59</load_address>
         <run_address>0x7d59</run_address>
         <size>0x176</size>
         <input_file_ref idref="fl-52"/>
      </object_component>
      <object_component id="oc-114">
         <name>.debug_info</name>
         <load_address>0x7ecf</load_address>
         <run_address>0x7ecf</run_address>
         <size>0x16f</size>
         <input_file_ref idref="fl-52"/>
      </object_component>
      <object_component id="oc-2fe">
         <name>.debug_info</name>
         <load_address>0x803e</load_address>
         <run_address>0x803e</run_address>
         <size>0x135</size>
         <input_file_ref idref="fl-53"/>
      </object_component>
      <object_component id="oc-385">
         <name>.debug_info</name>
         <load_address>0x8173</load_address>
         <run_address>0x8173</run_address>
         <size>0x118</size>
         <input_file_ref idref="fl-54"/>
      </object_component>
      <object_component id="oc-3c1">
         <name>.debug_info</name>
         <load_address>0x828b</load_address>
         <run_address>0x828b</run_address>
         <size>0x11e</size>
         <input_file_ref idref="fl-55"/>
      </object_component>
      <object_component id="oc-3b6">
         <name>.debug_info</name>
         <load_address>0x83a9</load_address>
         <run_address>0x83a9</run_address>
         <size>0x11e</size>
         <input_file_ref idref="fl-56"/>
      </object_component>
      <object_component id="oc-3d4">
         <name>.debug_info</name>
         <load_address>0x84c7</load_address>
         <run_address>0x84c7</run_address>
         <size>0x118</size>
         <input_file_ref idref="fl-57"/>
      </object_component>
      <object_component id="oc-3ba">
         <name>.debug_info</name>
         <load_address>0x85df</load_address>
         <run_address>0x85df</run_address>
         <size>0x11e</size>
         <input_file_ref idref="fl-57"/>
      </object_component>
      <object_component id="oc-3cb">
         <name>.debug_info</name>
         <load_address>0x86fd</load_address>
         <run_address>0x86fd</run_address>
         <size>0x167</size>
         <input_file_ref idref="fl-5a"/>
      </object_component>
      <object_component id="oc-388">
         <name>.debug_info</name>
         <load_address>0x8864</load_address>
         <run_address>0x8864</run_address>
         <size>0x3a0</size>
         <input_file_ref idref="fl-5a"/>
      </object_component>
      <object_component id="oc-424">
         <name>.debug_info</name>
         <load_address>0x8c04</load_address>
         <run_address>0x8c04</run_address>
         <size>0x98</size>
      </object_component>
      <object_component id="oc-305">
         <name>.debug_line</name>
         <load_address>0x0</load_address>
         <run_address>0x0</run_address>
         <size>0x40</size>
         <input_file_ref idref="fl-2"/>
      </object_component>
      <object_component id="oc-269">
         <name>.debug_line</name>
         <load_address>0x40</load_address>
         <run_address>0x40</run_address>
         <size>0x79</size>
         <input_file_ref idref="fl-2"/>
      </object_component>
      <object_component id="oc-27b">
         <name>.debug_line</name>
         <load_address>0xb9</load_address>
         <run_address>0xb9</run_address>
         <size>0x4b</size>
         <input_file_ref idref="fl-2"/>
      </object_component>
      <object_component id="oc-263">
         <name>.debug_line</name>
         <load_address>0x104</load_address>
         <run_address>0x104</run_address>
         <size>0x51</size>
         <input_file_ref idref="fl-2"/>
      </object_component>
      <object_component id="oc-1ed">
         <name>.debug_line</name>
         <load_address>0x155</load_address>
         <run_address>0x155</run_address>
         <size>0x5e</size>
         <input_file_ref idref="fl-2"/>
      </object_component>
      <object_component id="oc-111">
         <name>.debug_line</name>
         <load_address>0x1b3</load_address>
         <run_address>0x1b3</run_address>
         <size>0x20</size>
         <input_file_ref idref="fl-2"/>
      </object_component>
      <object_component id="oc-3a4">
         <name>.debug_line</name>
         <load_address>0x1d3</load_address>
         <run_address>0x1d3</run_address>
         <size>0x54</size>
         <input_file_ref idref="fl-3"/>
      </object_component>
      <object_component id="oc-33c">
         <name>.debug_line</name>
         <load_address>0x227</load_address>
         <run_address>0x227</run_address>
         <size>0x2c</size>
         <input_file_ref idref="fl-3"/>
      </object_component>
      <object_component id="oc-2ec">
         <name>.debug_line</name>
         <load_address>0x253</load_address>
         <run_address>0x253</run_address>
         <size>0x2c</size>
         <input_file_ref idref="fl-3"/>
      </object_component>
      <object_component id="oc-2ef">
         <name>.debug_line</name>
         <load_address>0x27f</load_address>
         <run_address>0x27f</run_address>
         <size>0x4f</size>
         <input_file_ref idref="fl-3"/>
      </object_component>
      <object_component id="oc-2a4">
         <name>.debug_line</name>
         <load_address>0x2ce</load_address>
         <run_address>0x2ce</run_address>
         <size>0x47</size>
         <input_file_ref idref="fl-3"/>
      </object_component>
      <object_component id="oc-25d">
         <name>.debug_line</name>
         <load_address>0x315</load_address>
         <run_address>0x315</run_address>
         <size>0x45</size>
         <input_file_ref idref="fl-3"/>
      </object_component>
      <object_component id="oc-29c">
         <name>.debug_line</name>
         <load_address>0x35a</load_address>
         <run_address>0x35a</run_address>
         <size>0x48</size>
         <input_file_ref idref="fl-3"/>
      </object_component>
      <object_component id="oc-205">
         <name>.debug_line</name>
         <load_address>0x3a2</load_address>
         <run_address>0x3a2</run_address>
         <size>0x5c</size>
         <input_file_ref idref="fl-3"/>
      </object_component>
      <object_component id="oc-2f8">
         <name>.debug_line</name>
         <load_address>0x3fe</load_address>
         <run_address>0x3fe</run_address>
         <size>0x41</size>
         <input_file_ref idref="fl-3"/>
      </object_component>
      <object_component id="oc-1e5">
         <name>.debug_line</name>
         <load_address>0x43f</load_address>
         <run_address>0x43f</run_address>
         <size>0x7f</size>
         <input_file_ref idref="fl-3"/>
      </object_component>
      <object_component id="oc-336">
         <name>.debug_line</name>
         <load_address>0x4be</load_address>
         <run_address>0x4be</run_address>
         <size>0x7c</size>
         <input_file_ref idref="fl-4"/>
      </object_component>
      <object_component id="oc-1e2">
         <name>.debug_line</name>
         <load_address>0x53a</load_address>
         <run_address>0x53a</run_address>
         <size>0x46</size>
         <input_file_ref idref="fl-4"/>
      </object_component>
      <object_component id="oc-313">
         <name>.debug_line</name>
         <load_address>0x580</load_address>
         <run_address>0x580</run_address>
         <size>0x53</size>
         <input_file_ref idref="fl-4"/>
      </object_component>
      <object_component id="oc-370">
         <name>.debug_line</name>
         <load_address>0x5d3</load_address>
         <run_address>0x5d3</run_address>
         <size>0x52</size>
         <input_file_ref idref="fl-4"/>
      </object_component>
      <object_component id="oc-377">
         <name>.debug_line</name>
         <load_address>0x625</load_address>
         <run_address>0x625</run_address>
         <size>0x56</size>
         <input_file_ref idref="fl-4"/>
      </object_component>
      <object_component id="oc-30c">
         <name>.debug_line</name>
         <load_address>0x67b</load_address>
         <run_address>0x67b</run_address>
         <size>0x4e</size>
         <input_file_ref idref="fl-4"/>
      </object_component>
      <object_component id="oc-270">
         <name>.debug_line</name>
         <load_address>0x6c9</load_address>
         <run_address>0x6c9</run_address>
         <size>0x56</size>
         <input_file_ref idref="fl-4"/>
      </object_component>
      <object_component id="oc-1f1">
         <name>.debug_line</name>
         <load_address>0x71f</load_address>
         <run_address>0x71f</run_address>
         <size>0x1be</size>
         <input_file_ref idref="fl-4"/>
      </object_component>
      <object_component id="oc-333">
         <name>.debug_line</name>
         <load_address>0x8dd</load_address>
         <run_address>0x8dd</run_address>
         <size>0x2e</size>
         <input_file_ref idref="fl-4"/>
      </object_component>
      <object_component id="oc-1c5">
         <name>.debug_line</name>
         <load_address>0x90b</load_address>
         <run_address>0x90b</run_address>
         <size>0x65</size>
         <input_file_ref idref="fl-5"/>
      </object_component>
      <object_component id="oc-1d2">
         <name>.debug_line</name>
         <load_address>0x970</load_address>
         <run_address>0x970</run_address>
         <size>0x52</size>
         <input_file_ref idref="fl-5"/>
      </object_component>
      <object_component id="oc-130">
         <name>.debug_line</name>
         <load_address>0x9c2</load_address>
         <run_address>0x9c2</run_address>
         <size>0x61</size>
         <input_file_ref idref="fl-5"/>
      </object_component>
      <object_component id="oc-20c">
         <name>.debug_line</name>
         <load_address>0xa23</load_address>
         <run_address>0xa23</run_address>
         <size>0x68</size>
         <input_file_ref idref="fl-5"/>
      </object_component>
      <object_component id="oc-1da">
         <name>.debug_line</name>
         <load_address>0xa8b</load_address>
         <run_address>0xa8b</run_address>
         <size>0x56</size>
         <input_file_ref idref="fl-6"/>
      </object_component>
      <object_component id="oc-1c7">
         <name>.debug_line</name>
         <load_address>0xae1</load_address>
         <run_address>0xae1</run_address>
         <size>0xbd</size>
         <input_file_ref idref="fl-7"/>
      </object_component>
      <object_component id="oc-297">
         <name>.debug_line</name>
         <load_address>0xb9e</load_address>
         <run_address>0xb9e</run_address>
         <size>0x2d</size>
         <input_file_ref idref="fl-7"/>
      </object_component>
      <object_component id="oc-28e">
         <name>.debug_line</name>
         <load_address>0xbcb</load_address>
         <run_address>0xbcb</run_address>
         <size>0x4d</size>
         <input_file_ref idref="fl-7"/>
      </object_component>
      <object_component id="oc-293">
         <name>.debug_line</name>
         <load_address>0xc18</load_address>
         <run_address>0xc18</run_address>
         <size>0x45</size>
         <input_file_ref idref="fl-7"/>
      </object_component>
      <object_component id="oc-1f6">
         <name>.debug_line</name>
         <load_address>0xc5d</load_address>
         <run_address>0xc5d</run_address>
         <size>0x11a</size>
         <input_file_ref idref="fl-7"/>
      </object_component>
      <object_component id="oc-1a3">
         <name>.debug_line</name>
         <load_address>0xd77</load_address>
         <run_address>0xd77</run_address>
         <size>0x57</size>
         <input_file_ref idref="fl-7"/>
      </object_component>
      <object_component id="oc-129">
         <name>.debug_line</name>
         <load_address>0xdce</load_address>
         <run_address>0xdce</run_address>
         <size>0x41</size>
         <input_file_ref idref="fl-7"/>
      </object_component>
      <object_component id="oc-1d0">
         <name>.debug_line</name>
         <load_address>0xe0f</load_address>
         <run_address>0xe0f</run_address>
         <size>0x59</size>
         <input_file_ref idref="fl-8"/>
      </object_component>
      <object_component id="oc-107">
         <name>.debug_line</name>
         <load_address>0xe68</load_address>
         <run_address>0xe68</run_address>
         <size>0x40</size>
         <input_file_ref idref="fl-25"/>
      </object_component>
      <object_component id="oc-2ac">
         <name>.debug_line</name>
         <load_address>0xea8</load_address>
         <run_address>0xea8</run_address>
         <size>0x55</size>
         <input_file_ref idref="fl-26"/>
      </object_component>
      <object_component id="oc-2b3">
         <name>.debug_line</name>
         <load_address>0xefd</load_address>
         <run_address>0xefd</run_address>
         <size>0x94</size>
         <input_file_ref idref="fl-27"/>
      </object_component>
      <object_component id="oc-124">
         <name>.debug_line</name>
         <load_address>0xf91</load_address>
         <run_address>0xf91</run_address>
         <size>0x3d</size>
         <input_file_ref idref="fl-35"/>
      </object_component>
      <object_component id="oc-fd">
         <name>.debug_line</name>
         <load_address>0xfce</load_address>
         <run_address>0xfce</run_address>
         <size>0x4e</size>
         <input_file_ref idref="fl-36"/>
      </object_component>
      <object_component id="oc-102">
         <name>.debug_line</name>
         <load_address>0x101c</load_address>
         <run_address>0x101c</run_address>
         <size>0x5e</size>
         <input_file_ref idref="fl-37"/>
      </object_component>
      <object_component id="oc-202">
         <name>.debug_line</name>
         <load_address>0x107a</load_address>
         <run_address>0x107a</run_address>
         <size>0x42</size>
         <input_file_ref idref="fl-39"/>
      </object_component>
      <object_component id="oc-3c6">
         <name>.debug_line</name>
         <load_address>0x10bc</load_address>
         <run_address>0x10bc</run_address>
         <size>0x4b</size>
         <input_file_ref idref="fl-3b"/>
      </object_component>
      <object_component id="oc-16e">
         <name>.debug_line</name>
         <load_address>0x1107</load_address>
         <run_address>0x1107</run_address>
         <size>0x2a</size>
         <input_file_ref idref="fl-3e"/>
      </object_component>
      <object_component id="oc-147">
         <name>.debug_line</name>
         <load_address>0x1131</load_address>
         <run_address>0x1131</run_address>
         <size>0x46</size>
         <input_file_ref idref="fl-3e"/>
      </object_component>
      <object_component id="oc-357">
         <name>.debug_line</name>
         <load_address>0x1177</load_address>
         <run_address>0x1177</run_address>
         <size>0xb7</size>
         <input_file_ref idref="fl-3f"/>
      </object_component>
      <object_component id="oc-222">
         <name>.debug_line</name>
         <load_address>0x122e</load_address>
         <run_address>0x122e</run_address>
         <size>0x76</size>
         <input_file_ref idref="fl-3f"/>
      </object_component>
      <object_component id="oc-35b">
         <name>.debug_line</name>
         <load_address>0x12a4</load_address>
         <run_address>0x12a4</run_address>
         <size>0x2e</size>
         <input_file_ref idref="fl-3f"/>
      </object_component>
      <object_component id="oc-367">
         <name>.debug_line</name>
         <load_address>0x12d2</load_address>
         <run_address>0x12d2</run_address>
         <size>0x92</size>
         <input_file_ref idref="fl-3f"/>
      </object_component>
      <object_component id="oc-2df">
         <name>.debug_line</name>
         <load_address>0x1364</load_address>
         <run_address>0x1364</run_address>
         <size>0x8f</size>
         <input_file_ref idref="fl-3f"/>
      </object_component>
      <object_component id="oc-360">
         <name>.debug_line</name>
         <load_address>0x13f3</load_address>
         <run_address>0x13f3</run_address>
         <size>0x8b</size>
         <input_file_ref idref="fl-3f"/>
      </object_component>
      <object_component id="oc-1c9">
         <name>.debug_line</name>
         <load_address>0x147e</load_address>
         <run_address>0x147e</run_address>
         <size>0x34</size>
         <input_file_ref idref="fl-40"/>
      </object_component>
      <object_component id="oc-136">
         <name>.debug_line</name>
         <load_address>0x14b2</load_address>
         <run_address>0x14b2</run_address>
         <size>0x4d</size>
         <input_file_ref idref="fl-40"/>
      </object_component>
      <object_component id="oc-195">
[...]
      <symbol id="sm-2fd">
         <name>__TI_int07</name>
         <value>0xffee</value>
         <object_component_ref idref="oc-46"/>
      </symbol>
      <symbol id="sm-300">
         <name>__TI_int08</name>
         <value>0xfff0</value>
         <object_component_ref idref="oc-47"/>
      </symbol>
      <symbol id="sm-303">
         <name>__TI_int10</name>
         <value>0xfff4</value>
         <object_component_ref idref="oc-49"/>
      </symbol>
      <symbol id="sm-306">
         <name>__TI_int11</name>
         <value>0xfff6</value>
         <object_component_ref idref="oc-4a"/>
      </symbol>
      <symbol id="sm-309">
         <name>__TI_int12</name>
         <value>0xfff8</value>
         <object_component_ref idref="oc-4b"/>
      </symbol>
      <symbol id="sm-30c">
         <name>__TI_int13</name>
         <value>0xfffa</value>
         <object_component_ref idref="oc-4c"/>
      </symbol>
      <symbol id="sm-30f">
         <name>__TI_int14</name>
         <value>0xfffc</value>
         <object_component_ref idref="oc-4d"/>
      </symbol>
      <symbol id="sm-317">
         <name>__TI_ISR_TRAP</name>
         <value>0x35e4</value>
         <object_component_ref idref="oc-120"/>
      </symbol>
      <symbol id="sm-31f">
         <name>__mspabi_slli</name>
         <value>0x3420</value>
         <object_component_ref idref="oc-f9"/>
      </symbol>
      <symbol id="sm-320">
         <name>__mspabi_slli_9</name>
         <value>0x3438</value>
         <object_component_ref idref="oc-f9"/>
      </symbol>
      <symbol id="sm-321">
         <name>__mspabi_slli_8</name>
         <value>0x343a</value>
         <object_component_ref idref="oc-f9"/>
      </symbol>
      <symbol id="sm-322">
         <name>__mspabi_slli_7</name>
         <value>0x343c</value>
         <object_component_ref idref="oc-f9"/>
      </symbol>
      <symbol id="sm-323">
         <name>__mspabi_slli_6</name>
         <value>0x343e</value>
         <object_component_ref idref="oc-f9"/>
      </symbol>
      <symbol id="sm-324">
         <name>__mspabi_slli_5</name>
         <value>0x3440</value>
         <object_component_ref idref="oc-f9"/>
      </symbol>
      <symbol id="sm-325">
         <name>__mspabi_slli_4</name>
         <value>0x3442</value>
         <object_component_ref idref="oc-f9"/>
      </symbol>
      <symbol id="sm-326">
         <name>__mspabi_slli_3</name>
         <value>0x3444</value>
         <object_component_ref idref="oc-f9"/>
      </symbol>
      <symbol id="sm-327">
         <name>__mspabi_slli_2</name>
         <value>0x3446</value>
         <object_component_ref idref="oc-f9"/>
      </symbol>
      <symbol id="sm-328">
         <name>__mspabi_slli_1</name>
         <value>0x3448</value>
         <object_component_ref idref="oc-f9"/>
      </symbol>
      <symbol id="sm-329">
         <name>__mspabi_slli_15</name>
         <value>0x342c</value>
         <object_component_ref idref="oc-f9"/>
      </symbol>
      <symbol id="sm-32a">
         <name>__mspabi_slli_14</name>
         <value>0x342e</value>
         <object_component_ref idref="oc-f9"/>
      </symbol>
      <symbol id="sm-32b">
         <name>__mspabi_slli_13</name>
         <value>0x3430</value>
         <object_component_ref idref="oc-f9"/>
      </symbol>
      <symbol id="sm-32c">
         <name>__mspabi_slli_12</name>
         <value>0x3432</value>
         <object_component_ref idref="oc-f9"/>
      </symbol>
      <symbol id="sm-32d">
         <name>__mspabi_slli_11</name>
         <value>0x3434</value>
         <object_component_ref idref="oc-f9"/>
      </symbol>
      <symbol id="sm-32e">
         <name>__mspabi_slli_10</name>
         <value>0x3436</value>
         <object_component_ref idref="oc-f9"/>
      </symbol>
      <symbol id="sm-336">
         <name>__mspabi_srli_8</name>
         <value>0x3182</value>
         <object_component_ref idref="oc-fe"/>
      </symbol>
      <symbol id="sm-337">
         <name>__mspabi_srli_9</name>
         <value>0x317e</value>
         <object_component_ref idref="oc-fe"/>
      </symbol>
      <symbol id="sm-338">
         <name>__mspabi_srli_6</name>
         <value>0x318a</value>
         <object_component_ref idref="oc-fe"/>
      </symbol>
      <symbol id="sm-339">
         <name>__mspabi_srli_7</name>
         <value>0x3186</value>
         <object_component_ref idref="oc-fe"/>
      </symbol>
      <symbol id="sm-33a">
         <name>__mspabi_srli_4</name>
         <value>0x3192</value>
         <object_component_ref idref="oc-fe"/>
      </symbol>
      <symbol id="sm-33b">
         <name>__mspabi_srli_5</name>
         <value>0x318e</value>
         <object_component_ref idref="oc-fe"/>
      </symbol>
      <symbol id="sm-33c">
         <name>__mspabi_srli_2</name>
         <value>0x319a</value>
         <object_component_ref idref="oc-fe"/>
      </symbol>
      <symbol id="sm-33d">
         <name>__mspabi_srli_3</name>
         <value>0x3196</value>
         <object_component_ref idref="oc-fe"/>
      </symbol>
      <symbol id="sm-33e">
         <name>__mspabi_srli_1</name>
         <value>0x319e</value>
         <object_component_ref idref="oc-fe"/>
      </symbol>
      <symbol id="sm-33f">
         <name>__mspabi_srli</name>
         <value>0x3158</value>
         <object_component_ref idref="oc-fe"/>
      </symbol>
      <symbol id="sm-340">
         <name>__mspabi_srli_15</name>
         <value>0x3166</value>
         <object_component_ref idref="oc-fe"/>
      </symbol>
      <symbol id="sm-341">
         <name>__mspabi_srli_14</name>
         <value>0x316a</value>
         <object_component_ref idref="oc-fe"/>
      </symbol>
      <symbol id="sm-342">
         <name>__mspabi_srli_13</name>
         <value>0x316e</value>
         <object_component_ref idref="oc-fe"/>
      </symbol>
      <symbol id="sm-343">
         <name>__mspabi_srli_12</name>
         <value>0x3172</value>
         <object_component_ref idref="oc-fe"/>
      </symbol>
      <symbol id="sm-344">
         <name>__mspabi_srli_11</name>
         <value>0x3176</value>
         <object_component_ref idref="oc-fe"/>
      </symbol>
      <symbol id="sm-345">
         <name>__mspabi_srli_10</name>
         <value>0x317a</value>
         <object_component_ref idref="oc-fe"/>
      </symbol>
      <symbol id="sm-34e">
         <name>__mspabi_mpyi_hw</name>
         <value>0x354c</value>
         <object_component_ref idref="oc-1fe"/>
      </symbol>
      <symbol id="sm-357">
         <name>__mspabi_mpyl_hw</name>
         <value>0x339a</value>
         <object_component_ref idref="oc-3c5"/>
      </symbol>
      <symbol id="sm-369">
         <name>_stack</name>
         <value>0x9b0</value>
         <object_component_ref idref="oc-f5"/>
      </symbol>
      <symbol id="sm-36a">
         <name>_c_int00_noargs</name>
         <value>0x3504</value>
         <object_component_ref idref="oc-143"/>
      </symbol>
      <symbol id="sm-36b">
         <name>_reset_vector</name>
         <value>0xfffe</value>
         <object_component_ref idref="oc-f8"/>
      </symbol>
      <symbol id="sm-38d">
         <name>__TI_auto_init_nobinit_nopinit</name>
         <value>0x31e6</value>
         <object_component_ref idref="oc-21d"/>
      </symbol>
      <symbol id="sm-3a5">
         <name>__TI_zero_init_nomemset</name>
         <value>0x3538</value>
         <object_component_ref idref="oc-131"/>
      </symbol>
      <symbol id="sm-3b1">
         <name>_system_pre_init</name>
         <value>0x35f8</value>
         <object_component_ref idref="oc-199"/>
      </symbol>
      <symbol id="sm-3ba">
         <name>_system_post_cinit</name>
         <value>0x35fc</value>
         <object_component_ref idref="oc-2ca"/>
      </symbol>
      <symbol id="sm-3d0">
         <name>__TI_decompress_none</name>
         <value>0x3584</value>
         <object_component_ref idref="oc-39"/>
      </symbol>
      <symbol id="sm-3f3">
         <name>__TI_decompress_lzss</name>
         <value>0x2da2</value>
         <object_component_ref idref="oc-33"/>
      </symbol>
      <symbol id="sm-419">
         <name>__mspabi_divd</name>
         <value>0x2324</value>
         <object_component_ref idref="oc-321"/>
      </symbol>
      <symbol id="sm-424">
         <name>__mspabi_fixdu</name>
         <value>0x3572</value>
         <object_component_ref idref="oc-327"/>
      </symbol>
      <symbol id="sm-434">
         <name>__mspabi_fixdul</name>
         <value>0x2e1e</value>
         <object_component_ref idref="oc-39c"/>
      </symbol>
      <symbol id="sm-43d">
         <name>__mspabi_fltud</name>
         <value>0x35ec</value>
         <object_component_ref idref="oc-315"/>
      </symbol>
      <symbol id="sm-452">
         <name>__mspabi_fltuld</name>
         <value>0x2c9c</value>
         <object_component_ref idref="oc-37b"/>
      </symbol>
      <symbol id="sm-46d">
         <name>__TI_frcdivd</name>
         <value>0x16dc</value>
         <object_component_ref idref="oc-394"/>
      </symbol>
      <symbol id="sm-48f">
         <name>__mspabi_mpyd</name>
         <value>0x20b6</value>
         <object_component_ref idref="oc-31b"/>
      </symbol>
      <symbol id="sm-499">
         <name>C$$EXIT</name>
         <value>0x35f2</value>
         <object_component_ref idref="oc-211"/>
      </symbol>
      <symbol id="sm-49a">
         <name>abort</name>
         <value>0x35f2</value>
         <object_component_ref idref="oc-211"/>
      </symbol>
      <symbol id="sm-4aa">
         <name>memcpy</name>
         <value>0x35a8</value>
         <object_component_ref idref="oc-113"/>
      </symbol>
      <symbol id="sm-4b4">
         <name>abs</name>
         <value>0x35da</value>
         <object_component_ref idref="oc-2fb"/>
      </symbol>
      <symbol id="sm-4bc">
         <name>__mspabi_srai</name>
         <value>0x33f4</value>
         <object_component_ref idref="oc-382"/>
      </symbol>
      <symbol id="sm-4bd">
         <name>__mspabi_srai_8</name>
         <value>0x340e</value>
         <object_component_ref idref="oc-382"/>
      </symbol>
      <symbol id="sm-4be">
         <name>__mspabi_srai_9</name>
         <value>0x340c</value>
         <object_component_ref idref="oc-382"/>
      </symbol>
      <symbol id="sm-4bf">
         <name>__mspabi_srai_6</name>
         <value>0x3412</value>
         <object_component_ref idref="oc-382"/>
      </symbol>
      <symbol id="sm-4c0">
         <name>__mspabi_srai_7</name>
         <value>0x3410</value>
         <object_component_ref idref="oc-382"/>
      </symbol>
      <symbol id="sm-4c1">
         <name>__mspabi_srai_4</name>
         <value>0x3416</value>
         <object_component_ref idref="oc-382"/>
      </symbol>
      <symbol id="sm-4c2">
         <name>__mspabi_srai_5</name>
         <value>0x3414</value>
         <object_component_ref idref="oc-382"/>
      </symbol>
      <symbol id="sm-4c3">
         <name>__mspabi_srai_2</name>
         <value>0x341a</value>
         <object_component_ref idref="oc-382"/>
      </symbol>
      <symbol id="sm-4c4">
         <name>__mspabi_srai_3</name>
         <value>0x3418</value>
         <object_component_ref idref="oc-382"/>
      </symbol>
      <symbol id="sm-4c5">
         <name>__mspabi_srai_1</name>
         <value>0x341c</value>
         <object_component_ref idref="oc-382"/>
      </symbol>
      <symbol id="sm-4c6">
         <name>__mspabi_srai_15</name>
         <value>0x3400</value>
         <object_component_ref idref="oc-382"/>
      </symbol>
      <symbol id="sm-4c7">
         <name>__mspabi_srai_14</name>
         <value>0x3402</value>
         <object_component_ref idref="oc-382"/>
      </symbol>
      <symbol id="sm-4c8">
         <name>__mspabi_srai_13</name>
         <value>0x3404</value>
         <object_component_ref idref="oc-382"/>
      </symbol>
      <symbol id="sm-4c9">
         <name>__mspabi_srai_12</name>
         <value>0x3406</value>
         <object_component_ref idref="oc-382"/>
      </symbol>
      <symbol id="sm-4ca">
         <name>__mspabi_srai_11</name>
         <value>0x3408</value>
         <object_component_ref idref="oc-382"/>
      </symbol>
      <symbol id="sm-4cb">
         <name>__mspabi_srai_10</name>
         <value>0x340a</value>
         <object_component_ref idref="oc-382"/>
      </symbol>
      <symbol id="sm-4d3">
         <name>__mspabi_sral_15</name>
         <value>0x3228</value>
         <object_component_ref idref="oc-3c0"/>
      </symbol>
      <symbol id="sm-4d4">
         <name>__mspabi_sral_14</name>
         <value>0x322c</value>
         <object_component_ref idref="oc-3c0"/>
      </symbol>
      <symbol id="sm-4d5">
         <name>__mspabi_sral_13</name>
         <value>0x3230</value>
         <object_component_ref idref="oc-3c0"/>
      </symbol>
      <symbol id="sm-4d6">
         <name>__mspabi_sral_12</name>
         <value>0x3234</value>
         <object_component_ref idref="oc-3c0"/>
      </symbol>
      <symbol id="sm-4d7">
         <name>__mspabi_sral_11</name>
         <value>0x3238</value>
         <object_component_ref idref="oc-3c0"/>
      </symbol>
      <symbol id="sm-4d8">
         <name>__mspabi_sral_10</name>
         <value>0x323c</value>
         <object_component_ref idref="oc-3c0"/>
      </symbol>
      <symbol id="sm-4d9">
         <name>__mspabi_sral_8</name>
         <value>0x3244</value>
         <object_component_ref idref="oc-3c0"/>
      </symbol>
      <symbol id="sm-4da">
         <name>__mspabi_sral_9</name>
         <value>0x3240</value>
         <object_component_ref idref="oc-3c0"/>
      </symbol>
      <symbol id="sm-4db">
         <name>__mspabi_sral_6</name>
         <value>0x324c</value>
         <object_component_ref idref="oc-3c0"/>
      </symbol>
      <symbol id="sm-4dc">
         <name>__mspabi_sral_7</name>
         <value>0x3248</value>
         <object_component_ref idref="oc-3c0"/>
      </symbol>
      <symbol id="sm-4dd">
         <name>__mspabi_sral_4</name>
         <value>0x3254</value>
         <object_component_ref idref="oc-3c0"/>
      </symbol>
      <symbol id="sm-4de">
         <name>__mspabi_sral_5</name>
         <value>0x3250</value>
         <object_component_ref idref="oc-3c0"/>
      </symbol>
      <symbol id="sm-4df">
         <name>__mspabi_sral_2</name>
         <value>0x325c</value>
         <object_component_ref idref="oc-3c0"/>
      </symbol>
      <symbol id="sm-4e0">
         <name>__mspabi_sral_3</name>
         <value>0x3258</value>
         <object_component_ref idref="oc-3c0"/>
      </symbol>
      <symbol id="sm-4e1">
         <name>__mspabi_sral_1</name>
         <value>0x3260</value>
         <object_component_ref idref="oc-3c0"/>
      </symbol>
      <symbol id="sm-4e9">
         <name>__mspabi_slll_9</name>
         <value>0x327e</value>
         <object_component_ref idref="oc-3b3"/>
      </symbol>
      <symbol id="sm-4ea">
         <name>__mspabi_slll_8</name>
         <value>0x3282</value>
         <object_component_ref idref="oc-3b3"/>
      </symbol>
      <symbol id="sm-4eb">
         <name>__mspabi_slll_7</name>
         <value>0x3286</value>
         <object_component_ref idref="oc-3b3"/>
      </symbol>
      <symbol id="sm-4ec">
         <name>__mspabi_slll_6</name>
         <value>0x328a</value>
         <object_component_ref idref="oc-3b3"/>
      </symbol>
      <symbol id="sm-4ed">
         <name>__mspabi_slll_5</name>
         <value>0x328e</value>
         <object_component_ref idref="oc-3b3"/>
      </symbol>
      <symbol id="sm-4ee">
         <name>__mspabi_slll_4</name>
         <value>0x3292</value>
         <object_component_ref idref="oc-3b3"/>
      </symbol>
      <symbol id="sm-4ef">
         <name>__mspabi_slll_3</name>
         <value>0x3296</value>
         <object_component_ref idref="oc-3b3"/>
      </symbol>
      <symbol id="sm-4f0">
         <name>__mspabi_slll_2</name>
         <value>0x329a</value>
         <object_component_ref idref="oc-3b3"/>
      </symbol>
      <symbol id="sm-4f1">
         <name>__mspabi_slll_1</name>
         <value>0x329e</value>
         <object_component_ref idref="oc-3b3"/>
      </symbol>
      <symbol id="sm-4f2">
         <name>__mspabi_slll_15</name>
         <value>0x3266</value>
         <object_component_ref idref="oc-3b3"/>
      </symbol>
      <symbol id="sm-4f3">
         <name>__mspabi_slll_14</name>
         <value>0x326a</value>
         <object_component_ref idref="oc-3b3"/>
      </symbol>
      <symbol id="sm-4f4">
         <name>__mspabi_slll_13</name>
         <value>0x326e</value>
         <object_component_ref idref="oc-3b3"/>
      </symbol>
      <symbol id="sm-4f5">
         <name>__mspabi_slll_12</name>
         <value>0x3272</value>
         <object_component_ref idref="oc-3b3"/>
      </symbol>
      <symbol id="sm-4f6">
         <name>__mspabi_slll_11</name>
         <value>0x3276</value>
         <object_component_ref idref="oc-3b3"/>
      </symbol>
      <symbol id="sm-4f7">
         <name>__mspabi_slll_10</name>
         <value>0x327a</value>
         <object_component_ref idref="oc-3b3"/>
      </symbol>
      <symbol id="sm-507">
         <name>__mspabi_srll_8</name>
         <value>0x2f86</value>
         <object_component_ref idref="oc-3b8"/>
      </symbol>
      <symbol id="sm-508">
         <name>__mspabi_srll_9</name>
         <value>0x2f80</value>
         <object_component_ref idref="oc-3b8"/>
      </symbol>
      <symbol id="sm-509">
         <name>__mspabi_srll_6</name>
         <value>0x2f92</value>
         <object_component_ref idref="oc-3b8"/>
      </symbol>
      <symbol id="sm-50a">
         <name>__mspabi_srll_7</name>
         <value>0x2f8c</value>
         <object_component_ref idref="oc-3b8"/>
      </symbol>
      <symbol id="sm-50b">
         <name>__mspabi_srll_4</name>
         <value>0x2f9e</value>
         <object_component_ref idref="oc-3b8"/>
      </symbol>
      <symbol id="sm-50c">
         <name>__mspabi_srll_5</name>
         <value>0x2f98</value>
         <object_component_ref idref="oc-3b8"/>
      </symbol>
      <symbol id="sm-50d">
         <name>__mspabi_srll_2</name>
         <value>0x2faa</value>
         <object_component_ref idref="oc-3b8"/>
      </symbol>
      <symbol id="sm-50e">
         <name>__mspabi_srll_3</name>
         <value>0x2fa4</value>
         <object_component_ref idref="oc-3b8"/>
      </symbol>
      <symbol id="sm-50f">
         <name>__mspabi_srll_1</name>
         <value>0x2fb0</value>
         <object_component_ref idref="oc-3b8"/>
      </symbol>
      <symbol id="sm-510">
         <name>__mspabi_srll_15</name>
         <value>0x2f5c</value>
         <object_component_ref idref="oc-3b8"/>
      </symbol>
      <symbol id="sm-511">
         <name>__mspabi_srll_14</name>
         <value>0x2f62</value>
         <object_component_ref idref="oc-3b8"/>
      </symbol>
      <symbol id="sm-512">
         <name>__mspabi_srll_13</name>
         <value>0x2f68</value>
         <object_component_ref idref="oc-3b8"/>
      </symbol>
      <symbol id="sm-513">
         <name>__mspabi_srll_12</name>
         <value>0x2f6e</value>
         <object_component_ref idref="oc-3b8"/>
      </symbol>
      <symbol id="sm-514">
         <name>__mspabi_srll_11</name>
         <value>0x2f74</value>
         <object_component_ref idref="oc-3b8"/>
      </symbol>
      <symbol id="sm-515">
         <name>__mspabi_srll_10</name>
         <value>0x2f7a</value>
         <object_component_ref idref="oc-3b8"/>
      </symbol>
      <symbol id="sm-516">
         <name>__mspabi_srll</name>
         <value>0x3596</value>
         <object_component_ref idref="oc-3d2"/>
      </symbol>
      <symbol id="sm-528">
         <name>__TI_frcmpyd</name>
         <value>0x1e30</value>
         <object_component_ref idref="oc-387"/>
      </symbol>
   </symbol_table>
   <title>Link successful</title>
</link_info>
