******************************************************************************
                  MSP430 Linker PC v18.1.2                     
******************************************************************************
>> Linked Sat Nov 17 08:57:59 2018

OUTPUT FILE NAME:   <work_02.out>
ENTRY POINT SYMBOL: "_c_int00_noargs"  address: 00003094


MEMORY CONFIGURATION

         name            origin    length      used     unused   attr    fill
----------------------  --------  ---------  --------  --------  ----  --------
  SFR                   00000000   00000010  00000000  00000010  RWIX
  PERIPHERALS_8BIT      00000010   000000f0  00000000  000000f0  RWIX
  PERIPHERALS_16BIT     00000100   00000100  00000000  00000100  RWIX
  RAM                   00000200   00000800  00000076  0000078a  RWIX
  INFOB                 00001000   00000080  00000000  00000080  RWIX
  INFOA                 00001080   00000080  00000000  00000080  RWIX
  FLASH                 00001100   0000eee0  000021a8  0000cd38  RWIX
  INT00                 0000ffe0   00000002  00000002  00000000  RWIX
  INT01                 0000ffe2   00000002  00000002  00000000  RWIX
  INT02                 0000ffe4   00000002  00000002  00000000  RWIX
  INT03                 0000ffe6   00000002  00000002  00000000  RWIX
  INT04                 0000ffe8   00000002  00000002  00000000  RWIX
  INT05                 0000ffea   00000002  00000002  00000000  RWIX
  INT06                 0000ffec   00000002  00000002  00000000  RWIX
  INT07                 0000ffee   00000002  00000002  00000000  RWIX
  INT08                 0000fff0   00000002  00000002  00000000  RWIX
  INT09                 0000fff2   00000002  00000002  00000000  RWIX
  INT10                 0000fff4   00000002  00000002  00000000  RWIX
  INT11                 0000fff6   00000002  00000002  00000000  RWIX
  INT12                 0000fff8   00000002  00000002  00000000  RWIX
  INT13                 0000fffa   00000002  00000002  00000000  RWIX
  INT14                 0000fffc   00000002  00000002  00000000  RWIX
  RESET                 0000fffe   00000002  00000002  00000000  RWIX


SECTION ALLOCATION MAP

 output                                  attributes/
section   page    origin      length       input sections
--------  ----  ----------  ----------   ----------------
.bss       0    00000200    00000020     UNINITIALIZED
                  00000200    00000008     (.common:pausedNums)
                  00000208    00000004     (.common:coordinate)
                  0000020c    00000002     (.common:LCD_X)
                  0000020e    00000002     (.common:LCD_Y)
                  00000210    00000002     (.common:ltx)
                  00000212    00000002     (.common:lty)
                  00000214    00000001     (.common:Button_11)
                  00000215    00000001     (.common:Button_12)
                  00000216    00000001     (.common:Button_13)
                  00000217    00000001     (.common:Button_21)
                  00000218    00000001     (.common:Button_22)
                  00000219    00000001     (.common:Button_23)
                  0000021a    00000001     (.common:Button_31)
                  0000021b    00000001     (.common:Button_32)
                  0000021c    00000001     (.common:Button_33)
                  0000021d    00000001     (.common:Button_41)
                  0000021e    00000001     (.common:Button_42)
                  0000021f    00000001     (.common:Button_43)

.data      0    00000220    00000006     UNINITIALIZED
                  00000220    00000004     main.obj (.data)
                  00000224    00000002     TFT.obj (.data)

.stack     0    000009b0    00000050     UNINITIALIZED
                  000009b0    00000002     rts430_eabi.lib : boot.c.obj (.stack)
                  000009b2    0000004e     --HOLE--

.text      0    00001100    0000207c     
                  00001100    000005dc     Touch.obj (.text:Detect_TP)
                  000016dc    00000478     rts430_eabi.lib : frcdivd.c.obj (.text:__TI_frcdivd)
                  00001b54    000002dc     TFT.obj (.text:TFT_Initial)
                  00001e30    00000286     rts430_eabi.lib : frcmpyd.c.obj (.text:__TI_frcmpyd)
                  000020b6    0000026e                     : mpyd.c.obj (.text:__mspabi_mpyd)
                  00002324    00000238                     : divd.c.obj (.text:__mspabi_divd)
                  0000255c    00000184     main.obj (.text:findNum)
                  000026e0    000000f0     Touch.obj (.text:Getpix)
                  000027d0    000000ec     GUI.obj (.text:DisplayDesk)
                  000028bc    000000be     GUI.obj (.text:GUIline)
                  0000297a    0000008a     rts430_eabi.lib : fltuld.c.obj (.text:__mspabi_fltuld)
                  00002a04    0000007c     GUI.obj (.text:GUIsquare2pix)
                  00002a80    0000007c     rts430_eabi.lib : copy_decompress_lzss.c.obj (.text:decompress:lzss:__TI_decompress_lzss)
                  00002afc    00000074                     : fixdul.c.obj (.text:__mspabi_fixdul)
                  00002b70    00000066     TFT.obj (.text:displayNums)
                  00002bd6    0000005c     rts430_eabi.lib : lsr32.asm.obj (.text:l_lsr_const)
                  00002c32    00000058     TFT.obj (.text:LCD_SetPos)
                  00002c8a    00000054     Touch.obj (.text:pix_filter)
                  00002cde    0000004e     Touch.obj (.text:AD7843)
                  00002d2c    0000004c     main.obj (.text:main)
                  00002d78    0000004c     rts430_eabi.lib : lsr16.asm.obj (.text)
                  00002dc4    00000042     GUI.obj (.text:CLR_Screen)
                  00002e06    00000042     rts430_eabi.lib : autoinit.c.obj (.text:__TI_auto_init_nobinit_nopinit:__TI_auto_init_nobinit_nopinit)
                  00002e48    0000003e                     : asr32.asm.obj (.text:l_asr_const)
                  00002e86    0000003e                     : lsl32.asm.obj (.text:l_lsl_const)
                  00002ec4    00000032     TFT.obj (.text:Write_Cmd)
                  00002ef6    00000030     Touch.obj (.text:Write_7843)
                  00002f26    0000002e     timeConfig.obj (.text:Clock_Init)
                  00002f54    0000002e     rts430_eabi.lib : mult32_hw.asm.obj (.text)
                  00002f82    0000002c     TFT.obj (.text:Write_Data)
                  00002fae    0000002c     rts430_eabi.lib : asr16.asm.obj (.text)
                  00002fda    0000002c                     : lsl16.asm.obj (.text)
                  00003006    0000002a     Touch.obj (.text:Read_7843)
                  00003030    00000026     Touch.obj (.text:start_7843)
                  00003056    00000020     main.obj (.text:pow10)
                  00003076    0000001e     TFT.obj (.text:Write_Cmd_Data)
                  00003094    0000001c     rts430_eabi.lib : boot.c.obj (.text:_c_int00_noargs)
                  000030b0    00000018     GUI.obj (.text:GUIpoint)
                  000030c8    00000014     rts430_eabi.lib : copy_zero_init.c.obj (.text:decompress:ZI:__TI_zero_init_nomemset:__TI_zero_init_nomemset)
                  000030dc    00000014                     : mult16_hw.asm.obj (.text)
                  000030f0    00000012                     : fixdu.c.obj (.text:__mspabi_fixdu)
                  00003102    00000012                     : copy_decompress_none.c.obj (.text:decompress:none:__TI_decompress_none)
                  00003114    00000012                     : lsr32.asm.obj (.text:l_lsr)
                  00003126    00000012                     : memcpy.c.obj (.text:memcpy)
                  00003138    00000010     TFT.obj (.text:Write_Data_U16)
                  00003148    00000010     rts430_eabi.lib : epilog.asm.obj (.text)
                  00003158    0000000a                     : abs.c.obj (.text:abs)
                  00003162    00000008                     : isr_trap.asm.obj (.text:_isr:__TI_ISR_TRAP)
                  0000316a    00000006                     : fltud.c.obj (.text:__mspabi_fltud)
                  00003170    00000006                     : exit.c.obj (.text:abort)
                  00003176    00000004                     : pre_init.c.obj (.text:_system_pre_init)
                  0000317a    00000002                     : startup.c.obj (.text:_system_post_cinit)

.const     0    0000317c    00000110     
                  0000317c    00000110     TFT.obj (.const:.string:nums)

.cinit     0    0000328c    0000001c     
                  0000328c    0000000a     (.cinit..data.load) [load image]
                  00003296    00000006     (__TI_handler_table)
                  0000329c    00000004     (.cinit..bss.load) [load image, compression = zero_init]
                  000032a0    00000008     (__TI_cinit_table)

.binit     0    00001100    00000000     

.init_array 
*          0    00001100    00000000     UNINITIALIZED

DACDMA     0    0000ffe0    00000002     
                  0000ffe0    00000002     rts430_eabi.lib : int00.asm.obj (.int00)

PORT2      0    0000ffe2    00000002     
                  0000ffe2    00000002     rts430_eabi.lib : int01.asm.obj (.int01)

USART1TX   0    0000ffe4    00000002     
                  0000ffe4    00000002     rts430_eabi.lib : int02.asm.obj (.int02)

USART1RX   0    0000ffe6    00000002     
                  0000ffe6    00000002     rts430_eabi.lib : int03.asm.obj (.int03)

PORT1      0    0000ffe8    00000002     
                  0000ffe8    00000002     rts430_eabi.lib : int04.asm.obj (.int04)

TIMERA1    0    0000ffea    00000002     
                  0000ffea    00000002     rts430_eabi.lib : int05.asm.obj (.int05)

TIMERA0    0    0000ffec    00000002     
                  0000ffec    00000002     rts430_eabi.lib : int06.asm.obj (.int06)

ADC12      0    0000ffee    00000002     
                  0000ffee    00000002     rts430_eabi.lib : int07.asm.obj (.int07)

USART0TX   0    0000fff0    00000002     
                  0000fff0    00000002     rts430_eabi.lib : int08.asm.obj (.int08)

USART0RX   0    0000fff2    00000002     
                  0000fff2    00000002     rts430_eabi.lib : int09.asm.obj (.int09)

WDT        0    0000fff4    00000002     
                  0000fff4    00000002     rts430_eabi.lib : int10.asm.obj (.int10)

COMPARATORA 
*          0    0000fff6    00000002     
                  0000fff6    00000002     rts430_eabi.lib : int11.asm.obj (.int11)

TIMERB1    0    0000fff8    00000002     
                  0000fff8    00000002     rts430_eabi.lib : int12.asm.obj (.int12)

TIMERB0    0    0000fffa    00000002     
                  0000fffa    00000002     rts430_eabi.lib : int13.asm.obj (.int13)

NMI        0    0000fffc    00000002     
                  0000fffc    00000002     rts430_eabi.lib : int14.asm.obj (.int14)

.reset     0    0000fffe    00000002     
                  0000fffe    00000002     rts430_eabi.lib : boot.c.obj (.reset)

MODULE SUMMARY

       Module                       code   ro data   rw data
       ------                       ----   -------   -------
    .\
       Touch.obj                    2030   0         24     
       TFT.obj                      1062   272       2      
       GUI.obj                      640    0         0      
       main.obj                     496    0         12     
       timeConfig.obj               46     0         0      
    +--+----------------------------+------+---------+---------+
       Total:                       4274   272       38     
                                                            
    C:\ti\ccsv8\tools\compiler\ti-cgt-msp430_18.1.2.LTS\lib\rts430_eabi.lib
       frcdivd.c.obj                1144   0         0      
       frcmpyd.c.obj                646    0         0      
       mpyd.c.obj                   622    0         0      
       divd.c.obj                   568    0         0      
       fltuld.c.obj                 138    0         0      
       copy_decompress_lzss.c.obj   124    0         0      
       fixdul.c.obj                 116    0         0      
       lsr32.asm.obj                110    0         0      
       lsr16.asm.obj                76     0         0      
       autoinit.c.obj               66     0         0      
       asr32.asm.obj                62     0         0      
       lsl32.asm.obj                62     0         0      
       mult32_hw.asm.obj            46     0         0      
       asr16.asm.obj                44     0         0      
       lsl16.asm.obj                44     0         0      
       boot.c.obj                   28     2         0      
       copy_zero_init.c.obj         20     0         0      
       mult16_hw.asm.obj            20     0         0      
       copy_decompress_none.c.obj   18     0         0      
       fixdu.c.obj                  18     0         0      
       memcpy.c.obj                 18     0         0      
       epilog.asm.obj               16     0         0      
       abs.c.obj                    10     0         0      
       isr_trap.asm.obj             8      0         0      
       exit.c.obj                   6      0         0      
       fltud.c.obj                  6      0         0      
       pre_init.c.obj               4      0         0      
       int00.asm.obj                0      2         0      
       int01.asm.obj                0      2         0      
       int02.asm.obj                0      2         0      
       int03.asm.obj                0      2         0      
       int04.asm.obj                0      2         0      
       int05.asm.obj                0      2         0      
       int06.asm.obj                0      2         0      
       int07.asm.obj                0      2         0      
       int08.asm.obj                0      2         0      
       int09.asm.obj                0      2         0      
       int10.asm.obj                0      2         0      
       int11.asm.obj                0      2         0      
       int12.asm.obj                0      2         0      
       int13.asm.obj                0      2         0      
       int14.asm.obj                0      2         0      
       startup.c.obj                2      0         0      
    +--+----------------------------+------+---------+---------+
       Total:                       4042   32        0      
                                                            
       Stack:                       0      0         80     
       Linker Generated:            0      28        0      
    +--+----------------------------+------+---------+---------+
       Grand Total:                 8316   332       118    


LINKER GENERATED COPY TABLES

__TI_cinit_table @ 000032a0 records: 2, size/record: 4, table size: 8
	.data: load addr=0000328c, load size=0000000a bytes, run addr=00000220, run size=00000006 bytes, compression=copy
	.bss: load addr=0000329c, load size=00000004 bytes, run addr=00000200, run size=00000020 bytes, compression=zero_init


LINKER GENERATED HANDLER TABLE

__TI_handler_table @ 00003296 records: 3, size/record: 2, table size: 6
	index: 0, handler: __TI_zero_init
	index: 1, handler: __TI_decompress_lzss
	index: 2, handler: __TI_decompress_none


GLOBAL SYMBOLS: SORTED ALPHABETICALLY BY Name 

address   name                          
-------   ----                          
00002cde  AD7843                        
000001a0  ADC12CTL0                     
000001a2  ADC12CTL1                     
000001a6  ADC12IE                       
000001a4  ADC12IFG                      
000001a8  ADC12IV                       
00000080  ADC12MCTL0                    
00000081  ADC12MCTL1                    
0000008a  ADC12MCTL10                   
0000008b  ADC12MCTL11                   
0000008c  ADC12MCTL12                   
0000008d  ADC12MCTL13                   
0000008e  ADC12MCTL14                   
0000008f  ADC12MCTL15                   
00000082  ADC12MCTL2                    
00000083  ADC12MCTL3                    
00000084  ADC12MCTL4                    
00000085  ADC12MCTL5                    
00000086  ADC12MCTL6                    
00000087  ADC12MCTL7                    
00000088  ADC12MCTL8                    
00000089  ADC12MCTL9                    
00000140  ADC12MEM0                     
00000142  ADC12MEM1                     
00000154  ADC12MEM10                    
00000156  ADC12MEM11                    
00000158  ADC12MEM12                    
0000015a  ADC12MEM13                    
0000015c  ADC12MEM14                    
0000015e  ADC12MEM15                    
00000144  ADC12MEM2                     
00000146  ADC12MEM3                     
00000148  ADC12MEM4                     
0000014a  ADC12MEM5                     
0000014c  ADC12MEM6                     
0000014e  ADC12MEM7                     
00000150  ADC12MEM8                     
00000152  ADC12MEM9                     
00000057  BCSCTL1                       
00000058  BCSCTL2                       
00000214  Button_11                     
00000215  Button_12                     
00000216  Button_13                     
00000217  Button_21                     
00000218  Button_22                     
00000219  Button_23                     
0000021a  Button_31                     
0000021b  Button_32                     
0000021c  Button_33                     
0000021d  Button_41                     
0000021e  Button_42                     
0000021f  Button_43                     
00003170  C$$EXIT                       
00000059  CACTL1                        
0000005a  CACTL2                        
0000005b  CAPD                          
00002dc4  CLR_Screen                    
00002f26  Clock_Init                    
000001c0  DAC12_0CTL                    
000001c8  DAC12_0DAT                    
000001c2  DAC12_1CTL                    
000001ca  DAC12_1DAT                    
00000056  DCOCTL                        
000001e0  DMA0CTL                       
000001e4  DMA0DA                        
000001e2  DMA0SA                        
000001e6  DMA0SZ                        
000001e8  DMA1CTL                       
000001ec  DMA1DA                        
000001ea  DMA1SA                        
000001ee  DMA1SZ                        
000001f0  DMA2CTL                       
000001f4  DMA2DA                        
000001f2  DMA2SA                        
000001f6  DMA2SZ                        
00000122  DMACTL0                       
00000124  DMACTL1                       
00001100  Detect_TP                     
00000224  Device_code                   
000027d0  DisplayDesk                   
00000220  Distance                      
00000128  FCTL1                         
0000012a  FCTL2                         
0000012c  FCTL3                         
000028bc  GUIline                       
000030b0  GUIpoint                      
00002a04  GUIsquare2pix                 
000026e0  Getpix                        
00000072  I2CDCTL                       
00000076  I2CDRB                        
00000076  I2CDRW                        
00000050  I2CIE                         
00000051  I2CIFG                        
0000011c  I2CIV                         
00000052  I2CNDAT                       
00000118  I2COA                         
00000073  I2CPSC                        
0000011a  I2CSA                         
00000074  I2CSCLH                       
00000075  I2CSCLL                       
00000071  I2CTCTL                       
00000000  IE1                           
00000001  IE2                           
00000002  IFG1                          
00000003  IFG2                          
00002c32  LCD_SetPos                    
0000020c  LCD_X                         
0000020e  LCD_Y                         
00000134  MAC                           
00000136  MACS                          
00000004  ME1                           
00000005  ME2                           
00000130  MPY                           
00000132  MPYS                          
00000138  OP2                           
00000022  P1DIR                         
00000025  P1IE                          
00000024  P1IES                         
00000023  P1IFG                         
00000020  P1IN                          
00000021  P1OUT                         
00000026  P1SEL                         
0000002a  P2DIR                         
0000002d  P2IE                          
0000002c  P2IES                         
0000002b  P2IFG                         
00000028  P2IN                          
00000029  P2OUT                         
0000002e  P2SEL                         
0000001a  P3DIR                         
00000018  P3IN                          
00000019  P3OUT                         
0000001b  P3SEL                         
0000001e  P4DIR                         
0000001c  P4IN                          
0000001d  P4OUT                         
0000001f  P4SEL                         
00000032  P5DIR                         
00000030  P5IN                          
00000031  P5OUT                         
00000033  P5SEL                         
00000036  P6DIR                         
00000034  P6IN                          
00000035  P6OUT                         
00000037  P6SEL                         
0000013c  RESHI                         
0000013a  RESLO                         
00003006  Read_7843                     
0000013e  SUMEXT                        
00000055  SVSCTL                        
00000172  TACCR0                        
00000174  TACCR1                        
00000176  TACCR2                        
00000162  TACCTL0                       
00000164  TACCTL1                       
00000166  TACCTL2                       
00000160  TACTL                         
0000012e  TAIV                          
00000170  TAR                           
00000192  TBCCR0                        
00000194  TBCCR1                        
00000196  TBCCR2                        
00000198  TBCCR3                        
0000019a  TBCCR4                        
0000019c  TBCCR5                        
0000019e  TBCCR6                        
00000182  TBCCTL0                       
00000184  TBCCTL1                       
00000186  TBCCTL2                       
00000188  TBCCTL3                       
0000018a  TBCCTL4                       
0000018c  TBCCTL5                       
0000018e  TBCCTL6                       
00000180  TBCTL                         
0000011e  TBIV                          
00000190  TBR                           
00001b54  TFT_Initial                   
00000074  U0BR0                         
00000075  U0BR1                         
00000070  U0CTL                         
00000073  U0MCTL                        
00000072  U0RCTL                        
00000076  U0RXBUF                       
00000071  U0TCTL                        
00000077  U0TXBUF                       
0000007c  U1BR0                         
0000007d  U1BR1                         
00000078  U1CTL                         
0000007b  U1MCTL                        
0000007a  U1RCTL                        
0000007e  U1RXBUF                       
00000079  U1TCTL                        
0000007f  U1TXBUF                       
00000120  WDTCTL                        
00002ef6  Write_7843                    
00002ec4  Write_Cmd                     
00003076  Write_Cmd_Data                
00002f82  Write_Data                    
00003138  Write_Data_U16                
00000a00  __STACK_END                   
00000050  __STACK_SIZE                  
000032a0  __TI_CINIT_Base               
000032a8  __TI_CINIT_Limit              
00003296  __TI_Handler_Table_Base       
0000329c  __TI_Handler_Table_Limit      
00003162  __TI_ISR_TRAP                 
00002e06  __TI_auto_init_nobinit_nopinit
00002a80  __TI_decompress_lzss          
00003102  __TI_decompress_none          
000016dc  __TI_frcdivd                  
00001e30  __TI_frcmpyd                  
0000ffe0  __TI_int00                    
0000ffe2  __TI_int01                    
0000ffe4  __TI_int02                    
0000ffe6  __TI_int03                    
0000ffe8  __TI_int04                    
0000ffea  __TI_int05                    
0000ffec  __TI_int06                    
0000ffee  __TI_int07                    
0000fff0  __TI_int08                    
0000fff2  __TI_int09                    
0000fff4  __TI_int10                    
0000fff6  __TI_int11                    
0000fff8  __TI_int12                    
0000fffa  __TI_int13                    
0000fffc  __TI_int14                    
ffffffff  __TI_pprof_out_hndl           
ffffffff  __TI_prof_data_size           
ffffffff  __TI_prof_data_start          
000030c8  __TI_zero_init_nomemset       
ffffffff  __c_args__                    
00002324  __mspabi_divd                 
000030f0  __mspabi_fixdu                
00002afc  __mspabi_fixdul               
0000316a  __mspabi_fltud                
0000297a  __mspabi_fltuld               
00003154  __mspabi_func_epilog_1        
00003152  __mspabi_func_epilog_2        
00003150  __mspabi_func_epilog_3        
0000314e  __mspabi_func_epilog_4        
0000314c  __mspabi_func_epilog_5        
0000314a  __mspabi_func_epilog_6        
00003148  __mspabi_func_epilog_7        
000020b6  __mspabi_mpyd                 
000030dc  __mspabi_mpyi_hw              
00002f54  __mspabi_mpyl_hw              
00002fda  __mspabi_slli                 
00003002  __mspabi_slli_1               
00002ff0  __mspabi_slli_10              
00002fee  __mspabi_slli_11              
00002fec  __mspabi_slli_12              
00002fea  __mspabi_slli_13              
00002fe8  __mspabi_slli_14              
00002fe6  __mspabi_slli_15              
00003000  __mspabi_slli_2               
00002ffe  __mspabi_slli_3               
00002ffc  __mspabi_slli_4               
00002ffa  __mspabi_slli_5               
00002ff8  __mspabi_slli_6               
00002ff6  __mspabi_slli_7               
00002ff4  __mspabi_slli_8               
00002ff2  __mspabi_slli_9               
00002ebe  __mspabi_slll_1               
00002e9a  __mspabi_slll_10              
00002e96  __mspabi_slll_11              
00002e92  __mspabi_slll_12              
00002e8e  __mspabi_slll_13              
00002e8a  __mspabi_slll_14              
00002e86  __mspabi_slll_15              
00002eba  __mspabi_slll_2               
00002eb6  __mspabi_slll_3               
00002eb2  __mspabi_slll_4               
00002eae  __mspabi_slll_5               
00002eaa  __mspabi_slll_6               
00002ea6  __mspabi_slll_7               
00002ea2  __mspabi_slll_8               
00002e9e  __mspabi_slll_9               
00002fae  __mspabi_srai                 
00002fd6  __mspabi_srai_1               
00002fc4  __mspabi_srai_10              
00002fc2  __mspabi_srai_11              
00002fc0  __mspabi_srai_12              
00002fbe  __mspabi_srai_13              
00002fbc  __mspabi_srai_14              
00002fba  __mspabi_srai_15              
00002fd4  __mspabi_srai_2               
00002fd2  __mspabi_srai_3               
00002fd0  __mspabi_srai_4               
00002fce  __mspabi_srai_5               
00002fcc  __mspabi_srai_6               
00002fca  __mspabi_srai_7               
00002fc8  __mspabi_srai_8               
00002fc6  __mspabi_srai_9               
00002e80  __mspabi_sral_1               
00002e5c  __mspabi_sral_10              
00002e58  __mspabi_sral_11              
00002e54  __mspabi_sral_12              
00002e50  __mspabi_sral_13              
00002e4c  __mspabi_sral_14              
00002e48  __mspabi_sral_15              
00002e7c  __mspabi_sral_2               
00002e78  __mspabi_sral_3               
00002e74  __mspabi_sral_4               
00002e70  __mspabi_sral_5               
00002e6c  __mspabi_sral_6               
00002e68  __mspabi_sral_7               
00002e64  __mspabi_sral_8               
00002e60  __mspabi_sral_9               
00002d78  __mspabi_srli                 
00002dbe  __mspabi_srli_1               
00002d9a  __mspabi_srli_10              
00002d96  __mspabi_srli_11              
00002d92  __mspabi_srli_12              
00002d8e  __mspabi_srli_13              
00002d8a  __mspabi_srli_14              
00002d86  __mspabi_srli_15              
00002dba  __mspabi_srli_2               
00002db6  __mspabi_srli_3               
00002db2  __mspabi_srli_4               
00002dae  __mspabi_srli_5               
00002daa  __mspabi_srli_6               
00002da6  __mspabi_srli_7               
00002da2  __mspabi_srli_8               
00002d9e  __mspabi_srli_9               
00003114  __mspabi_srll                 
00002c2a  __mspabi_srll_1               
00002bf4  __mspabi_srll_10              
00002bee  __mspabi_srll_11              
00002be8  __mspabi_srll_12              
00002be2  __mspabi_srll_13              
00002bdc  __mspabi_srll_14              
00002bd6  __mspabi_srll_15              
00002c24  __mspabi_srll_2               
00002c1e  __mspabi_srll_3               
00002c18  __mspabi_srll_4               
00002c12  __mspabi_srll_5               
00002c0c  __mspabi_srll_6               
00002c06  __mspabi_srll_7               
00002c00  __mspabi_srll_8               
00002bfa  __mspabi_srll_9               
00003094  _c_int00_noargs               
0000fffe  _reset_vector                 
000009b0  _stack                        
0000317a  _system_post_cinit            
00003176  _system_pre_init              
00003170  abort                         
00003158  abs                           
00000208  coordinate                    
00000221  curX                          
00002b70  displayNums                   
0000255c  findNum                       
00000222  ifPaused                      
00000210  ltx                           
00000212  lty                           
00002d2c  main                          
00003126  memcpy                        
0000317c  nums                          
00000200  pausedNums                    
00002c8a  pix_filter                    
00003056  pow10                         
00003030  start_7843                    
00000223  tmpNum                        


GLOBAL SYMBOLS: SORTED BY Symbol Address 

address   name                          
-------   ----                          
00000000  IE1                           
00000001  IE2                           
00000002  IFG1                          
00000003  IFG2                          
00000004  ME1                           
00000005  ME2                           
00000018  P3IN                          
00000019  P3OUT                         
0000001a  P3DIR                         
0000001b  P3SEL                         
0000001c  P4IN                          
0000001d  P4OUT                         
0000001e  P4DIR                         
0000001f  P4SEL                         
00000020  P1IN                          
00000021  P1OUT                         
00000022  P1DIR                         
00000023  P1IFG                         
00000024  P1IES                         
00000025  P1IE                          
00000026  P1SEL                         
00000028  P2IN                          
00000029  P2OUT                         
0000002a  P2DIR                         
0000002b  P2IFG                         
0000002c  P2IES                         
0000002d  P2IE                          
0000002e  P2SEL                         
00000030  P5IN                          
00000031  P5OUT                         
00000032  P5DIR                         
00000033  P5SEL                         
00000034  P6IN                          
00000035  P6OUT                         
00000036  P6DIR                         
00000037  P6SEL                         
00000050  I2CIE                         
00000050  __STACK_SIZE                  
00000051  I2CIFG                        
00000052  I2CNDAT                       
00000055  SVSCTL                        
00000056  DCOCTL                        
00000057  BCSCTL1                       
00000058  BCSCTL2                       
00000059  CACTL1                        
0000005a  CACTL2                        
0000005b  CAPD                          
00000070  U0CTL                         
00000071  I2CTCTL                       
00000071  U0TCTL                        
00000072  I2CDCTL                       
00000072  U0RCTL                        
00000073  I2CPSC                        
00000073  U0MCTL                        
00000074  I2CSCLH                       
00000074  U0BR0                         
00000075  I2CSCLL                       
00000075  U0BR1                         
00000076  I2CDRB                        
00000076  I2CDRW                        
00000076  U0RXBUF                       
00000077  U0TXBUF                       
00000078  U1CTL                         
00000079  U1TCTL                        
0000007a  U1RCTL                        
0000007b  U1MCTL                        
0000007c  U1BR0                         
0000007d  U1BR1                         
0000007e  U1RXBUF                       
0000007f  U1TXBUF                       
00000080  ADC12MCTL0                    
00000081  ADC12MCTL1                    
00000082  ADC12MCTL2                    
00000083  ADC12MCTL3                    
00000084  ADC12MCTL4                    
00000085  ADC12MCTL5                    
00000086  ADC12MCTL6                    
00000087  ADC12MCTL7                    
00000088  ADC12MCTL8                    
00000089  ADC12MCTL9                    
0000008a  ADC12MCTL10                   
0000008b  ADC12MCTL11                   
0000008c  ADC12MCTL12                   
0000008d  ADC12MCTL13                   
0000008e  ADC12MCTL14                   
0000008f  ADC12MCTL15                   
00000118  I2COA                         
0000011a  I2CSA                         
0000011c  I2CIV                         
0000011e  TBIV                          
00000120  WDTCTL                        
00000122  DMACTL0                       
00000124  DMACTL1                       
00000128  FCTL1                         
0000012a  FCTL2                         
0000012c  FCTL3                         
0000012e  TAIV                          
00000130  MPY                           
00000132  MPYS                          
00000134  MAC                           
00000136  MACS                          
00000138  OP2                           
0000013a  RESLO                         
0000013c  RESHI                         
0000013e  SUMEXT                        
00000140  ADC12MEM0                     
00000142  ADC12MEM1                     
00000144  ADC12MEM2                     
00000146  ADC12MEM3                     
00000148  ADC12MEM4                     
0000014a  ADC12MEM5                     
0000014c  ADC12MEM6                     
0000014e  ADC12MEM7                     
00000150  ADC12MEM8                     
00000152  ADC12MEM9                     
00000154  ADC12MEM10                    
00000156  ADC12MEM11                    
00000158  ADC12MEM12                    
0000015a  ADC12MEM13                    
0000015c  ADC12MEM14                    
0000015e  ADC12MEM15                    
00000160  TACTL                         
00000162  TACCTL0                       
00000164  TACCTL1                       
00000166  TACCTL2                       
00000170  TAR                           
00000172  TACCR0                        
00000174  TACCR1                        
00000176  TACCR2                        
00000180  TBCTL                         
00000182  TBCCTL0                       
00000184  TBCCTL1                       
00000186  TBCCTL2                       
00000188  TBCCTL3                       
0000018a  TBCCTL4                       
0000018c  TBCCTL5                       
0000018e  TBCCTL6                       
00000190  TBR                           
00000192  TBCCR0                        
00000194  TBCCR1                        
00000196  TBCCR2                        
00000198  TBCCR3                        
0000019a  TBCCR4                        
0000019c  TBCCR5                        
0000019e  TBCCR6                        
000001a0  ADC12CTL0                     
000001a2  ADC12CTL1                     
000001a4  ADC12IFG                      
000001a6  ADC12IE                       
000001a8  ADC12IV                       
000001c0  DAC12_0CTL                    
000001c2  DAC12_1CTL                    
000001c8  DAC12_0DAT                    
000001ca  DAC12_1DAT                    
000001e0  DMA0CTL                       
000001e2  DMA0SA                        
000001e4  DMA0DA                        
000001e6  DMA0SZ                        
000001e8  DMA1CTL                       
000001ea  DMA1SA                        
000001ec  DMA1DA                        
000001ee  DMA1SZ                        
000001f0  DMA2CTL                       
000001f2  DMA2SA                        
000001f4  DMA2DA                        
000001f6  DMA2SZ                        
00000200  pausedNums                    
00000208  coordinate                    
0000020c  LCD_X                         
0000020e  LCD_Y                         
00000210  ltx                           
00000212  lty                           
00000214  Button_11                     
00000215  Button_12                     
00000216  Button_13                     
00000217  Button_21                     
00000218  Button_22                     
00000219  Button_23                     
0000021a  Button_31                     
0000021b  Button_32                     
0000021c  Button_33                     
0000021d  Button_41                     
0000021e  Button_42                     
0000021f  Button_43                     
00000220  Distance                      
00000221  curX                          
00000222  ifPaused                      
00000223  tmpNum                        
00000224  Device_code                   
000009b0  _stack                        
00000a00  __STACK_END                   
00001100  Detect_TP                     
000016dc  __TI_frcdivd                  
00001b54  TFT_Initial                   
00001e30  __TI_frcmpyd                  
000020b6  __mspabi_mpyd                 
00002324  __mspabi_divd                 
0000255c  findNum                       
000026e0  Getpix                        
000027d0  DisplayDesk                   
000028bc  GUIline                       
0000297a  __mspabi_fltuld               
00002a04  GUIsquare2pix                 
00002a80  __TI_decompress_lzss          
00002afc  __mspabi_fixdul               
00002b70  displayNums                   
00002bd6  __mspabi_srll_15              
00002bdc  __mspabi_srll_14              
00002be2  __mspabi_srll_13              
00002be8  __mspabi_srll_12              
00002bee  __mspabi_srll_11              
00002bf4  __mspabi_srll_10              
00002bfa  __mspabi_srll_9               
00002c00  __mspabi_srll_8               
00002c06  __mspabi_srll_7               
00002c0c  __mspabi_srll_6               
00002c12  __mspabi_srll_5               
00002c18  __mspabi_srll_4               
00002c1e  __mspabi_srll_3               
00002c24  __mspabi_srll_2               
00002c2a  __mspabi_srll_1               
00002c32  LCD_SetPos                    
00002c8a  pix_filter                    
00002cde  AD7843                        
00002d2c  main                          
00002d78  __mspabi_srli                 
00002d86  __mspabi_srli_15              
00002d8a  __mspabi_srli_14              
00002d8e  __mspabi_srli_13              
00002d92  __mspabi_srli_12              
00002d96  __mspabi_srli_11              
00002d9a  __mspabi_srli_10              
00002d9e  __mspabi_srli_9               
00002da2  __mspabi_srli_8               
00002da6  __mspabi_srli_7               
00002daa  __mspabi_srli_6               
00002dae  __mspabi_srli_5               
00002db2  __mspabi_srli_4               
00002db6  __mspabi_srli_3               
00002dba  __mspabi_srli_2               
00002dbe  __mspabi_srli_1               
00002dc4  CLR_Screen                    
00002e06  __TI_auto_init_nobinit_nopinit
00002e48  __mspabi_sral_15              
00002e4c  __mspabi_sral_14              
00002e50  __mspabi_sral_13              
00002e54  __mspabi_sral_12              
00002e58  __mspabi_sral_11              
00002e5c  __mspabi_sral_10              
00002e60  __mspabi_sral_9               
00002e64  __mspabi_sral_8               
00002e68  __mspabi_sral_7               
00002e6c  __mspabi_sral_6               
00002e70  __mspabi_sral_5               
00002e74  __mspabi_sral_4               
00002e78  __mspabi_sral_3               
00002e7c  __mspabi_sral_2               
00002e80  __mspabi_sral_1               
00002e86  __mspabi_slll_15              
00002e8a  __mspabi_slll_14              
00002e8e  __mspabi_slll_13              
00002e92  __mspabi_slll_12              
00002e96  __mspabi_slll_11              
00002e9a  __mspabi_slll_10              
00002e9e  __mspabi_slll_9               
00002ea2  __mspabi_slll_8               
00002ea6  __mspabi_slll_7               
00002eaa  __mspabi_slll_6               
00002eae  __mspabi_slll_5               
00002eb2  __mspabi_slll_4               
00002eb6  __mspabi_slll_3               
00002eba  __mspabi_slll_2               
00002ebe  __mspabi_slll_1               
00002ec4  Write_Cmd                     
00002ef6  Write_7843                    
00002f26  Clock_Init                    
00002f54  __mspabi_mpyl_hw              
00002f82  Write_Data                    
00002fae  __mspabi_srai                 
00002fba  __mspabi_srai_15              
00002fbc  __mspabi_srai_14              
00002fbe  __mspabi_srai_13              
00002fc0  __mspabi_srai_12              
00002fc2  __mspabi_srai_11              
00002fc4  __mspabi_srai_10              
00002fc6  __mspabi_srai_9               
00002fc8  __mspabi_srai_8               
00002fca  __mspabi_srai_7               
00002fcc  __mspabi_srai_6               
00002fce  __mspabi_srai_5               
00002fd0  __mspabi_srai_4               
00002fd2  __mspabi_srai_3               
00002fd4  __mspabi_srai_2               
00002fd6  __mspabi_srai_1               
00002fda  __mspabi_slli                 
00002fe6  __mspabi_slli_15              
00002fe8  __mspabi_slli_14              
00002fea  __mspabi_slli_13              
00002fec  __mspabi_slli_12              
00002fee  __mspabi_slli_11              
00002ff0  __mspabi_slli_10              
00002ff2  __mspabi_slli_9               
00002ff4  __mspabi_slli_8               
00002ff6  __mspabi_slli_7               
00002ff8  __mspabi_slli_6               
00002ffa  __mspabi_slli_5               
00002ffc  __mspabi_slli_4               
00002ffe  __mspabi_slli_3               
00003000  __mspabi_slli_2               
00003002  __mspabi_slli_1               
00003006  Read_7843                     
00003030  start_7843                    
00003056  pow10                         
00003076  Write_Cmd_Data                
00003094  _c_int00_noargs               
000030b0  GUIpoint                      
000030c8  __TI_zero_init_nomemset       
000030dc  __mspabi_mpyi_hw              
000030f0  __mspabi_fixdu                
00003102  __TI_decompress_none          
00003114  __mspabi_srll                 
00003126  memcpy                        
00003138  Write_Data_U16                
00003148  __mspabi_func_epilog_7        
0000314a  __mspabi_func_epilog_6        
0000314c  __mspabi_func_epilog_5        
0000314e  __mspabi_func_epilog_4        
00003150  __mspabi_func_epilog_3        
00003152  __mspabi_func_epilog_2        
00003154  __mspabi_func_epilog_1        
00003158  abs                           
00003162  __TI_ISR_TRAP                 
0000316a  __mspabi_fltud                
00003170  C$$EXIT                       
00003170  abort                         
00003176  _system_pre_init              
0000317a  _system_post_cinit            
0000317c  nums                          
00003296  __TI_Handler_Table_Base       
0000329c  __TI_Handler_Table_Limit      
000032a0  __TI_CINIT_Base               
000032a8  __TI_CINIT_Limit              
0000ffe0  __TI_int00                    
0000ffe2  __TI_int01                    
0000ffe4  __TI_int02                    
0000ffe6  __TI_int03                    
0000ffe8  __TI_int04                    
0000ffea  __TI_int05                    
0000ffec  __TI_int06                    
0000ffee  __TI_int07                    
0000fff0  __TI_int08                    
0000fff2  __TI_int09                    
0000fff4  __TI_int10                    
0000fff6  __TI_int11                    
0000fff8  __TI_int12                    
0000fffa  __TI_int13                    
0000fffc  __TI_int14                    
0000fffe  _reset_vector                 
ffffffff  __TI_pprof_out_hndl           
ffffffff  __TI_prof_data_size           
ffffffff  __TI_prof_data_start          
ffffffff  __c_args__                    

[362 symbols]
