******************************************************************************
                  MSP430 Linker PC v18.1.2                     
******************************************************************************
>> Linked Sat Nov 17 16:08:45 2018

OUTPUT FILE NAME:   <work_02.out>
ENTRY POINT SYMBOL: "_c_int00_noargs"  address: 000036c0


MEMORY CONFIGURATION

         name            origin    length      used     unused   attr    fill
----------------------  --------  ---------  --------  --------  ----  --------
  SFR                   00000000   00000010  00000000  00000010  RWIX
  PERIPHERALS_8BIT      00000010   000000f0  00000000  000000f0  RWIX
  PERIPHERALS_16BIT     00000100   00000100  00000000  00000100  RWIX
  RAM                   00000200   00000800  000000c4  0000073c  RWIX
  INFOB                 00001000   00000080  00000000  00000080  RWIX
  INFOA                 00001080   00000080  00000000  00000080  RWIX
  FLASH                 00001100   0000eee0  0000282e  0000c6b2  RWIX
  INT00                 0000ffe0   00000002  00000002  00000000  RWIX
  INT01                 0000ffe2   00000002  00000002  00000000  RWIX
  INT02                 0000ffe4   00000002  00000002  00000000  RWIX
  INT03                 0000ffe6   00000002  00000002  00000000  RWIX
  INT04                 0000ffe8   00000002  00000002  00000000  RWIX
  INT05                 0000ffea   00000002  00000002  00000000  RWIX
  INT06                 0000ffec   00000002  00000002  00000000  RWIX
  INT07                 0000ffee   00000002  00000002  00000000  RWIX
  INT08                 0000fff0   00000002  00000002  00000000  RWIX
  INT09                 0000fff2   00000002  00000002  00000000  RWIX
  INT10                 0000fff4   00000002  00000002  00000000  RWIX
  INT11                 0000fff6   00000002  00000002  00000000  RWIX
  INT12                 0000fff8   00000002  00000002  00000000  RWIX
  INT13                 0000fffa   00000002  00000002  00000000  RWIX
  INT14                 0000fffc   00000002  00000002  00000000  RWIX
  RESET                 0000fffe   00000002  00000002  00000000  RWIX


SECTION ALLOCATION MAP

 output                                  attributes/
section   page    origin      length       input sections
--------  ----  ----------  ----------   ----------------
.bss       0    00000200    0000006c     UNINITIALIZED
                  00000200    00000022     (.common:shuju)
                  00000222    0000000c     (.common:Acc)
                  0000022e    0000000c     (.common:Angle)
                  0000023a    0000000c     (.common:Groy)
                  00000246    00000008     (.common:pausedNums)
                  0000024e    00000004     (.common:coordinate)
                  00000252    00000002     (.common:LCD_X)
                  00000254    00000002     (.common:LCD_Y)
                  00000256    00000002     (.common:ltx)
                  00000258    00000002     (.common:lty)
                  0000025a    00000002     (.common:temp)
                  0000025c    00000001     (.common:Button_11)
                  0000025d    00000001     (.common:Button_12)
                  0000025e    00000001     (.common:Button_13)
                  0000025f    00000001     (.common:Button_21)
                  00000260    00000001     (.common:Button_22)
                  00000261    00000001     (.common:Button_23)
                  00000262    00000001     (.common:Button_31)
                  00000263    00000001     (.common:Button_32)
                  00000264    00000001     (.common:Button_33)
                  00000265    00000001     (.common:Button_41)
                  00000266    00000001     (.common:Button_42)
                  00000267    00000001     (.common:Button_43)
                  00000268    00000001     (.common:flag)
                  00000269    00000001     (.common:gs)
                  0000026a    00000001     (.common:js)
                  0000026b    00000001     (.common:zs)

.data      0    0000026c    00000008     UNINITIALIZED
                  0000026c    00000006     main.obj (.data)
                  00000272    00000002     TFT.obj (.data)

.stack     0    000009b0    00000050     UNINITIALIZED
                  000009b0    00000002     rts430_eabi.lib : boot.c.obj (.stack)
                  000009b2    0000004e     --HOLE--

.text      0    00001100    000026d0     
                  00001100    000005dc     Touch.obj (.text:Detect_TP)
                  000016dc    00000478     rts430_eabi.lib : frcdivd.c.obj (.text:__TI_frcdivd)
                  00001b54    000002dc     TFT.obj (.text:TFT_Initial)
                  00001e30    00000286     rts430_eabi.lib : frcmpyd.c.obj (.text:__TI_frcmpyd)
                  000020b6    0000026e                     : mpyd.c.obj (.text:__mspabi_mpyd)
                  00002324    00000238                     : divd.c.obj (.text:__mspabi_divd)
                  0000255c    000001fc     Tuoluoyi.obj (.text:DecodeIMUData)
                  00002758    000001e8     main.obj (.text:main)
                  00002940    000001aa     main.obj (.text:findNum)
                  00002aea    000000f0     Touch.obj (.text:Getpix)
                  00002bda    000000ec     GUI.obj (.text:DisplayDesk)
                  00002cc6    000000c4     rts430_eabi.lib : fs_mpy.asm.obj (.text)
                  00002d8a    000000be     GUI.obj (.text:GUIline)
                  00002e48    0000008a     rts430_eabi.lib : fltuld.c.obj (.text:__mspabi_fltuld)
                  00002ed2    0000007c     GUI.obj (.text:GUIsquare2pix)
                  00002f4e    0000007c     rts430_eabi.lib : copy_decompress_lzss.c.obj (.text:decompress:lzss:__TI_decompress_lzss)
                  00002fca    00000074                     : fixdul.c.obj (.text:__mspabi_fixdul)
                  0000303e    00000068                     : fs_toi.asm.obj (.text)
                  000030a6    00000066     TFT.obj (.text:displayNums)
                  0000310c    0000005c     rts430_eabi.lib : lsr32.asm.obj (.text:l_lsr_const)
                  00003168    00000058     TFT.obj (.text:LCD_SetPos)
                  000031c0    00000058     Tuoluoyi.obj (.text:UART0_RX_ISR)
                  00003218    00000054     Touch.obj (.text:pix_filter)
                  0000326c    0000004e     Touch.obj (.text:AD7843)
                  000032ba    0000004e     Tuoluoyi.obj (.text:UART_Init)
                  00003308    0000004c     rts430_eabi.lib : lsr16.asm.obj (.text)
                  00003354    00000042     GUI.obj (.text:CLR_Screen)
                  00003396    00000042     rts430_eabi.lib : autoinit.c.obj (.text:__TI_auto_init_nobinit_nopinit:__TI_auto_init_nobinit_nopinit)
                  000033d8    0000003e                     : asr32.asm.obj (.text:l_asr_const)
                  00003416    0000003e                     : lsl32.asm.obj (.text:l_lsl_const)
                  00003454    00000036                     : fs_itof.asm.obj (.text)
                  0000348a    00000032     TFT.obj (.text:Write_Cmd)
                  000034bc    00000030     Touch.obj (.text:Write_7843)
                  000034ec    00000030     interrupt.obj (.text:interrupt_init)
                  0000351c    0000002e     timeConfig.obj (.text:Clock_Init)
                  0000354a    0000002e     rts430_eabi.lib : mult32_hw.asm.obj (.text)
                  00003578    0000002c     TFT.obj (.text:Write_Data)
                  000035a4    0000002c     rts430_eabi.lib : asr16.asm.obj (.text)
                  000035d0    0000002c                     : div16s.asm.obj (.text)
                  000035fc    0000002c                     : lsl16.asm.obj (.text)
                  00003628    0000002a     main.obj (.text:DistanceMatch)
                  00003652    0000002a     Touch.obj (.text:Read_7843)
                  0000367c    00000026     Touch.obj (.text:start_7843)
                  000036a2    0000001e     TFT.obj (.text:Write_Cmd_Data)
                  000036c0    0000001c     rts430_eabi.lib : boot.c.obj (.text:_c_int00_noargs)
                  000036dc    00000018     GUI.obj (.text:GUIpoint)
                  000036f4    00000016     rts430_eabi.lib : div16u.asm.obj (.text)
                  0000370a    00000014                     : copy_zero_init.c.obj (.text:decompress:ZI:__TI_zero_init_nomemset:__TI_zero_init_nomemset)
                  0000371e    00000014                     : mult16_hw.asm.obj (.text)
                  00003732    00000012     main.obj (.text:Port1_ISR)
                  00003744    00000012     rts430_eabi.lib : fixdu.c.obj (.text:__mspabi_fixdu)
                  00003756    00000012                     : copy_decompress_none.c.obj (.text:decompress:none:__TI_decompress_none)
                  00003768    00000012                     : lsr32.asm.obj (.text:l_lsr)
                  0000377a    00000012                     : memcpy.c.obj (.text:memcpy)
                  0000378c    00000010     TFT.obj (.text:Write_Data_U16)
                  0000379c    00000010     rts430_eabi.lib : epilog.asm.obj (.text)
                  000037ac    0000000a                     : abs.c.obj (.text:abs)
                  000037b6    00000008                     : isr_trap.asm.obj (.text:_isr:__TI_ISR_TRAP)
                  000037be    00000006                     : fltud.c.obj (.text:__mspabi_fltud)
                  000037c4    00000006                     : exit.c.obj (.text:abort)
                  000037ca    00000004                     : pre_init.c.obj (.text:_system_pre_init)
                  000037ce    00000002                     : startup.c.obj (.text:_system_post_cinit)

.const     0    000037d0    00000140     
                  000037d0    00000140     TFT.obj (.const:.string:nums)

.cinit     0    00003910    0000001e     
                  00003910    0000000c     (.cinit..data.load) [load image]
                  0000391c    00000006     (__TI_handler_table)
                  00003922    00000004     (.cinit..bss.load) [load image, compression = zero_init]
                  00003926    00000008     (__TI_cinit_table)

.binit     0    00001100    00000000     

.init_array 
*          0    00001100    00000000     UNINITIALIZED

DACDMA     0    0000ffe0    00000002     
                  0000ffe0    00000002     rts430_eabi.lib : int00.asm.obj (.int00)

PORT2      0    0000ffe2    00000002     
                  0000ffe2    00000002     rts430_eabi.lib : int01.asm.obj (.int01)

USART1TX   0    0000ffe4    00000002     
                  0000ffe4    00000002     rts430_eabi.lib : int02.asm.obj (.int02)

USART1RX   0    0000ffe6    00000002     
                  0000ffe6    00000002     rts430_eabi.lib : int03.asm.obj (.int03)

PORT1      0    0000ffe8    00000002     
                  0000ffe8    00000002     main.obj (.int04)

TIMERA1    0    0000ffea    00000002     
                  0000ffea    00000002     rts430_eabi.lib : int05.asm.obj (.int05)

TIMERA0    0    0000ffec    00000002     
                  0000ffec    00000002     rts430_eabi.lib : int06.asm.obj (.int06)

ADC12      0    0000ffee    00000002     
                  0000ffee    00000002     rts430_eabi.lib : int07.asm.obj (.int07)

USART0TX   0    0000fff0    00000002     
                  0000fff0    00000002     rts430_eabi.lib : int08.asm.obj (.int08)

USART0RX   0    0000fff2    00000002     
                  0000fff2    00000002     Tuoluoyi.obj (.int09)

WDT        0    0000fff4    00000002     
                  0000fff4    00000002     rts430_eabi.lib : int10.asm.obj (.int10)

COMPARATORA 
*          0    0000fff6    00000002     
                  0000fff6    00000002     rts430_eabi.lib : int11.asm.obj (.int11)

TIMERB1    0    0000fff8    00000002     
                  0000fff8    00000002     rts430_eabi.lib : int12.asm.obj (.int12)

TIMERB0    0    0000fffa    00000002     
                  0000fffa    00000002     rts430_eabi.lib : int13.asm.obj (.int13)

NMI        0    0000fffc    00000002     
                  0000fffc    00000002     rts430_eabi.lib : int14.asm.obj (.int14)

.reset     0    0000fffe    00000002     
                  0000fffe    00000002     rts430_eabi.lib : boot.c.obj (.reset)

MODULE SUMMARY

       Module                       code   ro data   rw data
       ------                       ----   -------   -------
    .\
       Touch.obj                    2030   0         24     
       TFT.obj                      1062   320       2      
       main.obj                     974    2         14     
       Tuoluoyi.obj                 674    2         76     
       GUI.obj                      640    0         0      
       interrupt.obj                48     0         0      
       timeConfig.obj               46     0         0      
    +--+----------------------------+------+---------+---------+
       Total:                       5474   324       116    
                                                            
    C:\ti\ccsv8\tools\compiler\ti-cgt-msp430_18.1.2.LTS\lib\rts430_eabi.lib
       frcdivd.c.obj                1144   0         0      
       frcmpyd.c.obj                646    0         0      
       mpyd.c.obj                   622    0         0      
       divd.c.obj                   568    0         0      
       fs_mpy.asm.obj               196    0         0      
       fltuld.c.obj                 138    0         0      
       copy_decompress_lzss.c.obj   124    0         0      
       fixdul.c.obj                 116    0         0      
       lsr32.asm.obj                110    0         0      
       fs_toi.asm.obj               104    0         0      
       lsr16.asm.obj                76     0         0      
       autoinit.c.obj               66     0         0      
       asr32.asm.obj                62     0         0      
       lsl32.asm.obj                62     0         0      
       fs_itof.asm.obj              54     0         0      
       mult32_hw.asm.obj            46     0         0      
       asr16.asm.obj                44     0         0      
       div16s.asm.obj               44     0         0      
       lsl16.asm.obj                44     0         0      
       boot.c.obj                   28     2         0      
       div16u.asm.obj               22     0         0      
       copy_zero_init.c.obj         20     0         0      
       mult16_hw.asm.obj            20     0         0      
       copy_decompress_none.c.obj   18     0         0      
       fixdu.c.obj                  18     0         0      
       memcpy.c.obj                 18     0         0      
       epilog.asm.obj               16     0         0      
       abs.c.obj                    10     0         0      
       isr_trap.asm.obj             8      0         0      
       exit.c.obj                   6      0         0      
       fltud.c.obj                  6      0         0      
       pre_init.c.obj               4      0         0      
       int00.asm.obj                0      2         0      
       int01.asm.obj                0      2         0      
       int02.asm.obj                0      2         0      
       int03.asm.obj                0      2         0      
       int05.asm.obj                0      2         0      
       int06.asm.obj                0      2         0      
       int07.asm.obj                0      2         0      
       int08.asm.obj                0      2         0      
       int10.asm.obj                0      2         0      
       int11.asm.obj                0      2         0      
       int12.asm.obj                0      2         0      
       int13.asm.obj                0      2         0      
       int14.asm.obj                0      2         0      
       startup.c.obj                2      0         0      
    +--+----------------------------+------+---------+---------+
       Total:                       4462   28        0      
                                                            
       Stack:                       0      0         80     
       Linker Generated:            0      30        0      
    +--+----------------------------+------+---------+---------+
       Grand Total:                 9936   382       196    


LINKER GENERATED COPY TABLES

__TI_cinit_table @ 00003926 records: 2, size/record: 4, table size: 8
	.data: load addr=00003910, load size=0000000c bytes, run addr=0000026c, run size=00000008 bytes, compression=copy
	.bss: load addr=00003922, load size=00000004 bytes, run addr=00000200, run size=0000006c bytes, compression=zero_init


LINKER GENERATED HANDLER TABLE

__TI_handler_table @ 0000391c records: 3, size/record: 2, table size: 6
	index: 0, handler: __TI_zero_init
	index: 1, handler: __TI_decompress_lzss
	index: 2, handler: __TI_decompress_none


GLOBAL SYMBOLS: SORTED ALPHABETICALLY BY Name 

address   name                          
-------   ----                          
0000326c  AD7843                        
000001a0  ADC12CTL0                     
000001a2  ADC12CTL1                     
000001a6  ADC12IE                       
000001a4  ADC12IFG                      
000001a8  ADC12IV                       
00000080  ADC12MCTL0                    
00000081  ADC12MCTL1                    
0000008a  ADC12MCTL10                   
0000008b  ADC12MCTL11                   
0000008c  ADC12MCTL12                   
0000008d  ADC12MCTL13                   
0000008e  ADC12MCTL14                   
0000008f  ADC12MCTL15                   
00000082  ADC12MCTL2                    
00000083  ADC12MCTL3                    
00000084  ADC12MCTL4                    
00000085  ADC12MCTL5                    
00000086  ADC12MCTL6                    
00000087  ADC12MCTL7                    
00000088  ADC12MCTL8                    
00000089  ADC12MCTL9                    
00000140  ADC12MEM0                     
00000142  ADC12MEM1                     
00000154  ADC12MEM10                    
00000156  ADC12MEM11                    
00000158  ADC12MEM12                    
0000015a  ADC12MEM13                    
0000015c  ADC12MEM14                    
0000015e  ADC12MEM15                    
00000144  ADC12MEM2                     
00000146  ADC12MEM3                     
00000148  ADC12MEM4                     
0000014a  ADC12MEM5                     
0000014c  ADC12MEM6                     
0000014e  ADC12MEM7                     
00000150  ADC12MEM8                     
00000152  ADC12MEM9                     
00000222  Acc                           
0000022e  Angle                         
00000057  BCSCTL1                       
00000058  BCSCTL2                       
0000025c  Button_11                     
0000025d  Button_12                     
0000025e  Button_13                     
0000025f  Button_21                     
00000260  Button_22                     
00000261  Button_23                     
00000262  Button_31                     
00000263  Button_32                     
00000264  Button_33                     
00000265  Button_41                     
00000266  Button_42                     
00000267  Button_43                     
000037c4  C$$EXIT                       
00000059  CACTL1                        
0000005a  CACTL2                        
0000005b  CAPD                          
00003354  CLR_Screen                    
0000351c  Clock_Init                    
000001c0  DAC12_0CTL                    
000001c8  DAC12_0DAT                    
000001c2  DAC12_1CTL                    
000001ca  DAC12_1DAT                    
00000056  DCOCTL                        
000001e0  DMA0CTL                       
000001e4  DMA0DA                        
000001e2  DMA0SA                        
000001e6  DMA0SZ                        
000001e8  DMA1CTL                       
000001ec  DMA1DA                        
000001ea  DMA1SA                        
000001ee  DMA1SZ                        
000001f0  DMA2CTL                       
000001f4  DMA2DA                        
000001f2  DMA2SA                        
000001f6  DMA2SZ                        
00000122  DMACTL0                       
00000124  DMACTL1                       
0000255c  DecodeIMUData                 
00001100  Detect_TP                     
00000272  Device_code                   
00002bda  DisplayDesk                   
0000026c  Distance                      
00003628  DistanceMatch                 
00000128  FCTL1                         
0000012a  FCTL2                         
0000012c  FCTL3                         
00002d8a  GUIline                       
000036dc  GUIpoint                      
00002ed2  GUIsquare2pix                 
00002aea  Getpix                        
0000023a  Groy                          
00000072  I2CDCTL                       
00000076  I2CDRB                        
00000076  I2CDRW                        
00000050  I2CIE                         
00000051  I2CIFG                        
0000011c  I2CIV                         
00000052  I2CNDAT                       
00000118  I2COA                         
00000073  I2CPSC                        
0000011a  I2CSA                         
00000074  I2CSCLH                       
00000075  I2CSCLL                       
00000071  I2CTCTL                       
00000000  IE1                           
00000001  IE2                           
00000002  IFG1                          
00000003  IFG2                          
00003168  LCD_SetPos                    
00000252  LCD_X                         
00000254  LCD_Y                         
00000134  MAC                           
00000136  MACS                          
00000004  ME1                           
00000005  ME2                           
00000130  MPY                           
00000132  MPYS                          
00000138  OP2                           
00000022  P1DIR                         
00000025  P1IE                          
00000024  P1IES                         
00000023  P1IFG                         
00000020  P1IN                          
00000021  P1OUT                         
00000026  P1SEL                         
0000002a  P2DIR                         
0000002d  P2IE                          
0000002c  P2IES                         
0000002b  P2IFG                         
00000028  P2IN                          
00000029  P2OUT                         
0000002e  P2SEL                         
0000001a  P3DIR                         
00000018  P3IN                          
00000019  P3OUT                         
0000001b  P3SEL                         
0000001e  P4DIR                         
0000001c  P4IN                          
0000001d  P4OUT                         
0000001f  P4SEL                         
00000032  P5DIR                         
00000030  P5IN                          
00000031  P5OUT                         
00000033  P5SEL                         
00000036  P6DIR                         
00000034  P6IN                          
00000035  P6OUT                         
00000037  P6SEL                         
00003732  Port1_ISR                     
0000013c  RESHI                         
0000013a  RESLO                         
00003652  Read_7843                     
0000013e  SUMEXT                        
00000055  SVSCTL                        
00000172  TACCR0                        
00000174  TACCR1                        
00000176  TACCR2                        
00000162  TACCTL0                       
00000164  TACCTL1                       
00000166  TACCTL2                       
00000160  TACTL                         
0000012e  TAIV                          
00000170  TAR                           
00000192  TBCCR0                        
00000194  TBCCR1                        
00000196  TBCCR2                        
00000198  TBCCR3                        
0000019a  TBCCR4                        
0000019c  TBCCR5                        
0000019e  TBCCR6                        
00000182  TBCCTL0                       
00000184  TBCCTL1                       
00000186  TBCCTL2                       
00000188  TBCCTL3                       
0000018a  TBCCTL4                       
0000018c  TBCCTL5                       
0000018e  TBCCTL6                       
00000180  TBCTL                         
0000011e  TBIV                          
00000190  TBR                           
00001b54  TFT_Initial                   
00000074  U0BR0                         
00000075  U0BR1                         
00000070  U0CTL                         
00000073  U0MCTL                        
00000072  U0RCTL                        
00000076  U0RXBUF                       
00000071  U0TCTL                        
00000077  U0TXBUF                       
0000007c  U1BR0                         
0000007d  U1BR1                         
00000078  U1CTL                         
0000007b  U1MCTL                        
0000007a  U1RCTL                        
0000007e  U1RXBUF                       
00000079  U1TCTL                        
0000007f  U1TXBUF                       
000031c0  UART0_RX_ISR                  
000032ba  UART_Init                     
00000120  WDTCTL                        
000034bc  Write_7843                    
0000348a  Write_Cmd                     
000036a2  Write_Cmd_Data                
00003578  Write_Data                    
0000378c  Write_Data_U16                
00000a00  __STACK_END                   
00000050  __STACK_SIZE                  
00003926  __TI_CINIT_Base               
0000392e  __TI_CINIT_Limit              
0000391c  __TI_Handler_Table_Base       
00003922  __TI_Handler_Table_Limit      
000037b6  __TI_ISR_TRAP                 
00003396  __TI_auto_init_nobinit_nopinit
00002f4e  __TI_decompress_lzss          
00003756  __TI_decompress_none          
000016dc  __TI_frcdivd                  
00001e30  __TI_frcmpyd                  
0000ffe0  __TI_int00                    
0000ffe2  __TI_int01                    
0000ffe4  __TI_int02                    
0000ffe6  __TI_int03                    
0000ffe8  __TI_int04                    
0000ffea  __TI_int05                    
0000ffec  __TI_int06                    
0000ffee  __TI_int07                    
0000fff0  __TI_int08                    
0000fff2  __TI_int09                    
0000fff4  __TI_int10                    
0000fff6  __TI_int11                    
0000fff8  __TI_int12                    
0000fffa  __TI_int13                    
0000fffc  __TI_int14                    
ffffffff  __TI_pprof_out_hndl           
ffffffff  __TI_prof_data_size           
ffffffff  __TI_prof_data_start          
0000370a  __TI_zero_init_nomemset       
ffffffff  __c_args__                    
00002324  __mspabi_divd                 
000035d0  __mspabi_divi                 
000036f4  __mspabi_divu                 
00003744  __mspabi_fixdu                
00002fca  __mspabi_fixdul               
0000303e  __mspabi_fixfi                
00003454  __mspabi_fltif                
000037be  __mspabi_fltud                
00002e48  __mspabi_fltuld               
000037a8  __mspabi_func_epilog_1        
000037a6  __mspabi_func_epilog_2        
000037a4  __mspabi_func_epilog_3        
000037a2  __mspabi_func_epilog_4        
000037a0  __mspabi_func_epilog_5        
0000379e  __mspabi_func_epilog_6        
0000379c  __mspabi_func_epilog_7        
000020b6  __mspabi_mpyd                 
00002cc6  __mspabi_mpyf                 
0000371e  __mspabi_mpyi_hw              
0000354a  __mspabi_mpyl_hw              
000035d0  __mspabi_remi                 
000036f4  __mspabi_remu                 
000035fc  __mspabi_slli                 
00003624  __mspabi_slli_1               
00003612  __mspabi_slli_10              
00003610  __mspabi_slli_11              
0000360e  __mspabi_slli_12              
0000360c  __mspabi_slli_13              
0000360a  __mspabi_slli_14              
00003608  __mspabi_slli_15              
00003622  __mspabi_slli_2               
00003620  __mspabi_slli_3               
0000361e  __mspabi_slli_4               
0000361c  __mspabi_slli_5               
0000361a  __mspabi_slli_6               
00003618  __mspabi_slli_7               
00003616  __mspabi_slli_8               
00003614  __mspabi_slli_9               
0000344e  __mspabi_slll_1               
0000342a  __mspabi_slll_10              
00003426  __mspabi_slll_11              
00003422  __mspabi_slll_12              
0000341e  __mspabi_slll_13              
0000341a  __mspabi_slll_14              
00003416  __mspabi_slll_15              
0000344a  __mspabi_slll_2               
00003446  __mspabi_slll_3               
00003442  __mspabi_slll_4               
0000343e  __mspabi_slll_5               
0000343a  __mspabi_slll_6               
00003436  __mspabi_slll_7               
00003432  __mspabi_slll_8               
0000342e  __mspabi_slll_9               
000035a4  __mspabi_srai                 
000035cc  __mspabi_srai_1               
000035ba  __mspabi_srai_10              
000035b8  __mspabi_srai_11              
000035b6  __mspabi_srai_12              
000035b4  __mspabi_srai_13              
000035b2  __mspabi_srai_14              
000035b0  __mspabi_srai_15              
000035ca  __mspabi_srai_2               
000035c8  __mspabi_srai_3               
000035c6  __mspabi_srai_4               
000035c4  __mspabi_srai_5               
000035c2  __mspabi_srai_6               
000035c0  __mspabi_srai_7               
000035be  __mspabi_srai_8               
000035bc  __mspabi_srai_9               
00003410  __mspabi_sral_1               
000033ec  __mspabi_sral_10              
000033e8  __mspabi_sral_11              
000033e4  __mspabi_sral_12              
000033e0  __mspabi_sral_13              
000033dc  __mspabi_sral_14              
000033d8  __mspabi_sral_15              
0000340c  __mspabi_sral_2               
00003408  __mspabi_sral_3               
00003404  __mspabi_sral_4               
00003400  __mspabi_sral_5               
000033fc  __mspabi_sral_6               
000033f8  __mspabi_sral_7               
000033f4  __mspabi_sral_8               
000033f0  __mspabi_sral_9               
00003308  __mspabi_srli                 
0000334e  __mspabi_srli_1               
0000332a  __mspabi_srli_10              
00003326  __mspabi_srli_11              
00003322  __mspabi_srli_12              
0000331e  __mspabi_srli_13              
0000331a  __mspabi_srli_14              
00003316  __mspabi_srli_15              
0000334a  __mspabi_srli_2               
00003346  __mspabi_srli_3               
00003342  __mspabi_srli_4               
0000333e  __mspabi_srli_5               
0000333a  __mspabi_srli_6               
00003336  __mspabi_srli_7               
00003332  __mspabi_srli_8               
0000332e  __mspabi_srli_9               
00003768  __mspabi_srll                 
00003160  __mspabi_srll_1               
0000312a  __mspabi_srll_10              
00003124  __mspabi_srll_11              
0000311e  __mspabi_srll_12              
00003118  __mspabi_srll_13              
00003112  __mspabi_srll_14              
0000310c  __mspabi_srll_15              
0000315a  __mspabi_srll_2               
00003154  __mspabi_srll_3               
0000314e  __mspabi_srll_4               
00003148  __mspabi_srll_5               
00003142  __mspabi_srll_6               
0000313c  __mspabi_srll_7               
00003136  __mspabi_srll_8               
00003130  __mspabi_srll_9               
000036c0  _c_int00_noargs               
0000fffe  _reset_vector                 
000009b0  _stack                        
000037ce  _system_post_cinit            
000037ca  _system_pre_init              
000037c4  abort                         
000037ac  abs                           
0000024e  coordinate                    
0000026d  curX                          
000030a6  displayNums                   
00002940  findNum                       
00000268  flag                          
00000269  gs                            
0000026e  ifPaused                      
000034ec  interrupt_init                
0000026a  js                            
00000256  ltx                           
00000258  lty                           
00002758  main                          
0000377a  memcpy                        
000037d0  nums                          
00000246  pausedNums                    
00003218  pix_filter                    
00000270  ready                         
00000200  shuju                         
0000367c  start_7843                    
00000271  suitAngle                     
0000025a  temp                          
0000026f  tmpNum                        
0000026b  zs                            


GLOBAL SYMBOLS: SORTED BY Symbol Address 

address   name                          
-------   ----                          
00000000  IE1                           
00000001  IE2                           
00000002  IFG1                          
00000003  IFG2                          
00000004  ME1                           
00000005  ME2                           
00000018  P3IN                          
00000019  P3OUT                         
0000001a  P3DIR                         
0000001b  P3SEL                         
0000001c  P4IN                          
0000001d  P4OUT                         
0000001e  P4DIR                         
0000001f  P4SEL                         
00000020  P1IN                          
00000021  P1OUT                         
00000022  P1DIR                         
00000023  P1IFG                         
00000024  P1IES                         
00000025  P1IE                          
00000026  P1SEL                         
00000028  P2IN                          
00000029  P2OUT                         
0000002a  P2DIR                         
0000002b  P2IFG                         
0000002c  P2IES                         
0000002d  P2IE                          
0000002e  P2SEL                         
00000030  P5IN                          
00000031  P5OUT                         
00000032  P5DIR                         
00000033  P5SEL                         
00000034  P6IN                          
00000035  P6OUT                         
00000036  P6DIR                         
00000037  P6SEL                         
00000050  I2CIE                         
00000050  __STACK_SIZE                  
00000051  I2CIFG                        
00000052  I2CNDAT                       
00000055  SVSCTL                        
00000056  DCOCTL                        
00000057  BCSCTL1                       
00000058  BCSCTL2                       
00000059  CACTL1                        
0000005a  CACTL2                        
0000005b  CAPD                          
00000070  U0CTL                         
00000071  I2CTCTL                       
00000071  U0TCTL                        
00000072  I2CDCTL                       
00000072  U0RCTL                        
00000073  I2CPSC                        
00000073  U0MCTL                        
00000074  I2CSCLH                       
00000074  U0BR0                         
00000075  I2CSCLL                       
00000075  U0BR1                         
00000076  I2CDRB                        
00000076  I2CDRW                        
00000076  U0RXBUF                       
00000077  U0TXBUF                       
00000078  U1CTL                         
00000079  U1TCTL                        
0000007a  U1RCTL                        
0000007b  U1MCTL                        
0000007c  U1BR0                         
0000007d  U1BR1                         
0000007e  U1RXBUF                       
0000007f  U1TXBUF                       
00000080  ADC12MCTL0                    
00000081  ADC12MCTL1                    
00000082  ADC12MCTL2                    
00000083  ADC12MCTL3                    
00000084  ADC12MCTL4                    
00000085  ADC12MCTL5                    
00000086  ADC12MCTL6                    
00000087  ADC12MCTL7                    
00000088  ADC12MCTL8                    
00000089  ADC12MCTL9                    
0000008a  ADC12MCTL10                   
0000008b  ADC12MCTL11                   
0000008c  ADC12MCTL12                   
0000008d  ADC12MCTL13                   
0000008e  ADC12MCTL14                   
0000008f  ADC12MCTL15                   
00000118  I2COA                         
0000011a  I2CSA                         
0000011c  I2CIV                         
0000011e  TBIV                          
00000120  WDTCTL                        
00000122  DMACTL0                       
00000124  DMACTL1                       
00000128  FCTL1                         
0000012a  FCTL2                         
0000012c  FCTL3                         
0000012e  TAIV                          
00000130  MPY                           
00000132  MPYS                          
00000134  MAC                           
00000136  MACS                          
00000138  OP2                           
0000013a  RESLO                         
0000013c  RESHI                         
0000013e  SUMEXT                        
00000140  ADC12MEM0                     
00000142  ADC12MEM1                     
00000144  ADC12MEM2                     
00000146  ADC12MEM3                     
00000148  ADC12MEM4                     
0000014a  ADC12MEM5                     
0000014c  ADC12MEM6                     
0000014e  ADC12MEM7                     
00000150  ADC12MEM8                     
00000152  ADC12MEM9                     
00000154  ADC12MEM10                    
00000156  ADC12MEM11                    
00000158  ADC12MEM12                    
0000015a  ADC12MEM13                    
0000015c  ADC12MEM14                    
0000015e  ADC12MEM15                    
00000160  TACTL                         
00000162  TACCTL0                       
00000164  TACCTL1                       
00000166  TACCTL2                       
00000170  TAR                           
00000172  TACCR0                        
00000174  TACCR1                        
00000176  TACCR2                        
00000180  TBCTL                         
00000182  TBCCTL0                       
00000184  TBCCTL1                       
00000186  TBCCTL2                       
00000188  TBCCTL3                       
0000018a  TBCCTL4                       
0000018c  TBCCTL5                       
0000018e  TBCCTL6                       
00000190  TBR                           
00000192  TBCCR0                        
00000194  TBCCR1                        
00000196  TBCCR2                        
00000198  TBCCR3                        
0000019a  TBCCR4                        
0000019c  TBCCR5                        
0000019e  TBCCR6                        
000001a0  ADC12CTL0                     
000001a2  ADC12CTL1                     
000001a4  ADC12IFG                      
000001a6  ADC12IE                       
000001a8  ADC12IV                       
000001c0  DAC12_0CTL                    
000001c2  DAC12_1CTL                    
000001c8  DAC12_0DAT                    
000001ca  DAC12_1DAT                    
000001e0  DMA0CTL                       
000001e2  DMA0SA                        
000001e4  DMA0DA                        
000001e6  DMA0SZ                        
000001e8  DMA1CTL                       
000001ea  DMA1SA                        
000001ec  DMA1DA                        
000001ee  DMA1SZ                        
000001f0  DMA2CTL                       
000001f2  DMA2SA                        
000001f4  DMA2DA                        
000001f6  DMA2SZ                        
00000200  shuju                         
00000222  Acc                           
0000022e  Angle                         
0000023a  Groy                          
00000246  pausedNums                    
0000024e  coordinate                    
00000252  LCD_X                         
00000254  LCD_Y                         
00000256  ltx                           
00000258  lty                           
0000025a  temp                          
0000025c  Button_11                     
0000025d  Button_12                     
0000025e  Button_13                     
0000025f  Button_21                     
00000260  Button_22                     
00000261  Button_23                     
00000262  Button_31                     
00000263  Button_32                     
00000264  Button_33                     
00000265  Button_41                     
00000266  Button_42                     
00000267  Button_43                     
00000268  flag                          
00000269  gs                            
0000026a  js                            
0000026b  zs                            
0000026c  Distance                      
0000026d  curX                          
0000026e  ifPaused                      
0000026f  tmpNum                        
00000270  ready                         
00000271  suitAngle                     
00000272  Device_code                   
000009b0  _stack                        
00000a00  __STACK_END                   
00001100  Detect_TP                     
000016dc  __TI_frcdivd                  
00001b54  TFT_Initial                   
00001e30  __TI_frcmpyd                  
000020b6  __mspabi_mpyd                 
00002324  __mspabi_divd                 
0000255c  DecodeIMUData                 
00002758  main                          
00002940  findNum                       
00002aea  Getpix                        
00002bda  DisplayDesk                   
00002cc6  __mspabi_mpyf                 
00002d8a  GUIline                       
00002e48  __mspabi_fltuld               
00002ed2  GUIsquare2pix                 
00002f4e  __TI_decompress_lzss          
00002fca  __mspabi_fixdul               
0000303e  __mspabi_fixfi                
000030a6  displayNums                   
0000310c  __mspabi_srll_15              
00003112  __mspabi_srll_14              
00003118  __mspabi_srll_13              
0000311e  __mspabi_srll_12              
00003124  __mspabi_srll_11              
0000312a  __mspabi_srll_10              
00003130  __mspabi_srll_9               
00003136  __mspabi_srll_8               
0000313c  __mspabi_srll_7               
00003142  __mspabi_srll_6               
00003148  __mspabi_srll_5               
0000314e  __mspabi_srll_4               
00003154  __mspabi_srll_3               
0000315a  __mspabi_srll_2               
00003160  __mspabi_srll_1               
00003168  LCD_SetPos                    
000031c0  UART0_RX_ISR                  
00003218  pix_filter                    
0000326c  AD7843                        
000032ba  UART_Init                     
00003308  __mspabi_srli                 
00003316  __mspabi_srli_15              
0000331a  __mspabi_srli_14              
0000331e  __mspabi_srli_13              
00003322  __mspabi_srli_12              
00003326  __mspabi_srli_11              
0000332a  __mspabi_srli_10              
0000332e  __mspabi_srli_9               
00003332  __mspabi_srli_8               
00003336  __mspabi_srli_7               
0000333a  __mspabi_srli_6               
0000333e  __mspabi_srli_5               
00003342  __mspabi_srli_4               
00003346  __mspabi_srli_3               
0000334a  __mspabi_srli_2               
0000334e  __mspabi_srli_1               
00003354  CLR_Screen                    
00003396  __TI_auto_init_nobinit_nopinit
000033d8  __mspabi_sral_15              
000033dc  __mspabi_sral_14              
000033e0  __mspabi_sral_13              
000033e4  __mspabi_sral_12              
000033e8  __mspabi_sral_11              
000033ec  __mspabi_sral_10              
000033f0  __mspabi_sral_9               
000033f4  __mspabi_sral_8               
000033f8  __mspabi_sral_7               
000033fc  __mspabi_sral_6               
00003400  __mspabi_sral_5               
00003404  __mspabi_sral_4               
00003408  __mspabi_sral_3               
0000340c  __mspabi_sral_2               
00003410  __mspabi_sral_1               
00003416  __mspabi_slll_15              
0000341a  __mspabi_slll_14              
0000341e  __mspabi_slll_13              
00003422  __mspabi_slll_12              
00003426  __mspabi_slll_11              
0000342a  __mspabi_slll_10              
0000342e  __mspabi_slll_9               
00003432  __mspabi_slll_8               
00003436  __mspabi_slll_7               
0000343a  __mspabi_slll_6               
0000343e  __mspabi_slll_5               
00003442  __mspabi_slll_4               
00003446  __mspabi_slll_3               
0000344a  __mspabi_slll_2               
0000344e  __mspabi_slll_1               
00003454  __mspabi_fltif                
0000348a  Write_Cmd                     
000034bc  Write_7843                    
000034ec  interrupt_init                
0000351c  Clock_Init                    
0000354a  __mspabi_mpyl_hw              
00003578  Write_Data                    
000035a4  __mspabi_srai                 
000035b0  __mspabi_srai_15              
000035b2  __mspabi_srai_14              
000035b4  __mspabi_srai_13              
000035b6  __mspabi_srai_12              
000035b8  __mspabi_srai_11              
000035ba  __mspabi_srai_10              
000035bc  __mspabi_srai_9               
000035be  __mspabi_srai_8               
000035c0  __mspabi_srai_7               
000035c2  __mspabi_srai_6               
000035c4  __mspabi_srai_5               
000035c6  __mspabi_srai_4               
000035c8  __mspabi_srai_3               
000035ca  __mspabi_srai_2               
000035cc  __mspabi_srai_1               
000035d0  __mspabi_divi                 
000035d0  __mspabi_remi                 
000035fc  __mspabi_slli                 
00003608  __mspabi_slli_15              
0000360a  __mspabi_slli_14              
0000360c  __mspabi_slli_13              
0000360e  __mspabi_slli_12              
00003610  __mspabi_slli_11              
00003612  __mspabi_slli_10              
00003614  __mspabi_slli_9               
00003616  __mspabi_slli_8               
00003618  __mspabi_slli_7               
0000361a  __mspabi_slli_6               
0000361c  __mspabi_slli_5               
0000361e  __mspabi_slli_4               
00003620  __mspabi_slli_3               
00003622  __mspabi_slli_2               
00003624  __mspabi_slli_1               
00003628  DistanceMatch                 
00003652  Read_7843                     
0000367c  start_7843                    
000036a2  Write_Cmd_Data                
000036c0  _c_int00_noargs               
000036dc  GUIpoint                      
000036f4  __mspabi_divu                 
000036f4  __mspabi_remu                 
0000370a  __TI_zero_init_nomemset       
0000371e  __mspabi_mpyi_hw              
00003732  Port1_ISR                     
00003744  __mspabi_fixdu                
00003756  __TI_decompress_none          
00003768  __mspabi_srll                 
0000377a  memcpy                        
0000378c  Write_Data_U16                
0000379c  __mspabi_func_epilog_7        
0000379e  __mspabi_func_epilog_6        
000037a0  __mspabi_func_epilog_5        
000037a2  __mspabi_func_epilog_4        
000037a4  __mspabi_func_epilog_3        
000037a6  __mspabi_func_epilog_2        
000037a8  __mspabi_func_epilog_1        
000037ac  abs                           
000037b6  __TI_ISR_TRAP                 
000037be  __mspabi_fltud                
000037c4  C$$EXIT                       
000037c4  abort                         
000037ca  _system_pre_init              
000037ce  _system_post_cinit            
000037d0  nums                          
0000391c  __TI_Handler_Table_Base       
00003922  __TI_Handler_Table_Limit      
00003926  __TI_CINIT_Base               
0000392e  __TI_CINIT_Limit              
0000ffe0  __TI_int00                    
0000ffe2  __TI_int01                    
0000ffe4  __TI_int02                    
0000ffe6  __TI_int03                    
0000ffe8  __TI_int04                    
0000ffea  __TI_int05                    
0000ffec  __TI_int06                    
0000ffee  __TI_int07                    
0000fff0  __TI_int08                    
0000fff2  __TI_int09                    
0000fff4  __TI_int10                    
0000fff6  __TI_int11                    
0000fff8  __TI_int12                    
0000fffa  __TI_int13                    
0000fffc  __TI_int14                    
0000fffe  _reset_vector                 
ffffffff  __TI_pprof_out_hndl           
ffffffff  __TI_prof_data_size           
ffffffff  __TI_prof_data_start          
ffffffff  __c_args__                    

[385 symbols]
