******************************************************************************
                  MSP430 Linker PC v18.1.2                     
******************************************************************************
>> Linked Fri Nov 16 21:33:44 2018

OUTPUT FILE NAME:   <work_01.out>
ENTRY POINT SYMBOL: "_c_int00_noargs"  address: 000015e2


MEMORY CONFIGURATION

         name            origin    length      used     unused   attr    fill
----------------------  --------  ---------  --------  --------  ----  --------
  SFR                   00000000   00000010  00000000  00000010  RWIX
  PERIPHERALS_8BIT      00000010   000000f0  00000000  000000f0  RWIX
  PERIPHERALS_16BIT     00000100   00000100  00000000  00000100  RWIX
  RAM                   00000200   00000800  00000090  00000770  RWIX
  INFOB                 00001000   00000080  00000000  00000080  RWIX
  INFOA                 00001080   00000080  00000000  00000080  RWIX
  FLASH                 00001100   0000eee0  000005b8  0000e928  RWIX
  INT00                 0000ffe0   00000002  00000002  00000000  RWIX
  INT01                 0000ffe2   00000002  00000002  00000000  RWIX
  INT02                 0000ffe4   00000002  00000002  00000000  RWIX
  INT03                 0000ffe6   00000002  00000002  00000000  RWIX
  INT04                 0000ffe8   00000002  00000002  00000000  RWIX
  INT05                 0000ffea   00000002  00000002  00000000  RWIX
  INT06                 0000ffec   00000002  00000002  00000000  RWIX
  INT07                 0000ffee   00000002  00000002  00000000  RWIX
  INT08                 0000fff0   00000002  00000002  00000000  RWIX
  INT09                 0000fff2   00000002  00000002  00000000  RWIX
  INT10                 0000fff4   00000002  00000002  00000000  RWIX
  INT11                 0000fff6   00000002  00000002  00000000  RWIX
  INT12                 0000fff8   00000002  00000002  00000000  RWIX
  INT13                 0000fffa   00000002  00000002  00000000  RWIX
  INT14                 0000fffc   00000002  00000002  00000000  RWIX
  RESET                 0000fffe   00000002  00000002  00000000  RWIX


SECTION ALLOCATION MAP

 output                                  attributes/
section   page    origin      length       input sections
--------  ----  ----------  ----------   ----------------
.bss       0    00000200    00000036     UNINITIALIZED
                  00000200    00000022     (.common:data)
                  00000222    0000000a     (.common:nums)
                  0000022c    00000004     (.common:ircode)
                  00000230    00000002     (.common:count)
                  00000232    00000001     (.common:BIT)
                  00000233    00000001     (.common:RECV_FLAG)
                  00000234    00000001     (.common:VALUE)
                  00000235    00000001     (.common:a)

.data      0    00000236    0000000a     UNINITIALIZED
                  00000236    00000008     main.obj (.data)
                  0000023e    00000002     inf.obj (.data)

.stack     0    000009b0    00000050     UNINITIALIZED
                  000009b0    00000002     rts430_eabi.lib : boot.c.obj (.stack)
                  000009b2    0000004e     --HOLE--

.text      0    00001100    0000059e     
                  00001100    000001be     inf.obj (.text:infrared_decode)
                  000012be    00000098     main.obj (.text:main)
                  00001356    0000007c     rts430_eabi.lib : copy_decompress_lzss.c.obj (.text:decompress:lzss:__TI_decompress_lzss)
                  000013d2    0000006c     lcd1602.obj (.text:init_1602)
                  0000143e    0000004c     rts430_eabi.lib : lsr16.asm.obj (.text)
                  0000148a    00000042                     : autoinit.c.obj (.text:__TI_auto_init_nobinit_nopinit:__TI_auto_init_nobinit_nopinit)
                  000014cc    00000038     main.obj (.text:Port1_ISR)
                  00001504    00000030     interrupt.obj (.text:interrupt_init)
                  00001534    0000002e     Config.obj (.text:Clock_Init)
                  00001562    0000002c     rts430_eabi.lib : lsl16.asm.obj (.text)
                  0000158e    0000002a     lcd1602.obj (.text:wc_1602)
                  000015b8    0000002a     lcd1602.obj (.text:wd_1602)
                  000015e2    0000001c     rts430_eabi.lib : boot.c.obj (.text:_c_int00_noargs)
                  000015fe    00000018     main.obj (.text:Timer_A)
                  00001616    00000016     inf.obj (.text:init_device)
                  0000162c    00000016     rts430_eabi.lib : div16u.asm.obj (.text)
                  00001642    00000014                     : copy_zero_init.c.obj (.text:decompress:ZI:__TI_zero_init_nomemset:__TI_zero_init_nomemset)
                  00001656    00000012                     : copy_decompress_none.c.obj (.text:decompress:none:__TI_decompress_none)
                  00001668    00000012                     : memcpy.c.obj (.text:memcpy)
                  0000167a    00000010                     : epilog.asm.obj (.text)
                  0000168a    00000008                     : isr_trap.asm.obj (.text:_isr:__TI_ISR_TRAP)
                  00001692    00000006                     : exit.c.obj (.text:abort)
                  00001698    00000004                     : pre_init.c.obj (.text:_system_pre_init)
                  0000169c    00000002                     : startup.c.obj (.text:_system_post_cinit)

.cinit     0    0000169e    0000001a     
                  0000169e    00000008     (.cinit..data.load) [load image, compression = lzss]
                  000016a6    00000006     (__TI_handler_table)
                  000016ac    00000004     (.cinit..bss.load) [load image, compression = zero_init]
                  000016b0    00000008     (__TI_cinit_table)

.binit     0    00001100    00000000     

.init_array 
*          0    00001100    00000000     UNINITIALIZED

DACDMA     0    0000ffe0    00000002     
                  0000ffe0    00000002     rts430_eabi.lib : int00.asm.obj (.int00)

PORT2      0    0000ffe2    00000002     
                  0000ffe2    00000002     rts430_eabi.lib : int01.asm.obj (.int01)

USART1TX   0    0000ffe4    00000002     
                  0000ffe4    00000002     rts430_eabi.lib : int02.asm.obj (.int02)

USART1RX   0    0000ffe6    00000002     
                  0000ffe6    00000002     rts430_eabi.lib : int03.asm.obj (.int03)

PORT1      0    0000ffe8    00000002     
                  0000ffe8    00000002     main.obj (.int04)

TIMERA1    0    0000ffea    00000002     
                  0000ffea    00000002     rts430_eabi.lib : int05.asm.obj (.int05)

TIMERA0    0    0000ffec    00000002     
                  0000ffec    00000002     main.obj (.int06)

ADC12      0    0000ffee    00000002     
                  0000ffee    00000002     rts430_eabi.lib : int07.asm.obj (.int07)

USART0TX   0    0000fff0    00000002     
                  0000fff0    00000002     rts430_eabi.lib : int08.asm.obj (.int08)

USART0RX   0    0000fff2    00000002     
                  0000fff2    00000002     rts430_eabi.lib : int09.asm.obj (.int09)

WDT        0    0000fff4    00000002     
                  0000fff4    00000002     rts430_eabi.lib : int10.asm.obj (.int10)

COMPARATORA 
*          0    0000fff6    00000002     
                  0000fff6    00000002     rts430_eabi.lib : int11.asm.obj (.int11)

TIMERB1    0    0000fff8    00000002     
                  0000fff8    00000002     rts430_eabi.lib : int12.asm.obj (.int12)

TIMERB0    0    0000fffa    00000002     
                  0000fffa    00000002     rts430_eabi.lib : int13.asm.obj (.int13)

NMI        0    0000fffc    00000002     
                  0000fffc    00000002     rts430_eabi.lib : int14.asm.obj (.int14)

.reset     0    0000fffe    00000002     
                  0000fffe    00000002     rts430_eabi.lib : boot.c.obj (.reset)

MODULE SUMMARY

       Module                       code   ro data   rw data
       ------                       ----   -------   -------
    .\
       inf.obj                      468    0         2      
       main.obj                     232    4         62     
       lcd1602.obj                  192    0         0      
       interrupt.obj                48     0         0      
       Config.obj                   46     0         0      
    +--+----------------------------+------+---------+---------+
       Total:                       986    4         64     
                                                            
    C:\ti\ccsv8\tools\compiler\ti-cgt-msp430_18.1.2.LTS\lib\rts430_eabi.lib
       copy_decompress_lzss.c.obj   124    0         0      
       lsr16.asm.obj                76     0         0      
       autoinit.c.obj               66     0         0      
       lsl16.asm.obj                44     0         0      
       boot.c.obj                   28     2         0      
       div16u.asm.obj               22     0         0      
       copy_zero_init.c.obj         20     0         0      
       copy_decompress_none.c.obj   18     0         0      
       memcpy.c.obj                 18     0         0      
       epilog.asm.obj               16     0         0      
       isr_trap.asm.obj             8      0         0      
       exit.c.obj                   6      0         0      
       pre_init.c.obj               4      0         0      
       int00.asm.obj                0      2         0      
       int01.asm.obj                0      2         0      
       int02.asm.obj                0      2         0      
       int03.asm.obj                0      2         0      
       int05.asm.obj                0      2         0      
       int07.asm.obj                0      2         0      
       int08.asm.obj                0      2         0      
       int09.asm.obj                0      2         0      
       int10.asm.obj                0      2         0      
       int11.asm.obj                0      2         0      
       int12.asm.obj                0      2         0      
       int13.asm.obj                0      2         0      
       int14.asm.obj                0      2         0      
       startup.c.obj                2      0         0      
    +--+----------------------------+------+---------+---------+
       Total:                       452    28        0      
                                                            
       Stack:                       0      0         80     
       Linker Generated:            0      26        0      
    +--+----------------------------+------+---------+---------+
       Grand Total:                 1438   58        144    


LINKER GENERATED COPY TABLES

__TI_cinit_table @ 000016b0 records: 2, size/record: 4, table size: 8
	.data: load addr=0000169e, load size=00000008 bytes, run addr=00000236, run size=0000000a bytes, compression=lzss
	.bss: load addr=000016ac, load size=00000004 bytes, run addr=00000200, run size=00000036 bytes, compression=zero_init


LINKER GENERATED HANDLER TABLE

__TI_handler_table @ 000016a6 records: 3, size/record: 2, table size: 6
	index: 0, handler: __TI_zero_init
	index: 1, handler: __TI_decompress_lzss
	index: 2, handler: __TI_decompress_none


GLOBAL SYMBOLS: SORTED ALPHABETICALLY BY Name 

address   name                          
-------   ----                          
000001a0  ADC12CTL0                     
000001a2  ADC12CTL1                     
000001a6  ADC12IE                       
000001a4  ADC12IFG                      
000001a8  ADC12IV                       
00000080  ADC12MCTL0                    
00000081  ADC12MCTL1                    
0000008a  ADC12MCTL10                   
0000008b  ADC12MCTL11                   
0000008c  ADC12MCTL12                   
0000008d  ADC12MCTL13                   
0000008e  ADC12MCTL14                   
0000008f  ADC12MCTL15                   
00000082  ADC12MCTL2                    
00000083  ADC12MCTL3                    
00000084  ADC12MCTL4                    
00000085  ADC12MCTL5                    
00000086  ADC12MCTL6                    
00000087  ADC12MCTL7                    
00000088  ADC12MCTL8                    
00000089  ADC12MCTL9                    
00000140  ADC12MEM0                     
00000142  ADC12MEM1                     
00000154  ADC12MEM10                    
00000156  ADC12MEM11                    
00000158  ADC12MEM12                    
0000015a  ADC12MEM13                    
0000015c  ADC12MEM14                    
0000015e  ADC12MEM15                    
00000144  ADC12MEM2                     
00000146  ADC12MEM3                     
00000148  ADC12MEM4                     
0000014a  ADC12MEM5                     
0000014c  ADC12MEM6                     
0000014e  ADC12MEM7                     
00000150  ADC12MEM8                     
00000152  ADC12MEM9                     
00000057  BCSCTL1                       
00000058  BCSCTL2                       
00000232  BIT                           
00001692  C$$EXIT                       
00000059  CACTL1                        
0000005a  CACTL2                        
0000005b  CAPD                          
0000023a  CUR                           
00001534  Clock_Init                    
000001c0  DAC12_0CTL                    
000001c8  DAC12_0DAT                    
000001c2  DAC12_1CTL                    
000001ca  DAC12_1DAT                    
00000056  DCOCTL                        
000001e0  DMA0CTL                       
000001e4  DMA0DA                        
000001e2  DMA0SA                        
000001e6  DMA0SZ                        
000001e8  DMA1CTL                       
000001ec  DMA1DA                        
000001ea  DMA1SA                        
000001ee  DMA1SZ                        
000001f0  DMA2CTL                       
000001f4  DMA2DA                        
000001f2  DMA2SA                        
000001f6  DMA2SZ                        
00000122  DMACTL0                       
00000124  DMACTL1                       
00000128  FCTL1                         
0000012a  FCTL2                         
0000012c  FCTL3                         
00000072  I2CDCTL                       
00000076  I2CDRB                        
00000076  I2CDRW                        
00000050  I2CIE                         
00000051  I2CIFG                        
0000011c  I2CIV                         
00000052  I2CNDAT                       
00000118  I2COA                         
00000073  I2CPSC                        
0000011a  I2CSA                         
00000074  I2CSCLH                       
00000075  I2CSCLL                       
00000071  I2CTCTL                       
00000000  IE1                           
00000001  IE2                           
00000002  IFG1                          
00000003  IFG2                          
00000134  MAC                           
00000136  MACS                          
00000004  ME1                           
00000005  ME2                           
00000130  MPY                           
00000132  MPYS                          
00000138  OP2                           
00000022  P1DIR                         
00000025  P1IE                          
00000024  P1IES                         
00000023  P1IFG                         
00000020  P1IN                          
00000021  P1OUT                         
00000026  P1SEL                         
0000002a  P2DIR                         
0000002d  P2IE                          
0000002c  P2IES                         
0000002b  P2IFG                         
00000028  P2IN                          
00000029  P2OUT                         
0000002e  P2SEL                         
0000001a  P3DIR                         
00000018  P3IN                          
00000019  P3OUT                         
0000001b  P3SEL                         
0000001e  P4DIR                         
0000001c  P4IN                          
0000001d  P4OUT                         
0000001f  P4SEL                         
00000032  P5DIR                         
00000030  P5IN                          
00000031  P5OUT                         
00000033  P5SEL                         
00000036  P6DIR                         
00000034  P6IN                          
00000035  P6OUT                         
00000037  P6SEL                         
000014cc  Port1_ISR                     
00000233  RECV_FLAG                     
0000013c  RESHI                         
0000013a  RESLO                         
0000013e  SUMEXT                        
00000055  SVSCTL                        
00000172  TACCR0                        
00000174  TACCR1                        
00000176  TACCR2                        
00000162  TACCTL0                       
00000164  TACCTL1                       
00000166  TACCTL2                       
00000160  TACTL                         
0000012e  TAIV                          
00000170  TAR                           
00000192  TBCCR0                        
00000194  TBCCR1                        
00000196  TBCCR2                        
00000198  TBCCR3                        
0000019a  TBCCR4                        
0000019c  TBCCR5                        
0000019e  TBCCR6                        
00000182  TBCCTL0                       
00000184  TBCCTL1                       
00000186  TBCCTL2                       
00000188  TBCCTL3                       
0000018a  TBCCTL4                       
0000018c  TBCCTL5                       
0000018e  TBCCTL6                       
00000180  TBCTL                         
0000011e  TBIV                          
00000190  TBR                           
000015fe  Timer_A                       
00000074  U0BR0                         
00000075  U0BR1                         
00000070  U0CTL                         
00000073  U0MCTL                        
00000072  U0RCTL                        
00000076  U0RXBUF                       
00000071  U0TCTL                        
00000077  U0TXBUF                       
0000007c  U1BR0                         
0000007d  U1BR1                         
00000078  U1CTL                         
0000007b  U1MCTL                        
0000007a  U1RCTL                        
0000007e  U1RXBUF                       
00000079  U1TCTL                        
0000007f  U1TXBUF                       
00000234  VALUE                         
00000120  WDTCTL                        
00000a00  __STACK_END                   
00000050  __STACK_SIZE                  
000016b0  __TI_CINIT_Base               
000016b8  __TI_CINIT_Limit              
000016a6  __TI_Handler_Table_Base       
000016ac  __TI_Handler_Table_Limit      
0000168a  __TI_ISR_TRAP                 
0000148a  __TI_auto_init_nobinit_nopinit
00001356  __TI_decompress_lzss          
00001656  __TI_decompress_none          
0000ffe0  __TI_int00                    
0000ffe2  __TI_int01                    
0000ffe4  __TI_int02                    
0000ffe6  __TI_int03                    
0000ffe8  __TI_int04                    
0000ffea  __TI_int05                    
0000ffec  __TI_int06                    
0000ffee  __TI_int07                    
0000fff0  __TI_int08                    
0000fff2  __TI_int09                    
0000fff4  __TI_int10                    
0000fff6  __TI_int11                    
0000fff8  __TI_int12                    
0000fffa  __TI_int13                    
0000fffc  __TI_int14                    
ffffffff  __TI_pprof_out_hndl           
ffffffff  __TI_prof_data_size           
ffffffff  __TI_prof_data_start          
00001642  __TI_zero_init_nomemset       
ffffffff  __c_args__                    
0000162c  __mspabi_divu                 
00001686  __mspabi_func_epilog_1        
00001684  __mspabi_func_epilog_2        
00001682  __mspabi_func_epilog_3        
00001680  __mspabi_func_epilog_4        
0000167e  __mspabi_func_epilog_5        
0000167c  __mspabi_func_epilog_6        
0000167a  __mspabi_func_epilog_7        
0000162c  __mspabi_remu                 
00001562  __mspabi_slli                 
0000158a  __mspabi_slli_1               
00001578  __mspabi_slli_10              
00001576  __mspabi_slli_11              
00001574  __mspabi_slli_12              
00001572  __mspabi_slli_13              
00001570  __mspabi_slli_14              
0000156e  __mspabi_slli_15              
00001588  __mspabi_slli_2               
00001586  __mspabi_slli_3               
00001584  __mspabi_slli_4               
00001582  __mspabi_slli_5               
00001580  __mspabi_slli_6               
0000157e  __mspabi_slli_7               
0000157c  __mspabi_slli_8               
0000157a  __mspabi_slli_9               
0000143e  __mspabi_srli                 
00001484  __mspabi_srli_1               
00001460  __mspabi_srli_10              
0000145c  __mspabi_srli_11              
00001458  __mspabi_srli_12              
00001454  __mspabi_srli_13              
00001450  __mspabi_srli_14              
0000144c  __mspabi_srli_15              
00001480  __mspabi_srli_2               
0000147c  __mspabi_srli_3               
00001478  __mspabi_srli_4               
00001474  __mspabi_srli_5               
00001470  __mspabi_srli_6               
0000146c  __mspabi_srli_7               
00001468  __mspabi_srli_8               
00001464  __mspabi_srli_9               
000015e2  _c_int00_noargs               
0000fffe  _reset_vector                 
000009b0  _stack                        
0000169c  _system_post_cinit            
00001698  _system_pre_init              
00000235  a                             
00001692  abort                         
00000230  count                         
0000023b  curX                          
00000200  data                          
00001100  infrared_decode               
000013d2  init_1602                     
00001616  init_device                   
00001504  interrupt_init                
0000022c  ircode                        
000012be  main                          
00001668  memcpy                        
00000222  nums                          
00000238  paused                        
0000023e  sum                           
0000158e  wc_1602                       
000015b8  wd_1602                       
00000236  width                         


GLOBAL SYMBOLS: SORTED BY Symbol Address 

address   name                          
-------   ----                          
00000000  IE1                           
00000001  IE2                           
00000002  IFG1                          
00000003  IFG2                          
00000004  ME1                           
00000005  ME2                           
00000018  P3IN                          
00000019  P3OUT                         
0000001a  P3DIR                         
0000001b  P3SEL                         
0000001c  P4IN                          
0000001d  P4OUT                         
0000001e  P4DIR                         
0000001f  P4SEL                         
00000020  P1IN                          
00000021  P1OUT                         
00000022  P1DIR                         
00000023  P1IFG                         
00000024  P1IES                         
00000025  P1IE                          
00000026  P1SEL                         
00000028  P2IN                          
00000029  P2OUT                         
0000002a  P2DIR                         
0000002b  P2IFG                         
0000002c  P2IES                         
0000002d  P2IE                          
0000002e  P2SEL                         
00000030  P5IN                          
00000031  P5OUT                         
00000032  P5DIR                         
00000033  P5SEL                         
00000034  P6IN                          
00000035  P6OUT                         
00000036  P6DIR                         
00000037  P6SEL                         
00000050  I2CIE                         
00000050  __STACK_SIZE                  
00000051  I2CIFG                        
00000052  I2CNDAT                       
00000055  SVSCTL                        
00000056  DCOCTL                        
00000057  BCSCTL1                       
00000058  BCSCTL2                       
00000059  CACTL1                        
0000005a  CACTL2                        
0000005b  CAPD                          
00000070  U0CTL                         
00000071  I2CTCTL                       
00000071  U0TCTL                        
00000072  I2CDCTL                       
00000072  U0RCTL                        
00000073  I2CPSC                        
00000073  U0MCTL                        
00000074  I2CSCLH                       
00000074  U0BR0                         
00000075  I2CSCLL                       
00000075  U0BR1                         
00000076  I2CDRB                        
00000076  I2CDRW                        
00000076  U0RXBUF                       
00000077  U0TXBUF                       
00000078  U1CTL                         
00000079  U1TCTL                        
0000007a  U1RCTL                        
0000007b  U1MCTL                        
0000007c  U1BR0                         
0000007d  U1BR1                         
0000007e  U1RXBUF                       
0000007f  U1TXBUF                       
00000080  ADC12MCTL0                    
00000081  ADC12MCTL1                    
00000082  ADC12MCTL2                    
00000083  ADC12MCTL3                    
00000084  ADC12MCTL4                    
00000085  ADC12MCTL5                    
00000086  ADC12MCTL6                    
00000087  ADC12MCTL7                    
00000088  ADC12MCTL8                    
00000089  ADC12MCTL9                    
0000008a  ADC12MCTL10                   
0000008b  ADC12MCTL11                   
0000008c  ADC12MCTL12                   
0000008d  ADC12MCTL13                   
0000008e  ADC12MCTL14                   
0000008f  ADC12MCTL15                   
00000118  I2COA                         
0000011a  I2CSA                         
0000011c  I2CIV                         
0000011e  TBIV                          
00000120  WDTCTL                        
00000122  DMACTL0                       
00000124  DMACTL1                       
00000128  FCTL1                         
0000012a  FCTL2                         
0000012c  FCTL3                         
0000012e  TAIV                          
00000130  MPY                           
00000132  MPYS                          
00000134  MAC                           
00000136  MACS                          
00000138  OP2                           
0000013a  RESLO                         
0000013c  RESHI                         
0000013e  SUMEXT                        
00000140  ADC12MEM0                     
00000142  ADC12MEM1                     
00000144  ADC12MEM2                     
00000146  ADC12MEM3                     
00000148  ADC12MEM4                     
0000014a  ADC12MEM5                     
0000014c  ADC12MEM6                     
0000014e  ADC12MEM7                     
00000150  ADC12MEM8                     
00000152  ADC12MEM9                     
00000154  ADC12MEM10                    
00000156  ADC12MEM11                    
00000158  ADC12MEM12                    
0000015a  ADC12MEM13                    
0000015c  ADC12MEM14                    
0000015e  ADC12MEM15                    
00000160  TACTL                         
00000162  TACCTL0                       
00000164  TACCTL1                       
00000166  TACCTL2                       
00000170  TAR                           
00000172  TACCR0                        
00000174  TACCR1                        
00000176  TACCR2                        
00000180  TBCTL                         
00000182  TBCCTL0                       
00000184  TBCCTL1                       
00000186  TBCCTL2                       
00000188  TBCCTL3                       
0000018a  TBCCTL4                       
0000018c  TBCCTL5                       
0000018e  TBCCTL6                       
00000190  TBR                           
00000192  TBCCR0                        
00000194  TBCCR1                        
00000196  TBCCR2                        
00000198  TBCCR3                        
0000019a  TBCCR4                        
0000019c  TBCCR5                        
0000019e  TBCCR6                        
000001a0  ADC12CTL0                     
000001a2  ADC12CTL1                     
000001a4  ADC12IFG                      
000001a6  ADC12IE                       
000001a8  ADC12IV                       
000001c0  DAC12_0CTL                    
000001c2  DAC12_1CTL                    
000001c8  DAC12_0DAT                    
000001ca  DAC12_1DAT                    
000001e0  DMA0CTL                       
000001e2  DMA0SA                        
000001e4  DMA0DA                        
000001e6  DMA0SZ                        
000001e8  DMA1CTL                       
000001ea  DMA1SA                        
000001ec  DMA1DA                        
000001ee  DMA1SZ                        
000001f0  DMA2CTL                       
000001f2  DMA2SA                        
000001f4  DMA2DA                        
000001f6  DMA2SZ                        
00000200  data                          
00000222  nums                          
0000022c  ircode                        
00000230  count                         
00000232  BIT                           
00000233  RECV_FLAG                     
00000234  VALUE                         
00000235  a                             
00000236  width                         
00000238  paused                        
0000023a  CUR                           
0000023b  curX                          
0000023e  sum                           
000009b0  _stack                        
00000a00  __STACK_END                   
00001100  infrared_decode               
000012be  main                          
00001356  __TI_decompress_lzss          
000013d2  init_1602                     
0000143e  __mspabi_srli                 
0000144c  __mspabi_srli_15              
00001450  __mspabi_srli_14              
00001454  __mspabi_srli_13              
00001458  __mspabi_srli_12              
0000145c  __mspabi_srli_11              
00001460  __mspabi_srli_10              
00001464  __mspabi_srli_9               
00001468  __mspabi_srli_8               
0000146c  __mspabi_srli_7               
00001470  __mspabi_srli_6               
00001474  __mspabi_srli_5               
00001478  __mspabi_srli_4               
0000147c  __mspabi_srli_3               
00001480  __mspabi_srli_2               
00001484  __mspabi_srli_1               
0000148a  __TI_auto_init_nobinit_nopinit
000014cc  Port1_ISR                     
00001504  interrupt_init                
00001534  Clock_Init                    
00001562  __mspabi_slli                 
0000156e  __mspabi_slli_15              
00001570  __mspabi_slli_14              
00001572  __mspabi_slli_13              
00001574  __mspabi_slli_12              
00001576  __mspabi_slli_11              
00001578  __mspabi_slli_10              
0000157a  __mspabi_slli_9               
0000157c  __mspabi_slli_8               
0000157e  __mspabi_slli_7               
00001580  __mspabi_slli_6               
00001582  __mspabi_slli_5               
00001584  __mspabi_slli_4               
00001586  __mspabi_slli_3               
00001588  __mspabi_slli_2               
0000158a  __mspabi_slli_1               
0000158e  wc_1602                       
000015b8  wd_1602                       
000015e2  _c_int00_noargs               
000015fe  Timer_A                       
00001616  init_device                   
0000162c  __mspabi_divu                 
0000162c  __mspabi_remu                 
00001642  __TI_zero_init_nomemset       
00001656  __TI_decompress_none          
00001668  memcpy                        
0000167a  __mspabi_func_epilog_7        
0000167c  __mspabi_func_epilog_6        
0000167e  __mspabi_func_epilog_5        
00001680  __mspabi_func_epilog_4        
00001682  __mspabi_func_epilog_3        
00001684  __mspabi_func_epilog_2        
00001686  __mspabi_func_epilog_1        
0000168a  __TI_ISR_TRAP                 
00001692  C$$EXIT                       
00001692  abort                         
00001698  _system_pre_init              
0000169c  _system_post_cinit            
000016a6  __TI_Handler_Table_Base       
000016ac  __TI_Handler_Table_Limit      
000016b0  __TI_CINIT_Base               
000016b8  __TI_CINIT_Limit              
0000ffe0  __TI_int00                    
0000ffe2  __TI_int01                    
0000ffe4  __TI_int02                    
0000ffe6  __TI_int03                    
0000ffe8  __TI_int04                    
0000ffea  __TI_int05                    
0000ffec  __TI_int06                    
0000ffee  __TI_int07                    
0000fff0  __TI_int08                    
0000fff2  __TI_int09                    
0000fff4  __TI_int10                    
0000fff6  __TI_int11                    
0000fff8  __TI_int12                    
0000fffa  __TI_int13                    
0000fffc  __TI_int14                    
0000fffe  _reset_vector                 
ffffffff  __TI_pprof_out_hndl           
ffffffff  __TI_prof_data_size           
ffffffff  __TI_prof_data_start          
ffffffff  __c_args__                    

[267 symbols]
